134.96.211.2 - - [21/Apr/2008:03:40:48 +0200] "GET / HTTP/1.0" 200 22810 "-" "check_http/1.96 (nagios-plugins 1.4.5)"
134.96.211.2 - - [21/Apr/2008:03:45:47 +0200] "GET / HTTP/1.0" 200 22810 "-" "check_http/1.96 (nagios-plugins 1.4.5)"
134.96.211.2 - - [21/Apr/2008:03:50:48 +0200] "GET / HTTP/1.0" 200 22810 "-" "check_http/1.96 (nagios-plugins 1.4.5)"
134.96.211.2 - - [21/Apr/2008:03:55:47 +0200] "GET / HTTP/1.0" 200 22810 "-" "check_http/1.96 (nagios-plugins 1.4.5)"
134.96.211.2 - - [21/Apr/2008:04:00:48 +0200] "GET / HTTP/1.0" 200 22810 "-" "check_http/1.96 (nagios-plugins 1.4.5)"
134.96.211.2 - - [21/Apr/2008:04:05:47 +0200] "GET / HTTP/1.0" 200 22810 "-" "check_http/1.96 (nagios-plugins 1.4.5)"
80.237.209.89 - - [21/Apr/2008:04:10:41 +0200] "GET /railshoster_reseller HTTP/1.0" 200 12691 "-" "Acoon-Robot 4.0.0RC2 (http://www.acoon.de)"
134.96.211.2 - - [21/Apr/2008:04:10:47 +0200] "GET / HTTP/1.0" 200 22810 "-" "check_http/1.96 (nagios-plugins 1.4.5)"
134.96.211.2 - - [21/Apr/2008:04:15:47 +0200] "GET / HTTP/1.0" 200 22810 "-" "check_http/1.96 (nagios-plugins 1.4.5)"
134.96.211.2 - - [21/Apr/2008:04:20:48 +0200] "GET / HTTP/1.0" 200 22810 "-" "check_http/1.96 (nagios-plugins 1.4.5)"
134.96.211.2 - - [21/Apr/2008:04:25:47 +0200] "GET / HTTP/1.0" 200 22810 "-" "check_http/1.96 (nagios-plugins 1.4.5)"
134.96.211.2 - - [21/Apr/2008:04:30:47 +0200] "GET / HTTP/1.0" 200 22810 "-" "check_http/1.96 (nagios-plugins 1.4.5)"
134.96.211.2 - - [21/Apr/2008:04:35:48 +0200] "GET / HTTP/1.0" 200 22810 "-" "check_http/1.96 (nagios-plugins 1.4.5)"
80.237.209.89 - - [21/Apr/2008:04:40:23 +0200] "GET /railshoster_rueckruf HTTP/1.0" 200 10117 "-" "Acoon-Robot 4.0.0RC2 (http://www.acoon.de)"
134.96.211.2 - - [21/Apr/2008:04:40:47 +0200] "GET / HTTP/1.0" 200 22810 "-" "check_http/1.96 (nagios-plugins 1.4.5)"
134.96.211.2 - - [21/Apr/2008:04:45:48 +0200] "GET / HTTP/1.0" 200 22810 "-" "check_http/1.96 (nagios-plugins 1.4.5)"
134.96.211.2 - - [21/Apr/2008:04:50:47 +0200] "GET / HTTP/1.0" 200 22810 "-" "check_http/1.96 (nagios-plugins 1.4.5)"
134.96.211.2 - - [21/Apr/2008:04:55:47 +0200] "GET / HTTP/1.0" 200 22810 "-" "check_http/1.96 (nagios-plugins 1.4.5)"
134.96.211.2 - - [21/Apr/2008:05:00:48 +0200] "GET / HTTP/1.0" 200 22810 "-" "check_http/1.96 (nagios-plugins 1.4.5)"
134.96.211.2 - - [21/Apr/2008:05:05:47 +0200] "GET / HTTP/1.0" 200 22810 "-" "check_http/1.96 (nagios-plugins 1.4.5)"
80.237.209.89 - - [21/Apr/2008:05:06:27 +0200] "GET /railshoster_getting_started HTTP/1.0" 200 11357 "-" "Acoon-Robot 4.0.0RC2 (http://www.acoon.de)"
134.96.211.2 - - [21/Apr/2008:05:10:48 +0200] "GET / HTTP/1.0" 200 22810 "-" "check_http/1.96 (nagios-plugins 1.4.5)"
134.96.211.2 - - [21/Apr/2008:05:15:47 +0200] "GET / HTTP/1.0" 200 22810 "-" "check_http/1.96 (nagios-plugins 1.4.5)"
74.6.22.159 - - [21/Apr/2008:05:19:37 +0200] "GET /robots.txt HTTP/1.0" 200 372 "-" "Mozilla/5.0 (compatible; Yahoo! Slurp; http://help.yahoo.com/help/us/ysearch/slurp)"
74.6.11.252 - - [21/Apr/2008:05:19:37 +0200] "GET /rubyonrails_vserver HTTP/1.0" 200 4554 "-" "Mozilla/5.0 (compatible; Yahoo! Slurp; http://help.yahoo.com/help/us/ysearch/slurp)"
134.96.211.2 - - [21/Apr/2008:05:20:47 +0200] "GET / HTTP/1.0" 200 22810 "-" "check_http/1.96 (nagios-plugins 1.4.5)"
134.96.211.2 - - [21/Apr/2008:05:25:48 +0200] "GET / HTTP/1.0" 200 22810 "-" "check_http/1.96 (nagios-plugins 1.4.5)"
134.96.211.2 - - [21/Apr/2008:05:30:47 +0200] "GET / HTTP/1.0" 200 22810 "-" "check_http/1.96 (nagios-plugins 1.4.5)"
134.96.211.2 - - [21/Apr/2008:05:35:48 +0200] "GET / HTTP/1.0" 200 22810 "-" "check_http/1.96 (nagios-plugins 1.4.5)"
134.96.211.2 - - [21/Apr/2008:05:40:47 +0200] "GET / HTTP/1.0" 200 22810 "-" "check_http/1.96 (nagios-plugins 1.4.5)"
134.96.211.2 - - [21/Apr/2008:05:45:47 +0200] "GET / HTTP/1.0" 200 22810 "-" "check_http/1.96 (nagios-plugins 1.4.5)"
134.96.211.2 - - [21/Apr/2008:05:50:48 +0200] "GET / HTTP/1.0" 200 22810 "-" "check_http/1.96 (nagios-plugins 1.4.5)"
134.96.211.2 - - [21/Apr/2008:05:55:47 +0200] "GET / HTTP/1.0" 200 22810 "-" "check_http/1.96 (nagios-plugins 1.4.5)"
80.237.209.89 - - [21/Apr/2008:05:56:53 +0200] "GET /railshoster_kontakt HTTP/1.0" 200 10895 "-" "Acoon-Robot 4.0.0RC2 (http://www.acoon.de)"
134.96.211.2 - - [21/Apr/2008:06:00:47 +0200] "GET / HTTP/1.0" 200 22810 "-" "check_http/1.96 (nagios-plugins 1.4.5)"
134.96.211.2 - - [21/Apr/2008:06:05:48 +0200] "GET / HTTP/1.0" 200 22810 "-" "check_http/1.96 (nagios-plugins 1.4.5)"
134.96.211.2 - - [21/Apr/2008:06:10:47 +0200] "GET / HTTP/1.0" 200 22810 "-" "check_http/1.96 (nagios-plugins 1.4.5)"
134.96.211.2 - - [21/Apr/2008:06:15:48 +0200] "GET / HTTP/1.0" 200 22810 "-" "check_http/1.96 (nagios-plugins 1.4.5)"
134.96.211.2 - - [21/Apr/2008:06:20:47 +0200] "GET / HTTP/1.0" 200 22810 "-" "check_http/1.96 (nagios-plugins 1.4.5)"
134.96.211.2 - - [21/Apr/2008:06:25:48 +0200] "GET / HTTP/1.0" 200 22810 "-" "check_http/1.96 (nagios-plugins 1.4.5)"
80.237.209.89 - - [21/Apr/2008:06:28:49 +0200] "GET /railshoster_impressum HTTP/1.0" 200 6951 "-" "Acoon-Robot 4.0.0RC2 (http://www.acoon.de)"
134.96.211.2 - - [21/Apr/2008:06:30:47 +0200] "GET / HTTP/1.0" 200 22810 "-" "check_http/1.96 (nagios-plugins 1.4.5)"
134.96.211.2 - - [21/Apr/2008:06:35:47 +0200] "GET / HTTP/1.0" 200 22810 "-" "check_http/1.96 (nagios-plugins 1.4.5)"
134.96.211.2 - - [21/Apr/2008:06:40:48 +0200] "GET / HTTP/1.0" 200 22810 "-" "check_http/1.96 (nagios-plugins 1.4.5)"
134.96.211.2 - - [21/Apr/2008:06:45:47 +0200] "GET / HTTP/1.0" 200 22810 "-" "check_http/1.96 (nagios-plugins 1.4.5)"
134.96.211.2 - - [21/Apr/2008:06:50:48 +0200] "GET / HTTP/1.0" 200 22810 "-" "check_http/1.96 (nagios-plugins 1.4.5)"
134.96.211.2 - - [21/Apr/2008:06:55:47 +0200] "GET / HTTP/1.0" 200 22810 "-" "check_http/1.96 (nagios-plugins 1.4.5)"
65.55.212.123 - - [21/Apr/2008:06:57:16 +0200] "GET /robots.txt HTTP/1.0" 200 372 "-" "msnbot-media/1.0 (+http://search.msn.com/msnbot.htm)"
65.55.212.123 - - [21/Apr/2008:06:57:17 +0200] "GET /node/6 HTTP/1.0" 200 22585 "-" "msnbot-media/1.0 (+http://search.msn.com/msnbot.htm)"
134.96.211.2 - - [21/Apr/2008:07:00:47 +0200] "GET / HTTP/1.0" 200 22810 "-" "check_http/1.96 (nagios-plugins 1.4.5)"
134.96.211.2 - - [21/Apr/2008:07:05:48 +0200] "GET / HTTP/1.0" 200 22810 "-" "check_http/1.96 (nagios-plugins 1.4.5)"
134.96.211.2 - - [21/Apr/2008:07:10:47 +0200] "GET / HTTP/1.0" 200 22810 "-" "check_http/1.96 (nagios-plugins 1.4.5)"
134.96.211.2 - - [21/Apr/2008:07:15:47 +0200] "GET / HTTP/1.0" 200 22810 "-" "check_http/1.96 (nagios-plugins 1.4.5)"
134.96.211.2 - - [21/Apr/2008:07:20:48 +0200] "GET / HTTP/1.0" 200 22810 "-" "check_http/1.96 (nagios-plugins 1.4.5)"
134.96.211.2 - - [21/Apr/2008:07:25:47 +0200] "GET / HTTP/1.0" 200 22810 "-" "check_http/1.96 (nagios-plugins 1.4.5)"
134.96.211.2 - - [21/Apr/2008:07:30:48 +0200] "GET / HTTP/1.0" 200 22810 "-" "check_http/1.96 (nagios-plugins 1.4.5)"
134.96.211.2 - - [21/Apr/2008:07:35:47 +0200] "GET / HTTP/1.0" 200 22810 "-" "check_http/1.96 (nagios-plugins 1.4.5)"
134.96.211.2 - - [21/Apr/2008:07:40:48 +0200] "GET / HTTP/1.0" 200 22810 "-" "check_http/1.96 (nagios-plugins 1.4.5)"
134.96.211.2 - - [21/Apr/2008:07:45:48 +0200] "GET / HTTP/1.0" 200 22810 "-" "check_http/1.96 (nagios-plugins 1.4.5)"
134.96.211.2 - - [21/Apr/2008:07:50:47 +0200] "GET / HTTP/1.0" 200 22810 "-" "check_http/1.96 (nagios-plugins 1.4.5)"
134.96.211.2 - - [21/Apr/2008:07:55:48 +0200] "GET / HTTP/1.0" 200 22810 "-" "check_http/1.96 (nagios-plugins 1.4.5)"
134.96.211.2 - - [21/Apr/2008:08:00:47 +0200] "GET / HTTP/1.0" 200 22810 "-" "check_http/1.96 (nagios-plugins 1.4.5)"
134.96.211.2 - - [21/Apr/2008:08:05:48 +0200] "GET / HTTP/1.0" 200 22810 "-" "check_http/1.96 (nagios-plugins 1.4.5)"
134.96.211.2 - - [21/Apr/2008:08:10:47 +0200] "GET / HTTP/1.0" 200 22810 "-" "check_http/1.96 (nagios-plugins 1.4.5)"
134.96.211.2 - - [21/Apr/2008:08:15:47 +0200] "GET / HTTP/1.0" 200 22810 "-" "check_http/1.96 (nagios-plugins 1.4.5)"
134.96.211.2 - - [21/Apr/2008:08:20:47 +0200] "GET / HTTP/1.0" 200 22810 "-" "check_http/1.96 (nagios-plugins 1.4.5)"
66.231.188.90 - - [21/Apr/2008:08:24:06 +0200] "GET /robots.txt HTTP/1.0" 200 372 "-" "Gigabot/3.0 (http://www.gigablast.com/spider.html)"
66.231.188.52 - - [21/Apr/2008:08:24:06 +0200] "GET /railshoster_getting_started HTTP/1.0" 200 11357 "-" "Gigabot/3.0 (http://www.gigablast.com/spider.html)"
134.96.211.2 - - [21/Apr/2008:08:25:48 +0200] "GET / HTTP/1.0" 200 22810 "-" "check_http/1.96 (nagios-plugins 1.4.5)"
134.96.211.2 - - [21/Apr/2008:08:30:47 +0200] "GET / HTTP/1.0" 200 22810 "-" "check_http/1.96 (nagios-plugins 1.4.5)"
134.96.211.2 - - [21/Apr/2008:08:35:47 +0200] "GET / HTTP/1.0" 200 22810 "-" "check_http/1.96 (nagios-plugins 1.4.5)"
65.55.212.123 - - [21/Apr/2008:08:36:04 +0200] "GET /product_types/show/1 HTTP/1.0" 404 6033 "-" "msnbot-media/1.0 (+http://search.msn.com/msnbot.htm)"
134.96.211.2 - - [21/Apr/2008:08:40:47 +0200] "GET / HTTP/1.0" 200 22810 "-" "check_http/1.96 (nagios-plugins 1.4.5)"
134.96.211.2 - - [21/Apr/2008:08:45:47 +0200] "GET / HTTP/1.0" 200 22810 "-" "check_http/1.96 (nagios-plugins 1.4.5)"
134.96.211.2 - - [21/Apr/2008:08:50:48 +0200] "GET / HTTP/1.0" 200 22810 "-" "check_http/1.96 (nagios-plugins 1.4.5)"
134.96.211.2 - - [21/Apr/2008:08:55:47 +0200] "GET / HTTP/1.0" 200 22810 "-" "check_http/1.96 (nagios-plugins 1.4.5)"
134.96.211.2 - - [21/Apr/2008:09:00:47 +0200] "GET / HTTP/1.0" 200 22810 "-" "check_http/1.96 (nagios-plugins 1.4.5)"
134.96.211.2 - - [21/Apr/2008:09:05:47 +0200] "GET / HTTP/1.0" 200 22810 "-" "check_http/1.96 (nagios-plugins 1.4.5)"
74.6.8.107 - - [21/Apr/2008:09:09:13 +0200] "GET /robots.txt HTTP/1.0" 200 372 "-" "Mozilla/5.0 (compatible; Yahoo! Slurp; http://help.yahoo.com/help/us/ysearch/slurp)"
74.6.18.170 - - [21/Apr/2008:09:09:13 +0200] "GET /node/6?gclid=CJK5nKOuwZICFQOUaAodwHRncg HTTP/1.0" 200 22585 "-" "Mozilla/5.0 (compatible; Yahoo! Slurp; http://help.yahoo.com/help/us/ysearch/slurp)"
134.96.211.2 - - [21/Apr/2008:09:10:47 +0200] "GET / HTTP/1.0" 200 22810 "-" "check_http/1.96 (nagios-plugins 1.4.5)"
134.96.211.2 - - [21/Apr/2008:09:15:48 +0200] "GET / HTTP/1.0" 200 22810 "-" "check_http/1.96 (nagios-plugins 1.4.5)"
66.249.70.209 - - [21/Apr/2008:09:19:14 +0200] "GET /robots.txt HTTP/1.1" 200 372 "-" "Mozilla/5.0 (compatible; Googlebot/2.1; +http://www.google.com/bot.html)"
66.249.70.209 - - [21/Apr/2008:09:19:14 +0200] "GET /rubyonrails_deployment_capistrano HTTP/1.1" 200 3909 "-" "Mozilla/5.0 (compatible; Googlebot/2.1; +http://www.google.com/bot.html)"
134.96.211.2 - - [21/Apr/2008:09:20:47 +0200] "GET / HTTP/1.0" 200 22810 "-" "check_http/1.96 (nagios-plugins 1.4.5)"
134.96.211.2 - - [21/Apr/2008:09:25:48 +0200] "GET / HTTP/1.0" 200 22810 "-" "check_http/1.96 (nagios-plugins 1.4.5)"
134.96.211.2 - - [21/Apr/2008:09:30:47 +0200] "GET / HTTP/1.0" 200 22810 "-" "check_http/1.96 (nagios-plugins 1.4.5)"
134.96.211.2 - - [21/Apr/2008:09:35:48 +0200] "GET / HTTP/1.0" 200 22810 "-" "check_http/1.96 (nagios-plugins 1.4.5)"
134.96.211.2 - - [21/Apr/2008:09:40:47 +0200] "GET / HTTP/1.0" 200 22810 "-" "check_http/1.96 (nagios-plugins 1.4.5)"
74.6.24.250 - - [21/Apr/2008:09:40:57 +0200] "GET /product_types/show/1 HTTP/1.0" 404 6033 "-" "Mozilla/5.0 (compatible; Yahoo! Slurp; http://help.yahoo.com/help/us/ysearch/slurp)"
122.37.226.120 - - [21/Apr/2008:09:43:54 +0200] "GET /rubyonrails_hosting HTTP/1.0" 200 22585 "-" "-"
134.96.211.2 - - [21/Apr/2008:09:45:47 +0200] "GET / HTTP/1.0" 200 22810 "-" "check_http/1.96 (nagios-plugins 1.4.5)"
88.65.66.207 - - [21/Apr/2008:09:47:00 +0200] "GET /putty_ssh_keygen_public_private_windows HTTP/1.0" 200 3370 "http://www.google.de/search?hl=de&sa=X&oi=spell&resnum=0&ct=result&cd=1&q=putty+ssh-keygen&spell=1" "Mozilla/5.0 (Windows; U; Windows NT 5.1; de; rv:1.8.1.14) Gecko/20080404 Firefox/2.0.0.14"
88.65.66.207 - - [21/Apr/2008:09:47:00 +0200] "GET /misc/drupal.css HTTP/1.0" 200 11426 "http://www.railshoster.de/putty_ssh_keygen_public_private_windows" "Mozilla/5.0 (Windows; U; Windows NT 5.1; de; rv:1.8.1.14) Gecko/20080404 Firefox/2.0.0.14"
88.65.66.207 - - [21/Apr/2008:09:47:00 +0200] "GET /misc/drupal.js HTTP/1.0" 200 8863 "http://www.railshoster.de/putty_ssh_keygen_public_private_windows" "Mozilla/5.0 (Windows; U; Windows NT 5.1; de; rv:1.8.1.14) Gecko/20080404 Firefox/2.0.0.14"
88.65.66.207 - - [21/Apr/2008:09:47:00 +0200] "GET /modules/tinymce/tinymce/tinymce/jscripts/tiny_mce/tiny_mce.js HTTP/1.0" 200 136939 "http://www.railshoster.de/putty_ssh_keygen_public_private_windows" "Mozilla/5.0 (Windows; U; Windows NT 5.1; de; rv:1.8.1.14) Gecko/20080404 Firefox/2.0.0.14"
88.65.66.207 - - [21/Apr/2008:09:47:00 +0200] "GET /modules/tinymce/tinymce/tinymce/jscripts/tiny_mce/themes/advanced/editor_template.js HTTP/1.0" 200 40216 "http://www.railshoster.de/putty_ssh_keygen_public_private_windows" "Mozilla/5.0 (Windows; U; Windows NT 5.1; de; rv:1.8.1.14) Gecko/20080404 Firefox/2.0.0.14"
88.65.66.207 - - [21/Apr/2008:09:47:00 +0200] "GET /modules/tinymce/tinymce/tinymce/jscripts/tiny_mce/themes/advanced/langs/en.js HTTP/1.0" 200 2862 "http://www.railshoster.de/putty_ssh_keygen_public_private_windows" "Mozilla/5.0 (Windows; U; Windows NT 5.1; de; rv:1.8.1.14) Gecko/20080404 Firefox/2.0.0.14"
88.65.66.207 - - [21/Apr/2008:09:47:00 +0200] "GET /modules/tinymce/tinymce/tinymce/jscripts/tiny_mce/langs/en.js HTTP/1.0" 200 1650 "http://www.railshoster.de/putty_ssh_keygen_public_private_windows" "Mozilla/5.0 (Windows; U; Windows NT 5.1; de; rv:1.8.1.14) Gecko/20080404 Firefox/2.0.0.14"
88.65.66.207 - - [21/Apr/2008:09:47:01 +0200] "GET /modules/tinymce/tinymce/tinymce/jscripts/tiny_mce/themes/advanced/css/editor_ui.css HTTP/1.0" 200 7017 "http://www.railshoster.de/putty_ssh_keygen_public_private_windows" "Mozilla/5.0 (Windows; U; Windows NT 5.1; de; rv:1.8.1.14) Gecko/20080404 Firefox/2.0.0.14"
88.65.66.207 - - [21/Apr/2008:09:47:01 +0200] "GET /misc/collapse.js HTTP/1.0" 200 2208 "http://www.railshoster.de/putty_ssh_keygen_public_private_windows" "Mozilla/5.0 (Windows; U; Windows NT 5.1; de; rv:1.8.1.14) Gecko/20080404 Firefox/2.0.0.14"
88.65.66.207 - - [21/Apr/2008:09:47:01 +0200] "GET /modules/flash_gallery/flash_gallery.css HTTP/1.0" 200 49 "http://www.railshoster.de/putty_ssh_keygen_public_private_windows" "Mozilla/5.0 (Windows; U; Windows NT 5.1; de; rv:1.8.1.14) Gecko/20080404 Firefox/2.0.0.14"
88.65.66.207 - - [21/Apr/2008:09:47:01 +0200] "GET /modules/image/contrib/image_gallery/image_gallery.css HTTP/1.0" 200 491 "http://www.railshoster.de/putty_ssh_keygen_public_private_windows" "Mozilla/5.0 (Windows; U; Windows NT 5.1; de; rv:1.8.1.14) Gecko/20080404 Firefox/2.0.0.14"
88.65.66.207 - - [21/Apr/2008:09:47:01 +0200] "GET /modules/glossary/glossary.css HTTP/1.0" 200 571 "http://www.railshoster.de/putty_ssh_keygen_public_private_windows" "Mozilla/5.0 (Windows; U; Windows NT 5.1; de; rv:1.8.1.14) Gecko/20080404 Firefox/2.0.0.14"
88.65.66.207 - - [21/Apr/2008:09:47:01 +0200] "GET /themes/newsportal/style.css HTTP/1.0" 200 5213 "http://www.railshoster.de/putty_ssh_keygen_public_private_windows" "Mozilla/5.0 (Windows; U; Windows NT 5.1; de; rv:1.8.1.14) Gecko/20080404 Firefox/2.0.0.14"
88.65.66.207 - - [21/Apr/2008:09:47:01 +0200] "GET /misc/webfoundation.css HTTP/1.0" 200 292 "http://www.railshoster.de/putty_ssh_keygen_public_private_windows" "Mozilla/5.0 (Windows; U; Windows NT 5.1; de; rv:1.8.1.14) Gecko/20080404 Firefox/2.0.0.14"
88.65.66.207 - - [21/Apr/2008:09:47:01 +0200] "GET /files/images/generate_public_key_putty_windows.thumbnail.png HTTP/1.0" 200 7012 "http://www.railshoster.de/putty_ssh_keygen_public_private_windows" "Mozilla/5.0 (Windows; U; Windows NT 5.1; de; rv:1.8.1.14) Gecko/20080404 Firefox/2.0.0.14"
88.65.66.207 - - [21/Apr/2008:09:47:01 +0200] "GET /themes/newsportal/images/tab_bg.gif HTTP/1.0" 200 111 "http://www.railshoster.de/themes/newsportal/style.css" "Mozilla/5.0 (Windows; U; Windows NT 5.1; de; rv:1.8.1.14) Gecko/20080404 Firefox/2.0.0.14"
88.65.66.207 - - [21/Apr/2008:09:47:01 +0200] "GET /themes/newsportal/images/railshoster.png HTTP/1.0" 200 7264 "http://www.railshoster.de/themes/newsportal/style.css" "Mozilla/5.0 (Windows; U; Windows NT 5.1; de; rv:1.8.1.14) Gecko/20080404 Firefox/2.0.0.14"
88.65.66.207 - - [21/Apr/2008:09:47:01 +0200] "GET /themes/newsportal/images/side_bg.gif HTTP/1.0" 200 224 "http://www.railshoster.de/themes/newsportal/style.css" "Mozilla/5.0 (Windows; U; Windows NT 5.1; de; rv:1.8.1.14) Gecko/20080404 Firefox/2.0.0.14"
88.65.66.207 - - [21/Apr/2008:09:47:03 +0200] "GET /misc/menu-collapsed.png HTTP/1.0" 200 108 "http://www.railshoster.de/misc/drupal.css" "Mozilla/5.0 (Windows; U; Windows NT 5.1; de; rv:1.8.1.14) Gecko/20080404 Firefox/2.0.0.14"
88.65.66.207 - - [21/Apr/2008:09:47:03 +0200] "GET /files/favicon.ico HTTP/1.0" 200 1406 "-" "Mozilla/5.0 (Windows; U; Windows NT 5.1; de; rv:1.8.1.14) Gecko/20080404 Firefox/2.0.0.14"
88.65.66.207 - - [21/Apr/2008:09:47:03 +0200] "GET /files/favicon.ico HTTP/1.0" 200 1406 "-" "Mozilla/5.0 (Windows; U; Windows NT 5.1; de; rv:1.8.1.14) Gecko/20080404 Firefox/2.0.0.14"
88.65.66.207 - - [21/Apr/2008:09:47:10 +0200] "GET /files/generate_public_key_putty_windows_0.swf HTTP/1.0" 200 3336660 "http://www.railshoster.de/putty_ssh_keygen_public_private_windows" "Mozilla/5.0 (Windows; U; Windows NT 5.1; de; rv:1.8.1.14) Gecko/20080404 Firefox/2.0.0.14"
88.65.66.207 - - [21/Apr/2008:09:47:14 +0200] "GET /favicon.ico HTTP/1.0" 404 1873 "-" "Mozilla/5.0 (Windows; U; Windows NT 5.1; de; rv:1.8.1.14) Gecko/20080404 Firefox/2.0.0.14"
66.249.70.209 - - [21/Apr/2008:09:48:14 +0200] "GET /lighttpd_rubyonrails_ssl HTTP/1.1" 200 3420 "-" "Mozilla/5.0 (compatible; Googlebot/2.1; +http://www.google.com/bot.html)"
66.249.70.209 - - [21/Apr/2008:09:48:16 +0200] "GET /rubyonrails_index HTTP/1.1" 200 2484 "-" "Mozilla/5.0 (compatible; Googlebot/2.1; +http://www.google.com/bot.html)"
66.249.70.209 - - [21/Apr/2008:09:48:19 +0200] "GET /node/6 HTTP/1.1" 200 3516 "-" "Mozilla/5.0 (compatible; Googlebot/2.1; +http://www.google.com/bot.html)"
66.249.70.209 - - [21/Apr/2008:09:48:20 +0200] "GET /rubyonrails_hosting HTTP/1.1" 200 3516 "-" "Mozilla/5.0 (compatible; Googlebot/2.1; +http://www.google.com/bot.html)"
66.249.70.209 - - [21/Apr/2008:09:48:25 +0200] "GET /railshoster_getting_started HTTP/1.1" 304 - "-" "Mozilla/5.0 (compatible; Googlebot/2.1; +http://www.google.com/bot.html)"
134.96.211.2 - - [21/Apr/2008:09:50:47 +0200] "GET / HTTP/1.0" 200 22810 "-" "check_http/1.96 (nagios-plugins 1.4.5)"
92.194.105.148 - - [21/Apr/2008:09:52:43 +0200] "GET /putty_ssh_keygen_public_private_windows HTTP/1.1" 200 3370 "http://www.google.de/search?q=PuTTY+Key&ie=utf-8&oe=utf-8&aq=t&rls=org.mozilla:de:official&client=firefox-a" "Mozilla/5.0 (Windows; U; Windows NT 5.1; de; rv:1.8.1.14) Gecko/20080404 Firefox/2.0.0.14"
92.194.105.148 - - [21/Apr/2008:09:52:43 +0200] "GET /misc/drupal.css HTTP/1.1" 200 11426 "http://www.railshoster.de/putty_ssh_keygen_public_private_windows" "Mozilla/5.0 (Windows; U; Windows NT 5.1; de; rv:1.8.1.14) Gecko/20080404 Firefox/2.0.0.14"
92.194.105.148 - - [21/Apr/2008:09:52:43 +0200] "GET /misc/drupal.js HTTP/1.1" 200 8863 "http://www.railshoster.de/putty_ssh_keygen_public_private_windows" "Mozilla/5.0 (Windows; U; Windows NT 5.1; de; rv:1.8.1.14) Gecko/20080404 Firefox/2.0.0.14"
92.194.105.148 - - [21/Apr/2008:09:52:43 +0200] "GET /modules/tinymce/tinymce/tinymce/jscripts/tiny_mce/tiny_mce.js HTTP/1.1" 200 136939 "http://www.railshoster.de/putty_ssh_keygen_public_private_windows" "Mozilla/5.0 (Windows; U; Windows NT 5.1; de; rv:1.8.1.14) Gecko/20080404 Firefox/2.0.0.14"
92.194.105.148 - - [21/Apr/2008:09:52:44 +0200] "GET /modules/tinymce/tinymce/tinymce/jscripts/tiny_mce/themes/advanced/editor_template.js HTTP/1.1" 200 40216 "http://www.railshoster.de/putty_ssh_keygen_public_private_windows" "Mozilla/5.0 (Windows; U; Windows NT 5.1; de; rv:1.8.1.14) Gecko/20080404 Firefox/2.0.0.14"
92.194.105.148 - - [21/Apr/2008:09:52:44 +0200] "GET /modules/tinymce/tinymce/tinymce/jscripts/tiny_mce/themes/advanced/langs/en.js HTTP/1.1" 200 2862 "http://www.railshoster.de/putty_ssh_keygen_public_private_windows" "Mozilla/5.0 (Windows; U; Windows NT 5.1; de; rv:1.8.1.14) Gecko/20080404 Firefox/2.0.0.14"
92.194.105.148 - - [21/Apr/2008:09:52:44 +0200] "GET /modules/tinymce/tinymce/tinymce/jscripts/tiny_mce/langs/en.js HTTP/1.1" 200 1650 "http://www.railshoster.de/putty_ssh_keygen_public_private_windows" "Mozilla/5.0 (Windows; U; Windows NT 5.1; de; rv:1.8.1.14) Gecko/20080404 Firefox/2.0.0.14"
92.194.105.148 - - [21/Apr/2008:09:52:44 +0200] "GET /modules/tinymce/tinymce/tinymce/jscripts/tiny_mce/themes/advanced/css/editor_ui.css HTTP/1.1" 200 7017 "http://www.railshoster.de/putty_ssh_keygen_public_private_windows" "Mozilla/5.0 (Windows; U; Windows NT 5.1; de; rv:1.8.1.14) Gecko/20080404 Firefox/2.0.0.14"
92.194.105.148 - - [21/Apr/2008:09:52:44 +0200] "GET /misc/collapse.js HTTP/1.1" 200 2208 "http://www.railshoster.de/putty_ssh_keygen_public_private_windows" "Mozilla/5.0 (Windows; U; Windows NT 5.1; de; rv:1.8.1.14) Gecko/20080404 Firefox/2.0.0.14"
92.194.105.148 - - [21/Apr/2008:09:52:44 +0200] "GET /files/favicon.ico HTTP/1.1" 200 1406 "-" "Mozilla/5.0 (Windows; U; Windows NT 5.1; de; rv:1.8.1.14) Gecko/20080404 Firefox/2.0.0.14"
92.194.105.148 - - [21/Apr/2008:09:52:44 +0200] "GET /modules/flash_gallery/flash_gallery.css HTTP/1.1" 200 49 "http://www.railshoster.de/putty_ssh_keygen_public_private_windows" "Mozilla/5.0 (Windows; U; Windows NT 5.1; de; rv:1.8.1.14) Gecko/20080404 Firefox/2.0.0.14"
92.194.105.148 - - [21/Apr/2008:09:52:44 +0200] "GET /modules/image/contrib/image_gallery/image_gallery.css HTTP/1.1" 200 491 "http://www.railshoster.de/putty_ssh_keygen_public_private_windows" "Mozilla/5.0 (Windows; U; Windows NT 5.1; de; rv:1.8.1.14) Gecko/20080404 Firefox/2.0.0.14"
92.194.105.148 - - [21/Apr/2008:09:52:44 +0200] "GET /modules/glossary/glossary.css HTTP/1.1" 200 571 "http://www.railshoster.de/putty_ssh_keygen_public_private_windows" "Mozilla/5.0 (Windows; U; Windows NT 5.1; de; rv:1.8.1.14) Gecko/20080404 Firefox/2.0.0.14"
92.194.105.148 - - [21/Apr/2008:09:52:44 +0200] "GET /themes/newsportal/style.css HTTP/1.1" 200 5213 "http://www.railshoster.de/putty_ssh_keygen_public_private_windows" "Mozilla/5.0 (Windows; U; Windows NT 5.1; de; rv:1.8.1.14) Gecko/20080404 Firefox/2.0.0.14"
92.194.105.148 - - [21/Apr/2008:09:52:44 +0200] "GET /misc/webfoundation.css HTTP/1.1" 200 292 "http://www.railshoster.de/putty_ssh_keygen_public_private_windows" "Mozilla/5.0 (Windows; U; Windows NT 5.1; de; rv:1.8.1.14) Gecko/20080404 Firefox/2.0.0.14"
92.194.105.148 - - [21/Apr/2008:09:52:44 +0200] "GET /files/images/generate_public_key_putty_windows.thumbnail.png HTTP/1.1" 200 7012 "http://www.railshoster.de/putty_ssh_keygen_public_private_windows" "Mozilla/5.0 (Windows; U; Windows NT 5.1; de; rv:1.8.1.14) Gecko/20080404 Firefox/2.0.0.14"
92.194.105.148 - - [21/Apr/2008:09:52:45 +0200] "GET /themes/newsportal/images/railshoster.png HTTP/1.1" 200 7264 "http://www.railshoster.de/themes/newsportal/style.css" "Mozilla/5.0 (Windows; U; Windows NT 5.1; de; rv:1.8.1.14) Gecko/20080404 Firefox/2.0.0.14"
92.194.105.148 - - [21/Apr/2008:09:52:45 +0200] "GET /themes/newsportal/images/tab_bg.gif HTTP/1.1" 200 111 "http://www.railshoster.de/themes/newsportal/style.css" "Mozilla/5.0 (Windows; U; Windows NT 5.1; de; rv:1.8.1.14) Gecko/20080404 Firefox/2.0.0.14"
92.194.105.148 - - [21/Apr/2008:09:52:45 +0200] "GET /themes/newsportal/images/side_bg.gif HTTP/1.1" 200 224 "http://www.railshoster.de/themes/newsportal/style.css" "Mozilla/5.0 (Windows; U; Windows NT 5.1; de; rv:1.8.1.14) Gecko/20080404 Firefox/2.0.0.14"
92.194.105.148 - - [21/Apr/2008:09:52:45 +0200] "GET /misc/menu-collapsed.png HTTP/1.1" 200 108 "http://www.railshoster.de/misc/drupal.css" "Mozilla/5.0 (Windows; U; Windows NT 5.1; de; rv:1.8.1.14) Gecko/20080404 Firefox/2.0.0.14"
92.194.105.148 - - [21/Apr/2008:09:53:09 +0200] "GET /files/generate_public_key_putty_windows_0.swf HTTP/1.1" 200 3336660 "http://www.railshoster.de/putty_ssh_keygen_public_private_windows" "Mozilla/5.0 (Windows; U; Windows NT 5.1; de; rv:1.8.1.14) Gecko/20080404 Firefox/2.0.0.14"
92.194.105.148 - - [21/Apr/2008:09:53:28 +0200] "GET /favicon.ico HTTP/1.1" 404 1873 "-" "Mozilla/5.0 (Windows; U; Windows NT 5.1; de; rv:1.8.1.14) Gecko/20080404 Firefox/2.0.0.14"
92.194.105.148 - - [21/Apr/2008:09:53:38 +0200] "GET /files/generate_public_key_putty_windows_0.swf HTTP/1.1" 304 - "http://www.railshoster.de/putty_ssh_keygen_public_private_windows" "Mozilla/5.0 (Windows; U; Windows NT 5.1; de; rv:1.8.1.14) Gecko/20080404 Firefox/2.0.0.14"
134.96.211.2 - - [21/Apr/2008:09:55:47 +0200] "GET / HTTP/1.0" 200 22810 "-" "check_http/1.96 (nagios-plugins 1.4.5)"
92.194.105.148 - - [21/Apr/2008:09:55:52 +0200] "GET /files/generate_public_key_putty_windows_0.swf HTTP/1.1" 304 - "http://www.railshoster.de/putty_ssh_keygen_public_private_windows" "Mozilla/5.0 (Windows; U; Windows NT 5.1; de; rv:1.8.1.14) Gecko/20080404 Firefox/2.0.0.14"
92.194.105.148 - - [21/Apr/2008:09:56:27 +0200] "GET /files/generate_public_key_putty_windows_0.swf HTTP/1.1" 304 - "http://www.railshoster.de/putty_ssh_keygen_public_private_windows" "Mozilla/5.0 (Windows; U; Windows NT 5.1; de; rv:1.8.1.14) Gecko/20080404 Firefox/2.0.0.14"
88.65.66.207 - - [21/Apr/2008:09:58:19 +0200] "GET /favicon.ico HTTP/1.0" 404 1873 "-" "Mozilla/5.0 (Windows; U; Windows NT 5.1; de; rv:1.8.1.14) Gecko/20080404 Firefox/2.0.0.14"
92.194.105.148 - - [21/Apr/2008:09:59:40 +0200] "GET /files/generate_public_key_putty_windows_0.swf HTTP/1.1" 304 - "http://www.railshoster.de/putty_ssh_keygen_public_private_windows" "Mozilla/5.0 (Windows; U; Windows NT 5.1; de; rv:1.8.1.14) Gecko/20080404 Firefox/2.0.0.14"
134.96.211.2 - - [21/Apr/2008:10:00:48 +0200] "GET / HTTP/1.0" 200 22810 "-" "check_http/1.96 (nagios-plugins 1.4.5)"
134.96.211.2 - - [21/Apr/2008:10:05:47 +0200] "GET / HTTP/1.0" 200 22810 "-" "check_http/1.96 (nagios-plugins 1.4.5)"
217.110.99.218 - - [21/Apr/2008:10:06:10 +0200] "GET /node/6?gclid=CMPAwOTZ65ICFQyrQwodkxJh5Q HTTP/1.1" 200 22585 "http://www.google.de/search?q=rails+hosting&ie=utf-8&oe=utf-8&aq=t&rls=org.mozilla:de:official&client=firefox-a" "Mozilla/5.0 (Windows; U; Windows NT 5.1; de; rv:1.8.1.14) Gecko/20080404 Firefox/2.0.0.14"
217.110.99.218 - - [21/Apr/2008:10:06:17 +0200] "GET /misc/drupal.css HTTP/1.1" 200 11426 "http://railshoster.de/node/6?gclid=CMPAwOTZ65ICFQyrQwodkxJh5Q" "Mozilla/5.0 (Windows; U; Windows NT 5.1; de; rv:1.8.1.14) Gecko/20080404 Firefox/2.0.0.14"
217.110.99.218 - - [21/Apr/2008:10:06:17 +0200] "GET /files/favicon.ico HTTP/1.1" 200 1406 "-" "Mozilla/5.0 (Windows; U; Windows NT 5.1; de; rv:1.8.1.14) Gecko/20080404 Firefox/2.0.0.14"
217.110.99.218 - - [21/Apr/2008:10:06:17 +0200] "GET /modules/flash_gallery/flash_gallery.css HTTP/1.1" 200 49 "http://railshoster.de/node/6?gclid=CMPAwOTZ65ICFQyrQwodkxJh5Q" "Mozilla/5.0 (Windows; U; Windows NT 5.1; de; rv:1.8.1.14) Gecko/20080404 Firefox/2.0.0.14"
217.110.99.218 - - [21/Apr/2008:10:06:17 +0200] "GET /modules/image/contrib/image_gallery/image_gallery.css HTTP/1.1" 200 491 "http://railshoster.de/node/6?gclid=CMPAwOTZ65ICFQyrQwodkxJh5Q" "Mozilla/5.0 (Windows; U; Windows NT 5.1; de; rv:1.8.1.14) Gecko/20080404 Firefox/2.0.0.14"
217.110.99.218 - - [21/Apr/2008:10:06:17 +0200] "GET /modules/glossary/glossary.css HTTP/1.1" 200 571 "http://railshoster.de/node/6?gclid=CMPAwOTZ65ICFQyrQwodkxJh5Q" "Mozilla/5.0 (Windows; U; Windows NT 5.1; de; rv:1.8.1.14) Gecko/20080404 Firefox/2.0.0.14"
217.110.99.218 - - [21/Apr/2008:10:06:17 +0200] "GET /themes/newsportal/style.css HTTP/1.1" 200 5213 "http://railshoster.de/node/6?gclid=CMPAwOTZ65ICFQyrQwodkxJh5Q" "Mozilla/5.0 (Windows; U; Windows NT 5.1; de; rv:1.8.1.14) Gecko/20080404 Firefox/2.0.0.14"
217.110.99.218 - - [21/Apr/2008:10:06:17 +0200] "GET /misc/webfoundation.css HTTP/1.1" 200 292 "http://railshoster.de/node/6?gclid=CMPAwOTZ65ICFQyrQwodkxJh5Q" "Mozilla/5.0 (Windows; U; Windows NT 5.1; de; rv:1.8.1.14) Gecko/20080404 Firefox/2.0.0.14"
217.110.99.218 - - [21/Apr/2008:10:06:18 +0200] "GET /images/hoch.gif HTTP/1.1" 200 97 "http://railshoster.de/node/6?gclid=CMPAwOTZ65ICFQyrQwodkxJh5Q" "Mozilla/5.0 (Windows; U; Windows NT 5.1; de; rv:1.8.1.14) Gecko/20080404 Firefox/2.0.0.14"
217.110.99.218 - - [21/Apr/2008:10:06:18 +0200] "GET /images/bestellen.jpg?1201297173 HTTP/1.1" 200 1343 "http://railshoster.de/node/6?gclid=CMPAwOTZ65ICFQyrQwodkxJh5Q" "Mozilla/5.0 (Windows; U; Windows NT 5.1; de; rv:1.8.1.14) Gecko/20080404 Firefox/2.0.0.14"
217.110.99.218 - - [21/Apr/2008:10:06:18 +0200] "GET /themes/newsportal/images/railshoster.png HTTP/1.1" 200 7264 "http://railshoster.de/themes/newsportal/style.css" "Mozilla/5.0 (Windows; U; Windows NT 5.1; de; rv:1.8.1.14) Gecko/20080404 Firefox/2.0.0.14"
217.110.99.218 - - [21/Apr/2008:10:06:18 +0200] "GET /themes/newsportal/images/tab_bg.gif HTTP/1.1" 200 111 "http://railshoster.de/themes/newsportal/style.css" "Mozilla/5.0 (Windows; U; Windows NT 5.1; de; rv:1.8.1.14) Gecko/20080404 Firefox/2.0.0.14"
217.110.99.218 - - [21/Apr/2008:10:06:18 +0200] "GET /themes/newsportal/images/side_bg.gif HTTP/1.1" 200 224 "http://railshoster.de/themes/newsportal/style.css" "Mozilla/5.0 (Windows; U; Windows NT 5.1; de; rv:1.8.1.14) Gecko/20080404 Firefox/2.0.0.14"
217.110.99.218 - - [21/Apr/2008:10:07:02 +0200] "GET /node/6?gclid=CJrM3_3Z65ICFQo2QwodaGvi3g HTTP/1.1" 200 22585 "http://www.google.de/search?q=rails+hosting&ie=utf-8&oe=utf-8&aq=t&rls=org.mozilla:de:official&client=firefox-a" "Mozilla/5.0 (Windows; U; Windows NT 5.1; de; rv:1.8.1.14) Gecko/20080404 Firefox/2.0.0.14"
217.110.99.218 - - [21/Apr/2008:10:07:34 +0200] "GET /rubyonrails_vserver HTTP/1.1" 200 4554 "http://railshoster.de/node/6?gclid=CJrM3_3Z65ICFQo2QwodaGvi3g" "Mozilla/5.0 (Windows; U; Windows NT 5.1; de; rv:1.8.1.14) Gecko/20080404 Firefox/2.0.0.14"
217.110.99.218 - - [21/Apr/2008:10:07:34 +0200] "GET /misc/drupal.js HTTP/1.1" 200 8863 "http://railshoster.de/rubyonrails_vserver" "Mozilla/5.0 (Windows; U; Windows NT 5.1; de; rv:1.8.1.14) Gecko/20080404 Firefox/2.0.0.14"
217.110.99.218 - - [21/Apr/2008:10:07:34 +0200] "GET /modules/tinymce/tinymce/tinymce/jscripts/tiny_mce/tiny_mce.js HTTP/1.1" 200 136939 "http://railshoster.de/rubyonrails_vserver" "Mozilla/5.0 (Windows; U; Windows NT 5.1; de; rv:1.8.1.14) Gecko/20080404 Firefox/2.0.0.14"
217.110.99.218 - - [21/Apr/2008:10:07:35 +0200] "GET /modules/tinymce/tinymce/tinymce/jscripts/tiny_mce/themes/advanced/editor_template.js HTTP/1.1" 200 40216 "http://railshoster.de/rubyonrails_vserver" "Mozilla/5.0 (Windows; U; Windows NT 5.1; de; rv:1.8.1.14) Gecko/20080404 Firefox/2.0.0.14"
217.110.99.218 - - [21/Apr/2008:10:07:35 +0200] "GET /modules/tinymce/tinymce/tinymce/jscripts/tiny_mce/themes/advanced/langs/en.js HTTP/1.1" 200 2862 "http://railshoster.de/rubyonrails_vserver" "Mozilla/5.0 (Windows; U; Windows NT 5.1; de; rv:1.8.1.14) Gecko/20080404 Firefox/2.0.0.14"
217.110.99.218 - - [21/Apr/2008:10:07:35 +0200] "GET /modules/tinymce/tinymce/tinymce/jscripts/tiny_mce/langs/en.js HTTP/1.1" 200 1650 "http://railshoster.de/rubyonrails_vserver" "Mozilla/5.0 (Windows; U; Windows NT 5.1; de; rv:1.8.1.14) Gecko/20080404 Firefox/2.0.0.14"
217.110.99.218 - - [21/Apr/2008:10:07:35 +0200] "GET /modules/tinymce/tinymce/tinymce/jscripts/tiny_mce/themes/advanced/css/editor_ui.css HTTP/1.1" 200 7017 "http://railshoster.de/rubyonrails_vserver" "Mozilla/5.0 (Windows; U; Windows NT 5.1; de; rv:1.8.1.14) Gecko/20080404 Firefox/2.0.0.14"
217.110.99.218 - - [21/Apr/2008:10:07:35 +0200] "GET /misc/collapse.js HTTP/1.1" 200 2208 "http://railshoster.de/rubyonrails_vserver" "Mozilla/5.0 (Windows; U; Windows NT 5.1; de; rv:1.8.1.14) Gecko/20080404 Firefox/2.0.0.14"
217.110.99.218 - - [21/Apr/2008:10:07:35 +0200] "GET /files/rubyonrails_logo_spiegelung.png HTTP/1.1" 200 14880 "http://railshoster.de/rubyonrails_vserver" "Mozilla/5.0 (Windows; U; Windows NT 5.1; de; rv:1.8.1.14) Gecko/20080404 Firefox/2.0.0.14"
217.110.99.218 - - [21/Apr/2008:10:07:35 +0200] "GET /files/hoch.gif HTTP/1.1" 200 97 "http://railshoster.de/rubyonrails_vserver" "Mozilla/5.0 (Windows; U; Windows NT 5.1; de; rv:1.8.1.14) Gecko/20080404 Firefox/2.0.0.14"
217.110.99.218 - - [21/Apr/2008:10:07:35 +0200] "GET /files/bestellen.jpg HTTP/1.1" 200 2186 "http://railshoster.de/rubyonrails_vserver" "Mozilla/5.0 (Windows; U; Windows NT 5.1; de; rv:1.8.1.14) Gecko/20080404 Firefox/2.0.0.14"
217.110.99.218 - - [21/Apr/2008:10:07:36 +0200] "GET /misc/menu-collapsed.png HTTP/1.1" 200 108 "http://railshoster.de/misc/drupal.css" "Mozilla/5.0 (Windows; U; Windows NT 5.1; de; rv:1.8.1.14) Gecko/20080404 Firefox/2.0.0.14"
217.110.99.218 - - [21/Apr/2008:10:08:07 +0200] "GET /node/6?gclid=CJrM3_3Z65ICFQo2QwodaGvi3g HTTP/1.1" 200 3516 "http://www.google.de/search?q=rails+hosting&ie=utf-8&oe=utf-8&aq=t&rls=org.mozilla:de:official&client=firefox-a" "Mozilla/5.0 (Windows; U; Windows NT 5.1; de; rv:1.8.1.14) Gecko/20080404 Firefox/2.0.0.14"
217.110.99.218 - - [21/Apr/2008:10:08:35 +0200] "GET /subversion_svn HTTP/1.1" 200 4204 "http://railshoster.de/node/6?gclid=CJrM3_3Z65ICFQo2QwodaGvi3g" "Mozilla/5.0 (Windows; U; Windows NT 5.1; de; rv:1.8.1.14) Gecko/20080404 Firefox/2.0.0.14"
217.110.99.218 - - [21/Apr/2008:10:09:15 +0200] "GET /putty_ssh_keygen_public_private_windows HTTP/1.1" 200 10637 "http://railshoster.de/subversion_svn" "Mozilla/5.0 (Windows; U; Windows NT 5.1; de; rv:1.8.1.14) Gecko/20080404 Firefox/2.0.0.14"
217.110.99.218 - - [21/Apr/2008:10:09:15 +0200] "GET /files/images/generate_public_key_putty_windows.thumbnail.png HTTP/1.1" 200 7012 "http://railshoster.de/putty_ssh_keygen_public_private_windows" "Mozilla/5.0 (Windows; U; Windows NT 5.1; de; rv:1.8.1.14) Gecko/20080404 Firefox/2.0.0.14"
217.110.99.218 - - [21/Apr/2008:10:09:30 +0200] "GET /rubyonrails_bestellen HTTP/1.1" 200 15123 "http://railshoster.de/subversion_svn" "Mozilla/5.0 (Windows; U; Windows NT 5.1; de; rv:1.8.1.14) Gecko/20080404 Firefox/2.0.0.14"
217.110.99.218 - - [21/Apr/2008:10:09:31 +0200] "GET /files/hosting_bestellung_200.jpg HTTP/1.1" 200 10155 "http://railshoster.de/rubyonrails_bestellen" "Mozilla/5.0 (Windows; U; Windows NT 5.1; de; rv:1.8.1.14) Gecko/20080404 Firefox/2.0.0.14"
134.96.211.2 - - [21/Apr/2008:10:10:47 +0200] "GET / HTTP/1.0" 200 22810 "-" "check_http/1.96 (nagios-plugins 1.4.5)"
195.202.54.99 - - [21/Apr/2008:10:14:55 +0200] "GET /putty_ssh_keygen_public_private_windows HTTP/1.0" 200 3370 "http://www.google.de/search?hl=de&q=putty+keygen&btnG=Google-Suche&meta=" "Mozilla/5.0 (Windows; U; Windows NT 5.1; de; rv:1.8.1.14) Gecko/20080404 Firefox/2.0.0.14"
195.202.54.99 - - [21/Apr/2008:10:15:06 +0200] "GET /misc/drupal.css HTTP/1.0" 200 11426 "http://www.railshoster.de/putty_ssh_keygen_public_private_windows" "Mozilla/5.0 (Windows; U; Windows NT 5.1; de; rv:1.8.1.14) Gecko/20080404 Firefox/2.0.0.14"
195.202.54.99 - - [21/Apr/2008:10:15:06 +0200] "GET /misc/drupal.js HTTP/1.0" 200 8863 "http://www.railshoster.de/putty_ssh_keygen_public_private_windows" "Mozilla/5.0 (Windows; U; Windows NT 5.1; de; rv:1.8.1.14) Gecko/20080404 Firefox/2.0.0.14"
195.202.54.99 - - [21/Apr/2008:10:15:06 +0200] "GET /modules/tinymce/tinymce/tinymce/jscripts/tiny_mce/tiny_mce.js HTTP/1.0" 200 136939 "http://www.railshoster.de/putty_ssh_keygen_public_private_windows" "Mozilla/5.0 (Windows; U; Windows NT 5.1; de; rv:1.8.1.14) Gecko/20080404 Firefox/2.0.0.14"
195.202.54.99 - - [21/Apr/2008:10:15:06 +0200] "GET /modules/tinymce/tinymce/tinymce/jscripts/tiny_mce/themes/advanced/editor_template.js HTTP/1.0" 200 40216 "http://www.railshoster.de/putty_ssh_keygen_public_private_windows" "Mozilla/5.0 (Windows; U; Windows NT 5.1; de; rv:1.8.1.14) Gecko/20080404 Firefox/2.0.0.14"
195.202.54.99 - - [21/Apr/2008:10:15:06 +0200] "GET /modules/tinymce/tinymce/tinymce/jscripts/tiny_mce/themes/advanced/langs/en.js HTTP/1.0" 200 2862 "http://www.railshoster.de/putty_ssh_keygen_public_private_windows" "Mozilla/5.0 (Windows; U; Windows NT 5.1; de; rv:1.8.1.14) Gecko/20080404 Firefox/2.0.0.14"
195.202.54.99 - - [21/Apr/2008:10:15:07 +0200] "GET /modules/tinymce/tinymce/tinymce/jscripts/tiny_mce/langs/en.js HTTP/1.0" 200 1650 "http://www.railshoster.de/putty_ssh_keygen_public_private_windows" "Mozilla/5.0 (Windows; U; Windows NT 5.1; de; rv:1.8.1.14) Gecko/20080404 Firefox/2.0.0.14"
195.202.54.99 - - [21/Apr/2008:10:15:07 +0200] "GET /modules/tinymce/tinymce/tinymce/jscripts/tiny_mce/themes/advanced/css/editor_ui.css HTTP/1.0" 200 7017 "http://www.railshoster.de/putty_ssh_keygen_public_private_windows" "Mozilla/5.0 (Windows; U; Windows NT 5.1; de; rv:1.8.1.14) Gecko/20080404 Firefox/2.0.0.14"
195.202.54.99 - - [21/Apr/2008:10:15:07 +0200] "GET /misc/collapse.js HTTP/1.0" 200 2208 "http://www.railshoster.de/putty_ssh_keygen_public_private_windows" "Mozilla/5.0 (Windows; U; Windows NT 5.1; de; rv:1.8.1.14) Gecko/20080404 Firefox/2.0.0.14"
195.202.54.99 - - [21/Apr/2008:10:15:07 +0200] "GET /files/favicon.ico HTTP/1.0" 200 1406 "-" "Mozilla/5.0 (Windows; U; Windows NT 5.1; de; rv:1.8.1.14) Gecko/20080404 Firefox/2.0.0.14"
195.202.54.99 - - [21/Apr/2008:10:15:07 +0200] "GET /modules/flash_gallery/flash_gallery.css HTTP/1.0" 200 49 "http://www.railshoster.de/putty_ssh_keygen_public_private_windows" "Mozilla/5.0 (Windows; U; Windows NT 5.1; de; rv:1.8.1.14) Gecko/20080404 Firefox/2.0.0.14"
195.202.54.99 - - [21/Apr/2008:10:15:07 +0200] "GET /modules/image/contrib/image_gallery/image_gallery.css HTTP/1.0" 200 491 "http://www.railshoster.de/putty_ssh_keygen_public_private_windows" "Mozilla/5.0 (Windows; U; Windows NT 5.1; de; rv:1.8.1.14) Gecko/20080404 Firefox/2.0.0.14"
195.202.54.99 - - [21/Apr/2008:10:15:07 +0200] "GET /modules/glossary/glossary.css HTTP/1.0" 200 571 "http://www.railshoster.de/putty_ssh_keygen_public_private_windows" "Mozilla/5.0 (Windows; U; Windows NT 5.1; de; rv:1.8.1.14) Gecko/20080404 Firefox/2.0.0.14"
195.202.54.99 - - [21/Apr/2008:10:15:08 +0200] "GET /themes/newsportal/style.css HTTP/1.0" 200 5213 "http://www.railshoster.de/putty_ssh_keygen_public_private_windows" "Mozilla/5.0 (Windows; U; Windows NT 5.1; de; rv:1.8.1.14) Gecko/20080404 Firefox/2.0.0.14"
195.202.54.99 - - [21/Apr/2008:10:15:08 +0200] "GET /misc/webfoundation.css HTTP/1.0" 200 292 "http://www.railshoster.de/putty_ssh_keygen_public_private_windows" "Mozilla/5.0 (Windows; U; Windows NT 5.1; de; rv:1.8.1.14) Gecko/20080404 Firefox/2.0.0.14"
195.202.54.99 - - [21/Apr/2008:10:15:08 +0200] "GET /files/images/generate_public_key_putty_windows.thumbnail.png HTTP/1.0" 200 7012 "http://www.railshoster.de/putty_ssh_keygen_public_private_windows" "Mozilla/5.0 (Windows; U; Windows NT 5.1; de; rv:1.8.1.14) Gecko/20080404 Firefox/2.0.0.14"
195.202.54.99 - - [21/Apr/2008:10:15:08 +0200] "GET /themes/newsportal/images/tab_bg.gif HTTP/1.0" 200 111 "http://www.railshoster.de/themes/newsportal/style.css" "Mozilla/5.0 (Windows; U; Windows NT 5.1; de; rv:1.8.1.14) Gecko/20080404 Firefox/2.0.0.14"
195.202.54.99 - - [21/Apr/2008:10:15:08 +0200] "GET /themes/newsportal/images/side_bg.gif HTTP/1.0" 200 224 "http://www.railshoster.de/themes/newsportal/style.css" "Mozilla/5.0 (Windows; U; Windows NT 5.1; de; rv:1.8.1.14) Gecko/20080404 Firefox/2.0.0.14"
195.202.54.99 - - [21/Apr/2008:10:15:08 +0200] "GET /themes/newsportal/images/railshoster.png HTTP/1.0" 200 7264 "http://www.railshoster.de/themes/newsportal/style.css" "Mozilla/5.0 (Windows; U; Windows NT 5.1; de; rv:1.8.1.14) Gecko/20080404 Firefox/2.0.0.14"
195.202.54.99 - - [21/Apr/2008:10:15:08 +0200] "GET /misc/menu-collapsed.png HTTP/1.0" 200 108 "http://www.railshoster.de/misc/drupal.css" "Mozilla/5.0 (Windows; U; Windows NT 5.1; de; rv:1.8.1.14) Gecko/20080404 Firefox/2.0.0.14"
134.96.211.2 - - [21/Apr/2008:10:15:47 +0200] "GET / HTTP/1.0" 200 22810 "-" "check_http/1.96 (nagios-plugins 1.4.5)"
66.231.188.90 - - [21/Apr/2008:10:17:54 +0200] "GET /robots.txt HTTP/1.0" 200 372 "-" "Gigabot/3.0 (http://www.gigablast.com/spider.html)"
66.231.188.52 - - [21/Apr/2008:10:17:56 +0200] "GET /rubyonrails_installation HTTP/1.0" 200 10762 "-" "Gigabot/3.0 (http://www.gigablast.com/spider.html)"
134.96.211.2 - - [21/Apr/2008:10:20:47 +0200] "GET / HTTP/1.0" 200 22810 "-" "check_http/1.96 (nagios-plugins 1.4.5)"
134.96.211.2 - - [21/Apr/2008:10:25:47 +0200] "GET / HTTP/1.0" 200 22810 "-" "check_http/1.96 (nagios-plugins 1.4.5)"
134.96.211.2 - - [21/Apr/2008:10:30:48 +0200] "GET / HTTP/1.0" 200 22810 "-" "check_http/1.96 (nagios-plugins 1.4.5)"
134.96.211.2 - - [21/Apr/2008:10:35:47 +0200] "GET / HTTP/1.0" 200 22810 "-" "check_http/1.96 (nagios-plugins 1.4.5)"
82.99.30.32 - - [21/Apr/2008:10:35:58 +0200] "GET /files/installation_frei.png HTTP/1.0" 200 25545 "http://www.munax.com/referer.htm" "Mozilla/4.0 (compatible; MSIE 6.0; Windows NT 5.1)"
134.96.211.2 - - [21/Apr/2008:10:40:47 +0200] "GET / HTTP/1.0" 200 22810 "-" "check_http/1.96 (nagios-plugins 1.4.5)"
65.55.208.189 - - [21/Apr/2008:10:42:06 +0200] "GET /robots.txt HTTP/1.1" 200 372 "-" "msnbot/1.1 (+http://search.msn.com/msnbot.htm)"
65.55.208.189 - - [21/Apr/2008:10:42:06 +0200] "GET /node/8 HTTP/1.1" 200 3130 "-" "msnbot/1.1 (+http://search.msn.com/msnbot.htm)"
134.96.211.2 - - [21/Apr/2008:10:45:47 +0200] "GET / HTTP/1.0" 200 22810 "-" "check_http/1.96 (nagios-plugins 1.4.5)"
134.96.211.2 - - [21/Apr/2008:10:50:47 +0200] "GET / HTTP/1.0" 200 22810 "-" "check_http/1.96 (nagios-plugins 1.4.5)"
134.96.211.2 - - [21/Apr/2008:10:55:47 +0200] "GET / HTTP/1.0" 200 22810 "-" "check_http/1.96 (nagios-plugins 1.4.5)"
134.96.211.2 - - [21/Apr/2008:11:00:47 +0200] "GET / HTTP/1.0" 200 22810 "-" "check_http/1.96 (nagios-plugins 1.4.5)"
134.96.211.2 - - [21/Apr/2008:11:05:50 +0200] "GET / HTTP/1.0" 200 22810 "-" "check_http/1.96 (nagios-plugins 1.4.5)"
134.96.211.2 - - [21/Apr/2008:11:10:48 +0200] "GET / HTTP/1.0" 200 22810 "-" "check_http/1.96 (nagios-plugins 1.4.5)"
134.96.211.2 - - [21/Apr/2008:11:15:47 +0200] "GET / HTTP/1.0" 200 22810 "-" "check_http/1.96 (nagios-plugins 1.4.5)"
134.96.211.2 - - [21/Apr/2008:11:20:47 +0200] "GET / HTTP/1.0" 200 22810 "-" "check_http/1.96 (nagios-plugins 1.4.5)"
74.6.8.107 - - [21/Apr/2008:11:24:55 +0200] "GET /robots.txt HTTP/1.0" 200 372 "-" "Mozilla/5.0 (compatible; Yahoo! Slurp; http://help.yahoo.com/help/us/ysearch/slurp)"
74.6.26.45 - - [21/Apr/2008:11:24:55 +0200] "GET /node/6?gclid=CMXxr5bzk5ECFR9paAod1XiTNw HTTP/1.0" 200 22585 "-" "Mozilla/5.0 (compatible; Yahoo! Slurp; http://help.yahoo.com/help/us/ysearch/slurp)"
134.96.211.2 - - [21/Apr/2008:11:25:47 +0200] "GET / HTTP/1.0" 200 22810 "-" "check_http/1.96 (nagios-plugins 1.4.5)"
65.55.212.123 - - [21/Apr/2008:11:30:29 +0200] "GET /robots.txt HTTP/1.0" 200 372 "-" "msnbot-media/1.0 (+http://search.msn.com/msnbot.htm)"
65.55.212.123 - - [21/Apr/2008:11:30:29 +0200] "GET /rubyonrails_vserver HTTP/1.0" 200 26685 "-" "msnbot-media/1.0 (+http://search.msn.com/msnbot.htm)"
134.96.211.2 - - [21/Apr/2008:11:30:48 +0200] "GET / HTTP/1.0" 200 22810 "-" "check_http/1.96 (nagios-plugins 1.4.5)"
134.96.211.2 - - [21/Apr/2008:11:35:47 +0200] "GET / HTTP/1.0" 200 22810 "-" "check_http/1.96 (nagios-plugins 1.4.5)"
134.96.211.2 - - [21/Apr/2008:11:40:47 +0200] "GET / HTTP/1.0" 200 22810 "-" "check_http/1.96 (nagios-plugins 1.4.5)"
82.99.30.35 - - [21/Apr/2008:11:41:51 +0200] "GET /files/rubyonrails_logo_spiegelung.png HTTP/1.0" 200 14880 "http://www.munax.com/referer.htm" "Mozilla/4.0 (compatible; MSIE 6.0; Windows NT 5.1)"
82.99.30.35 - - [21/Apr/2008:11:41:51 +0200] "GET /files/railshoster_mirror.png HTTP/1.0" 200 12826 "http://www.munax.com/referer.htm" "Mozilla/4.0 (compatible; MSIE 6.0; Windows NT 5.1)"
134.96.211.2 - - [21/Apr/2008:11:45:47 +0200] "GET / HTTP/1.0" 200 22810 "-" "check_http/1.96 (nagios-plugins 1.4.5)"
134.96.211.2 - - [21/Apr/2008:11:50:48 +0200] "GET / HTTP/1.0" 200 22810 "-" "check_http/1.96 (nagios-plugins 1.4.5)"
134.96.211.2 - - [21/Apr/2008:11:55:47 +0200] "GET / HTTP/1.0" 200 22810 "-" "check_http/1.96 (nagios-plugins 1.4.5)"
134.96.211.2 - - [21/Apr/2008:12:00:47 +0200] "GET / HTTP/1.0" 200 22810 "-" "check_http/1.96 (nagios-plugins 1.4.5)"
87.122.2.30 - - [21/Apr/2008:12:02:07 +0200] "GET /putty_ssh_keygen_public_private_windows HTTP/1.1" 200 3370 "http://www.google.de/search?q=ssh+key+windows&ie=utf-8&oe=utf-8&aq=t&rls=com.ubuntu:de:official&client=firefox-a" "Mozilla/5.0 (X11; U; Linux i686; de; rv:1.8.1.13) Gecko/20080325 Ubuntu/7.10 (gutsy) Firefox/2.0.0.13"
87.122.2.30 - - [21/Apr/2008:12:02:07 +0200] "GET /misc/drupal.css HTTP/1.1" 200 11426 "http://www.railshoster.de/putty_ssh_keygen_public_private_windows" "Mozilla/5.0 (X11; U; Linux i686; de; rv:1.8.1.13) Gecko/20080325 Ubuntu/7.10 (gutsy) Firefox/2.0.0.13"
87.122.2.30 - - [21/Apr/2008:12:02:08 +0200] "GET /misc/drupal.js HTTP/1.1" 200 8863 "http://www.railshoster.de/putty_ssh_keygen_public_private_windows" "Mozilla/5.0 (X11; U; Linux i686; de; rv:1.8.1.13) Gecko/20080325 Ubuntu/7.10 (gutsy) Firefox/2.0.0.13"
87.122.2.30 - - [21/Apr/2008:12:02:08 +0200] "GET /modules/tinymce/tinymce/tinymce/jscripts/tiny_mce/tiny_mce.js HTTP/1.1" 200 136939 "http://www.railshoster.de/putty_ssh_keygen_public_private_windows" "Mozilla/5.0 (X11; U; Linux i686; de; rv:1.8.1.13) Gecko/20080325 Ubuntu/7.10 (gutsy) Firefox/2.0.0.13"
87.122.2.30 - - [21/Apr/2008:12:02:08 +0200] "GET /modules/tinymce/tinymce/tinymce/jscripts/tiny_mce/themes/advanced/editor_template.js HTTP/1.1" 200 40216 "http://www.railshoster.de/putty_ssh_keygen_public_private_windows" "Mozilla/5.0 (X11; U; Linux i686; de; rv:1.8.1.13) Gecko/20080325 Ubuntu/7.10 (gutsy) Firefox/2.0.0.13"
87.122.2.30 - - [21/Apr/2008:12:02:09 +0200] "GET /modules/tinymce/tinymce/tinymce/jscripts/tiny_mce/themes/advanced/langs/en.js HTTP/1.1" 200 2862 "http://www.railshoster.de/putty_ssh_keygen_public_private_windows" "Mozilla/5.0 (X11; U; Linux i686; de; rv:1.8.1.13) Gecko/20080325 Ubuntu/7.10 (gutsy) Firefox/2.0.0.13"
87.122.2.30 - - [21/Apr/2008:12:02:09 +0200] "GET /modules/tinymce/tinymce/tinymce/jscripts/tiny_mce/langs/en.js HTTP/1.1" 200 1650 "http://www.railshoster.de/putty_ssh_keygen_public_private_windows" "Mozilla/5.0 (X11; U; Linux i686; de; rv:1.8.1.13) Gecko/20080325 Ubuntu/7.10 (gutsy) Firefox/2.0.0.13"
87.122.2.30 - - [21/Apr/2008:12:02:09 +0200] "GET /modules/tinymce/tinymce/tinymce/jscripts/tiny_mce/themes/advanced/css/editor_ui.css HTTP/1.1" 200 7017 "http://www.railshoster.de/putty_ssh_keygen_public_private_windows" "Mozilla/5.0 (X11; U; Linux i686; de; rv:1.8.1.13) Gecko/20080325 Ubuntu/7.10 (gutsy) Firefox/2.0.0.13"
87.122.2.30 - - [21/Apr/2008:12:02:09 +0200] "GET /misc/collapse.js HTTP/1.1" 200 2208 "http://www.railshoster.de/putty_ssh_keygen_public_private_windows" "Mozilla/5.0 (X11; U; Linux i686; de; rv:1.8.1.13) Gecko/20080325 Ubuntu/7.10 (gutsy) Firefox/2.0.0.13"
87.122.2.30 - - [21/Apr/2008:12:02:09 +0200] "GET /files/favicon.ico HTTP/1.1" 200 1406 "-" "Mozilla/5.0 (X11; U; Linux i686; de; rv:1.8.1.13) Gecko/20080325 Ubuntu/7.10 (gutsy) Firefox/2.0.0.13"
87.122.2.30 - - [21/Apr/2008:12:02:09 +0200] "GET /modules/flash_gallery/flash_gallery.css HTTP/1.1" 200 49 "http://www.railshoster.de/putty_ssh_keygen_public_private_windows" "Mozilla/5.0 (X11; U; Linux i686; de; rv:1.8.1.13) Gecko/20080325 Ubuntu/7.10 (gutsy) Firefox/2.0.0.13"
87.122.2.30 - - [21/Apr/2008:12:02:09 +0200] "GET /modules/image/contrib/image_gallery/image_gallery.css HTTP/1.1" 200 491 "http://www.railshoster.de/putty_ssh_keygen_public_private_windows" "Mozilla/5.0 (X11; U; Linux i686; de; rv:1.8.1.13) Gecko/20080325 Ubuntu/7.10 (gutsy) Firefox/2.0.0.13"
87.122.2.30 - - [21/Apr/2008:12:02:09 +0200] "GET /modules/glossary/glossary.css HTTP/1.1" 200 571 "http://www.railshoster.de/putty_ssh_keygen_public_private_windows" "Mozilla/5.0 (X11; U; Linux i686; de; rv:1.8.1.13) Gecko/20080325 Ubuntu/7.10 (gutsy) Firefox/2.0.0.13"
87.122.2.30 - - [21/Apr/2008:12:02:09 +0200] "GET /themes/newsportal/style.css HTTP/1.1" 200 5213 "http://www.railshoster.de/putty_ssh_keygen_public_private_windows" "Mozilla/5.0 (X11; U; Linux i686; de; rv:1.8.1.13) Gecko/20080325 Ubuntu/7.10 (gutsy) Firefox/2.0.0.13"
87.122.2.30 - - [21/Apr/2008:12:02:09 +0200] "GET /misc/webfoundation.css HTTP/1.1" 200 292 "http://www.railshoster.de/putty_ssh_keygen_public_private_windows" "Mozilla/5.0 (X11; U; Linux i686; de; rv:1.8.1.13) Gecko/20080325 Ubuntu/7.10 (gutsy) Firefox/2.0.0.13"
87.122.2.30 - - [21/Apr/2008:12:02:09 +0200] "GET /files/images/generate_public_key_putty_windows.thumbnail.png HTTP/1.1" 200 7012 "http://www.railshoster.de/putty_ssh_keygen_public_private_windows" "Mozilla/5.0 (X11; U; Linux i686; de; rv:1.8.1.13) Gecko/20080325 Ubuntu/7.10 (gutsy) Firefox/2.0.0.13"
87.122.2.30 - - [21/Apr/2008:12:02:09 +0200] "GET /themes/newsportal/images/railshoster.png HTTP/1.1" 200 7264 "http://www.railshoster.de/themes/newsportal/style.css" "Mozilla/5.0 (X11; U; Linux i686; de; rv:1.8.1.13) Gecko/20080325 Ubuntu/7.10 (gutsy) Firefox/2.0.0.13"
87.122.2.30 - - [21/Apr/2008:12:02:09 +0200] "GET /themes/newsportal/images/tab_bg.gif HTTP/1.1" 200 111 "http://www.railshoster.de/themes/newsportal/style.css" "Mozilla/5.0 (X11; U; Linux i686; de; rv:1.8.1.13) Gecko/20080325 Ubuntu/7.10 (gutsy) Firefox/2.0.0.13"
87.122.2.30 - - [21/Apr/2008:12:02:09 +0200] "GET /themes/newsportal/images/side_bg.gif HTTP/1.1" 200 224 "http://www.railshoster.de/themes/newsportal/style.css" "Mozilla/5.0 (X11; U; Linux i686; de; rv:1.8.1.13) Gecko/20080325 Ubuntu/7.10 (gutsy) Firefox/2.0.0.13"
87.122.2.30 - - [21/Apr/2008:12:02:09 +0200] "GET /misc/menu-collapsed.png HTTP/1.1" 200 108 "http://www.railshoster.de/misc/drupal.css" "Mozilla/5.0 (X11; U; Linux i686; de; rv:1.8.1.13) Gecko/20080325 Ubuntu/7.10 (gutsy) Firefox/2.0.0.13"
