134.96.211.2 - - [21/Apr/2008:20:15:47 +0200] "GET / HTTP/1.0" 200 22810 "-" "check_http/1.96 (nagios-plugins 1.4.5)"
134.96.211.2 - - [21/Apr/2008:20:20:47 +0200] "GET / HTTP/1.0" 200 22810 "-" "check_http/1.96 (nagios-plugins 1.4.5)"
134.96.211.2 - - [21/Apr/2008:20:25:47 +0200] "GET / HTTP/1.0" 200 22810 "-" "check_http/1.96 (nagios-plugins 1.4.5)"
134.96.211.2 - - [21/Apr/2008:20:30:47 +0200] "GET / HTTP/1.0" 200 22810 "-" "check_http/1.96 (nagios-plugins 1.4.5)"
134.96.211.2 - - [21/Apr/2008:20:35:47 +0200] "GET / HTTP/1.0" 200 22810 "-" "check_http/1.96 (nagios-plugins 1.4.5)"
134.96.211.2 - - [21/Apr/2008:20:40:47 +0200] "GET / HTTP/1.0" 200 22810 "-" "check_http/1.96 (nagios-plugins 1.4.5)"
134.96.211.2 - - [21/Apr/2008:20:45:47 +0200] "GET / HTTP/1.0" 200 22810 "-" "check_http/1.96 (nagios-plugins 1.4.5)"
87.159.110.55 - - [21/Apr/2008:20:46:17 +0200] "GET / HTTP/1.1" 200 22810 "-" "Mozilla/5.0 (Windows; U; Windows NT 5.1; en-US; rv:1.8.1.3) Gecko/20070309 Firefox/2.0.0.3"
74.6.22.98 - - [21/Apr/2008:20:46:32 +0200] "GET /robots.txt HTTP/1.0" 200 372 "-" "Mozilla/5.0 (compatible; Yahoo! Slurp; http://help.yahoo.com/help/us/ysearch/slurp)"
74.6.26.152 - - [21/Apr/2008:20:46:34 +0200] "GET /rubyonrails_installation HTTP/1.0" 200 3467 "-" "Mozilla/5.0 (compatible; Yahoo! Slurp; http://help.yahoo.com/help/us/ysearch/slurp)"
134.96.211.2 - - [21/Apr/2008:20:50:47 +0200] "GET / HTTP/1.0" 200 22810 "-" "check_http/1.96 (nagios-plugins 1.4.5)"
81.170.222.136 - - [21/Apr/2008:20:53:22 +0200] "GET / HTTP/1.1" 200 3640 "http://www.google.com/search?client=safari&rls=de-de&q=ruby+on+rails+webhosting+site:de&ie=UTF-8&oe=UTF-8" "Mozilla/5.0 (Macintosh; U; PPC Mac OS X 10_5_2; de-de) AppleWebKit/525.13 (KHTML, like Gecko) Version/3.1 Safari/525.13"
81.170.222.136 - - [21/Apr/2008:20:53:22 +0200] "GET /themes/newsportal/style.css HTTP/1.1" 200 5213 "http://www.railshoster.de/" "Mozilla/5.0 (Macintosh; U; PPC Mac OS X 10_5_2; de-de) AppleWebKit/525.13 (KHTML, like Gecko) Version/3.1 Safari/525.13"
81.170.222.136 - - [21/Apr/2008:20:53:22 +0200] "GET /modules/image/contrib/image_gallery/image_gallery.css HTTP/1.1" 200 491 "http://www.railshoster.de/" "Mozilla/5.0 (Macintosh; U; PPC Mac OS X 10_5_2; de-de) AppleWebKit/525.13 (KHTML, like Gecko) Version/3.1 Safari/525.13"
81.170.222.136 - - [21/Apr/2008:20:53:22 +0200] "GET /modules/flash_gallery/flash_gallery.css HTTP/1.1" 200 49 "http://www.railshoster.de/" "Mozilla/5.0 (Macintosh; U; PPC Mac OS X 10_5_2; de-de) AppleWebKit/525.13 (KHTML, like Gecko) Version/3.1 Safari/525.13"
81.170.222.136 - - [21/Apr/2008:20:53:22 +0200] "GET /modules/glossary/glossary.css HTTP/1.1" 200 571 "http://www.railshoster.de/" "Mozilla/5.0 (Macintosh; U; PPC Mac OS X 10_5_2; de-de) AppleWebKit/525.13 (KHTML, like Gecko) Version/3.1 Safari/525.13"
81.170.222.136 - - [21/Apr/2008:20:53:22 +0200] "GET /images/bestellen.jpg?1201297173 HTTP/1.1" 200 1343 "http://www.railshoster.de/" "Mozilla/5.0 (Macintosh; U; PPC Mac OS X 10_5_2; de-de) AppleWebKit/525.13 (KHTML, like Gecko) Version/3.1 Safari/525.13"
81.170.222.136 - - [21/Apr/2008:20:53:22 +0200] "GET /misc/drupal.css HTTP/1.1" 200 11426 "http://www.railshoster.de/" "Mozilla/5.0 (Macintosh; U; PPC Mac OS X 10_5_2; de-de) AppleWebKit/525.13 (KHTML, like Gecko) Version/3.1 Safari/525.13"
81.170.222.136 - - [21/Apr/2008:20:53:22 +0200] "GET /files/favicon.ico HTTP/1.1" 200 1406 "http://www.railshoster.de/" "Mozilla/5.0 (Macintosh; U; PPC Mac OS X 10_5_2; de-de) AppleWebKit/525.13 (KHTML, like Gecko) Version/3.1 Safari/525.13"
81.170.222.136 - - [21/Apr/2008:20:53:22 +0200] "GET /images/hoch.gif HTTP/1.1" 200 97 "http://www.railshoster.de/" "Mozilla/5.0 (Macintosh; U; PPC Mac OS X 10_5_2; de-de) AppleWebKit/525.13 (KHTML, like Gecko) Version/3.1 Safari/525.13"
81.170.222.136 - - [21/Apr/2008:20:53:22 +0200] "GET /misc/webfoundation.css HTTP/1.1" 200 292 "http://www.railshoster.de/" "Mozilla/5.0 (Macintosh; U; PPC Mac OS X 10_5_2; de-de) AppleWebKit/525.13 (KHTML, like Gecko) Version/3.1 Safari/525.13"
81.170.222.136 - - [21/Apr/2008:20:53:22 +0200] "GET /themes/newsportal/images/side_bg.gif HTTP/1.1" 200 224 "http://www.railshoster.de/" "Mozilla/5.0 (Macintosh; U; PPC Mac OS X 10_5_2; de-de) AppleWebKit/525.13 (KHTML, like Gecko) Version/3.1 Safari/525.13"
81.170.222.136 - - [21/Apr/2008:20:53:22 +0200] "GET /themes/newsportal/images/railshoster.png HTTP/1.1" 200 7264 "http://www.railshoster.de/" "Mozilla/5.0 (Macintosh; U; PPC Mac OS X 10_5_2; de-de) AppleWebKit/525.13 (KHTML, like Gecko) Version/3.1 Safari/525.13"
81.170.222.136 - - [21/Apr/2008:20:53:22 +0200] "GET /misc/menu-expanded.png HTTP/1.1" 200 106 "http://www.railshoster.de/" "Mozilla/5.0 (Macintosh; U; PPC Mac OS X 10_5_2; de-de) AppleWebKit/525.13 (KHTML, like Gecko) Version/3.1 Safari/525.13"
81.170.222.136 - - [21/Apr/2008:20:53:22 +0200] "GET /misc/menu-collapsed.png HTTP/1.1" 200 108 "http://www.railshoster.de/" "Mozilla/5.0 (Macintosh; U; PPC Mac OS X 10_5_2; de-de) AppleWebKit/525.13 (KHTML, like Gecko) Version/3.1 Safari/525.13"
81.170.222.136 - - [21/Apr/2008:20:53:22 +0200] "GET /themes/newsportal/images/tab_bg.gif HTTP/1.1" 200 111 "http://www.railshoster.de/" "Mozilla/5.0 (Macintosh; U; PPC Mac OS X 10_5_2; de-de) AppleWebKit/525.13 (KHTML, like Gecko) Version/3.1 Safari/525.13"
81.170.222.136 - - [21/Apr/2008:20:53:22 +0200] "GET /misc/menu-leaf.png HTTP/1.1" 200 194 "http://www.railshoster.de/" "Mozilla/5.0 (Macintosh; U; PPC Mac OS X 10_5_2; de-de) AppleWebKit/525.13 (KHTML, like Gecko) Version/3.1 Safari/525.13"
134.96.211.2 - - [21/Apr/2008:20:55:47 +0200] "GET / HTTP/1.0" 200 22810 "-" "check_http/1.96 (nagios-plugins 1.4.5)"
66.249.70.209 - - [21/Apr/2008:20:55:59 +0200] "GET / HTTP/1.1" 304 - "-" "Mozilla/5.0 (compatible; Googlebot/2.1; +http://www.google.com/bot.html)"
81.170.222.136 - - [21/Apr/2008:20:58:47 +0200] "GET /node/11 HTTP/1.1" 200 4764 "http://www.railshoster.de/" "Mozilla/5.0 (Macintosh; U; PPC Mac OS X 10_5_2; de-de) AppleWebKit/525.13 (KHTML, like Gecko) Version/3.1 Safari/525.13"
81.170.222.136 - - [21/Apr/2008:20:58:48 +0200] "GET /misc/drupal.js HTTP/1.1" 200 8863 "http://www.railshoster.de/node/11" "Mozilla/5.0 (Macintosh; U; PPC Mac OS X 10_5_2; de-de) AppleWebKit/525.13 (KHTML, like Gecko) Version/3.1 Safari/525.13"
81.170.222.136 - - [21/Apr/2008:20:58:48 +0200] "GET /favicon.ico HTTP/1.1" 404 1873 "http://www.railshoster.de/node/11" "Mozilla/5.0 (Macintosh; U; PPC Mac OS X 10_5_2; de-de) AppleWebKit/525.13 (KHTML, like Gecko) Version/3.1 Safari/525.13"
81.170.222.136 - - [21/Apr/2008:20:58:48 +0200] "GET /modules/tinymce/tinymce/tinymce/jscripts/tiny_mce/tiny_mce.js HTTP/1.1" 200 136939 "http://www.railshoster.de/node/11" "Mozilla/5.0 (Macintosh; U; PPC Mac OS X 10_5_2; de-de) AppleWebKit/525.13 (KHTML, like Gecko) Version/3.1 Safari/525.13"
81.170.222.136 - - [21/Apr/2008:20:58:48 +0200] "GET /modules/tinymce/tinymce/tinymce/jscripts/tiny_mce/themes/advanced/editor_template.js HTTP/1.1" 200 40216 "http://www.railshoster.de/node/11" "Mozilla/5.0 (Macintosh; U; PPC Mac OS X 10_5_2; de-de) AppleWebKit/525.13 (KHTML, like Gecko) Version/3.1 Safari/525.13"
81.170.222.136 - - [21/Apr/2008:20:58:49 +0200] "GET /modules/tinymce/tinymce/tinymce/jscripts/tiny_mce/themes/advanced/langs/en.js HTTP/1.1" 200 2862 "http://www.railshoster.de/node/11" "Mozilla/5.0 (Macintosh; U; PPC Mac OS X 10_5_2; de-de) AppleWebKit/525.13 (KHTML, like Gecko) Version/3.1 Safari/525.13"
81.170.222.136 - - [21/Apr/2008:20:58:49 +0200] "GET /modules/tinymce/tinymce/tinymce/jscripts/tiny_mce/langs/en.js HTTP/1.1" 200 1650 "http://www.railshoster.de/node/11" "Mozilla/5.0 (Macintosh; U; PPC Mac OS X 10_5_2; de-de) AppleWebKit/525.13 (KHTML, like Gecko) Version/3.1 Safari/525.13"
81.170.222.136 - - [21/Apr/2008:20:58:49 +0200] "GET /modules/tinymce/tinymce/tinymce/jscripts/tiny_mce/themes/advanced/css/editor_ui.css HTTP/1.1" 200 7017 "http://www.railshoster.de/node/11" "Mozilla/5.0 (Macintosh; U; PPC Mac OS X 10_5_2; de-de) AppleWebKit/525.13 (KHTML, like Gecko) Version/3.1 Safari/525.13"
81.170.222.136 - - [21/Apr/2008:20:58:49 +0200] "GET /misc/collapse.js HTTP/1.1" 200 2208 "http://www.railshoster.de/node/11" "Mozilla/5.0 (Macintosh; U; PPC Mac OS X 10_5_2; de-de) AppleWebKit/525.13 (KHTML, like Gecko) Version/3.1 Safari/525.13"
134.96.211.2 - - [21/Apr/2008:21:00:47 +0200] "GET / HTTP/1.0" 200 22810 "-" "check_http/1.96 (nagios-plugins 1.4.5)"
81.170.222.136 - - [21/Apr/2008:21:01:43 +0200] "GET /railshoster_kontakt HTTP/1.1" 200 3129 "http://www.railshoster.de/node/11" "Mozilla/5.0 (Macintosh; U; PPC Mac OS X 10_5_2; de-de) AppleWebKit/525.13 (KHTML, like Gecko) Version/3.1 Safari/525.13"
134.96.211.2 - - [21/Apr/2008:21:05:47 +0200] "GET / HTTP/1.0" 200 22810 "-" "check_http/1.96 (nagios-plugins 1.4.5)"
81.170.222.136 - - [21/Apr/2008:21:06:26 +0200] "POST /railshoster_kontakt HTTP/1.1" 302 - "http://www.railshoster.de/railshoster_kontakt" "Mozilla/5.0 (Macintosh; U; PPC Mac OS X 10_5_2; de-de) AppleWebKit/525.13 (KHTML, like Gecko) Version/3.1 Safari/525.13"
81.170.222.136 - - [21/Apr/2008:21:06:27 +0200] "GET /webform/done/8 HTTP/1.1" 200 6315 "http://www.railshoster.de/railshoster_kontakt" "Mozilla/5.0 (Macintosh; U; PPC Mac OS X 10_5_2; de-de) AppleWebKit/525.13 (KHTML, like Gecko) Version/3.1 Safari/525.13"
81.170.222.136 - - [21/Apr/2008:21:06:34 +0200] "GET /rubyonrails_index HTTP/1.1" 200 2484 "http://www.railshoster.de/webform/done/8" "Mozilla/5.0 (Macintosh; U; PPC Mac OS X 10_5_2; de-de) AppleWebKit/525.13 (KHTML, like Gecko) Version/3.1 Safari/525.13"
81.170.222.136 - - [21/Apr/2008:21:06:34 +0200] "GET /files/railshoster_mirror.png HTTP/1.1" 200 12826 "http://www.railshoster.de/rubyonrails_index" "Mozilla/5.0 (Macintosh; U; PPC Mac OS X 10_5_2; de-de) AppleWebKit/525.13 (KHTML, like Gecko) Version/3.1 Safari/525.13"
81.170.222.136 - - [21/Apr/2008:21:06:34 +0200] "GET /files/rubyonrails_logo_spiegelung.png HTTP/1.1" 200 14880 "http://www.railshoster.de/rubyonrails_index" "Mozilla/5.0 (Macintosh; U; PPC Mac OS X 10_5_2; de-de) AppleWebKit/525.13 (KHTML, like Gecko) Version/3.1 Safari/525.13"
81.170.222.136 - - [21/Apr/2008:21:08:05 +0200] "GET /filter/tips HTTP/1.1" 200 3172 "http://www.google.com/search?client=safari&rls=de-de&q=railshoster.de&ie=UTF-8&oe=UTF-8" "Mozilla/5.0 (Macintosh; U; PPC Mac OS X 10_5_2; de-de) AppleWebKit/525.13 (KHTML, like Gecko) Version/3.1 Safari/525.13"
81.170.222.136 - - [21/Apr/2008:21:08:05 +0200] "GET /modules/glossary/glossary.css HTTP/1.1" 200 571 "http://hosting.webfoundation.info/filter/tips" "Mozilla/5.0 (Macintosh; U; PPC Mac OS X 10_5_2; de-de) AppleWebKit/525.13 (KHTML, like Gecko) Version/3.1 Safari/525.13"
81.170.222.136 - - [21/Apr/2008:21:08:05 +0200] "GET /misc/webfoundation.css HTTP/1.1" 200 292 "http://hosting.webfoundation.info/filter/tips" "Mozilla/5.0 (Macintosh; U; PPC Mac OS X 10_5_2; de-de) AppleWebKit/525.13 (KHTML, like Gecko) Version/3.1 Safari/525.13"
81.170.222.136 - - [21/Apr/2008:21:08:05 +0200] "GET /themes/newsportal/style.css HTTP/1.1" 200 5213 "http://hosting.webfoundation.info/filter/tips" "Mozilla/5.0 (Macintosh; U; PPC Mac OS X 10_5_2; de-de) AppleWebKit/525.13 (KHTML, like Gecko) Version/3.1 Safari/525.13"
81.170.222.136 - - [21/Apr/2008:21:08:05 +0200] "GET /modules/image/contrib/image_gallery/image_gallery.css HTTP/1.1" 200 491 "http://hosting.webfoundation.info/filter/tips" "Mozilla/5.0 (Macintosh; U; PPC Mac OS X 10_5_2; de-de) AppleWebKit/525.13 (KHTML, like Gecko) Version/3.1 Safari/525.13"
81.170.222.136 - - [21/Apr/2008:21:08:05 +0200] "GET /modules/flash_gallery/flash_gallery.css HTTP/1.1" 200 49 "http://hosting.webfoundation.info/filter/tips" "Mozilla/5.0 (Macintosh; U; PPC Mac OS X 10_5_2; de-de) AppleWebKit/525.13 (KHTML, like Gecko) Version/3.1 Safari/525.13"
81.170.222.136 - - [21/Apr/2008:21:08:05 +0200] "GET /files/favicon.ico HTTP/1.1" 200 1406 "http://hosting.webfoundation.info/filter/tips" "Mozilla/5.0 (Macintosh; U; PPC Mac OS X 10_5_2; de-de) AppleWebKit/525.13 (KHTML, like Gecko) Version/3.1 Safari/525.13"
81.170.222.136 - - [21/Apr/2008:21:08:05 +0200] "GET /misc/drupal.css HTTP/1.1" 200 11426 "http://hosting.webfoundation.info/filter/tips" "Mozilla/5.0 (Macintosh; U; PPC Mac OS X 10_5_2; de-de) AppleWebKit/525.13 (KHTML, like Gecko) Version/3.1 Safari/525.13"
81.170.222.136 - - [21/Apr/2008:21:08:06 +0200] "GET /themes/newsportal/images/tab_bg.gif HTTP/1.1" 200 111 "http://hosting.webfoundation.info/filter/tips" "Mozilla/5.0 (Macintosh; U; PPC Mac OS X 10_5_2; de-de) AppleWebKit/525.13 (KHTML, like Gecko) Version/3.1 Safari/525.13"
81.170.222.136 - - [21/Apr/2008:21:08:06 +0200] "GET /misc/menu-leaf.png HTTP/1.1" 200 194 "http://hosting.webfoundation.info/filter/tips" "Mozilla/5.0 (Macintosh; U; PPC Mac OS X 10_5_2; de-de) AppleWebKit/525.13 (KHTML, like Gecko) Version/3.1 Safari/525.13"
81.170.222.136 - - [21/Apr/2008:21:08:06 +0200] "GET /themes/newsportal/images/side_bg.gif HTTP/1.1" 200 224 "http://hosting.webfoundation.info/filter/tips" "Mozilla/5.0 (Macintosh; U; PPC Mac OS X 10_5_2; de-de) AppleWebKit/525.13 (KHTML, like Gecko) Version/3.1 Safari/525.13"
81.170.222.136 - - [21/Apr/2008:21:08:06 +0200] "GET /misc/menu-collapsed.png HTTP/1.1" 200 108 "http://hosting.webfoundation.info/filter/tips" "Mozilla/5.0 (Macintosh; U; PPC Mac OS X 10_5_2; de-de) AppleWebKit/525.13 (KHTML, like Gecko) Version/3.1 Safari/525.13"
81.170.222.136 - - [21/Apr/2008:21:08:06 +0200] "GET /themes/newsportal/images/railshoster.png HTTP/1.1" 200 7264 "http://hosting.webfoundation.info/filter/tips" "Mozilla/5.0 (Macintosh; U; PPC Mac OS X 10_5_2; de-de) AppleWebKit/525.13 (KHTML, like Gecko) Version/3.1 Safari/525.13"
81.170.222.136 - - [21/Apr/2008:21:10:21 +0200] "GET /rubyonrails_hosting HTTP/1.1" 200 3516 "http://www.railshoster.de/rubyonrails_index" "Mozilla/5.0 (Macintosh; U; PPC Mac OS X 10_5_2; de-de) AppleWebKit/525.13 (KHTML, like Gecko) Version/3.1 Safari/525.13"
134.96.211.2 - - [21/Apr/2008:21:10:47 +0200] "GET / HTTP/1.0" 200 22810 "-" "check_http/1.96 (nagios-plugins 1.4.5)"
134.96.211.2 - - [21/Apr/2008:21:15:47 +0200] "GET / HTTP/1.0" 200 22810 "-" "check_http/1.96 (nagios-plugins 1.4.5)"
74.6.26.182 - - [21/Apr/2008:21:20:39 +0200] "GET /putty_ssh_keygen_public_private_windows?size=thumbnail HTTP/1.0" 200 10914 "-" "Mozilla/5.0 (compatible; Yahoo! Slurp; http://help.yahoo.com/help/us/ysearch/slurp)"
134.96.211.2 - - [21/Apr/2008:21:20:47 +0200] "GET / HTTP/1.0" 200 22810 "-" "check_http/1.96 (nagios-plugins 1.4.5)"
134.96.211.2 - - [21/Apr/2008:21:25:47 +0200] "GET / HTTP/1.0" 200 22810 "-" "check_http/1.96 (nagios-plugins 1.4.5)"
134.96.211.2 - - [21/Apr/2008:21:30:47 +0200] "GET / HTTP/1.0" 200 22810 "-" "check_http/1.96 (nagios-plugins 1.4.5)"
81.170.222.136 - - [21/Apr/2008:21:33:34 +0200] "GET /rubyonrails_installation HTTP/1.1" 200 3467 "http://www.railshoster.de/rubyonrails_hosting" "Mozilla/5.0 (Macintosh; U; PPC Mac OS X 10_5_2; de-de) AppleWebKit/525.13 (KHTML, like Gecko) Version/3.1 Safari/525.13"
81.170.222.136 - - [21/Apr/2008:21:33:35 +0200] "GET /files/bestellen.jpg HTTP/1.1" 200 2186 "http://www.railshoster.de/rubyonrails_installation" "Mozilla/5.0 (Macintosh; U; PPC Mac OS X 10_5_2; de-de) AppleWebKit/525.13 (KHTML, like Gecko) Version/3.1 Safari/525.13"
81.170.222.136 - - [21/Apr/2008:21:33:35 +0200] "GET /files/installation_frei.png HTTP/1.1" 200 25545 "http://www.railshoster.de/rubyonrails_installation" "Mozilla/5.0 (Macintosh; U; PPC Mac OS X 10_5_2; de-de) AppleWebKit/525.13 (KHTML, like Gecko) Version/3.1 Safari/525.13"
81.170.222.136 - - [21/Apr/2008:21:34:16 +0200] "GET /railshoster_reseller HTTP/1.1" 200 3526 "http://www.railshoster.de/rubyonrails_hosting" "Mozilla/5.0 (Macintosh; U; PPC Mac OS X 10_5_2; de-de) AppleWebKit/525.13 (KHTML, like Gecko) Version/3.1 Safari/525.13"
134.96.211.2 - - [21/Apr/2008:21:35:47 +0200] "GET / HTTP/1.0" 200 22810 "-" "check_http/1.96 (nagios-plugins 1.4.5)"
81.170.222.136 - - [21/Apr/2008:21:38:31 +0200] "GET /railshoster_getting_started HTTP/1.1" 200 3754 "http://www.railshoster.de/rubyonrails_hosting" "Mozilla/5.0 (Macintosh; U; PPC Mac OS X 10_5_2; de-de) AppleWebKit/525.13 (KHTML, like Gecko) Version/3.1 Safari/525.13"
81.170.222.136 - - [21/Apr/2008:21:38:42 +0200] "GET /rubyonrails_deployment_capistrano HTTP/1.1" 200 3909 "http://www.railshoster.de/railshoster_getting_started" "Mozilla/5.0 (Macintosh; U; PPC Mac OS X 10_5_2; de-de) AppleWebKit/525.13 (KHTML, like Gecko) Version/3.1 Safari/525.13"
81.170.222.136 - - [21/Apr/2008:21:38:43 +0200] "GET /files/images/subversion_alpha_instant_rails_deployment.thumbnail.jpg HTTP/1.1" 200 2648 "http://www.railshoster.de/rubyonrails_deployment_capistrano" "Mozilla/5.0 (Macintosh; U; PPC Mac OS X 10_5_2; de-de) AppleWebKit/525.13 (KHTML, like Gecko) Version/3.1 Safari/525.13"
134.96.211.2 - - [21/Apr/2008:21:40:47 +0200] "GET / HTTP/1.0" 200 22810 "-" "check_http/1.96 (nagios-plugins 1.4.5)"
66.249.70.209 - - [21/Apr/2008:21:41:02 +0200] "GET /robots.txt HTTP/1.1" 200 372 "-" "Mozilla/5.0 (compatible; Googlebot/2.1; +http://www.google.com/bot.html)"
66.249.70.209 - - [21/Apr/2008:21:41:02 +0200] "GET /node/29 HTTP/1.1" 200 10533 "-" "Mozilla/5.0 (compatible; Googlebot/2.1; +http://www.google.com/bot.html)"
66.249.70.209 - - [21/Apr/2008:21:41:07 +0200] "GET /robots.txt HTTP/1.1" 200 372 "-" "Mozilla/5.0 (compatible; Googlebot/2.1; +http://www.google.com/bot.html)"
66.249.70.209 - - [21/Apr/2008:21:41:07 +0200] "GET /rubyonrails_deployment_capistrano HTTP/1.1" 304 - "-" "Mozilla/5.0 (compatible; Googlebot/2.1; +http://www.google.com/bot.html)"
134.96.211.2 - - [21/Apr/2008:21:45:47 +0200] "GET / HTTP/1.0" 200 22810 "-" "check_http/1.96 (nagios-plugins 1.4.5)"
66.249.70.209 - - [21/Apr/2008:21:46:20 +0200] "GET /railshoster_impressum HTTP/1.1" 304 - "-" "Mozilla/5.0 (compatible; Googlebot/2.1; +http://www.google.com/bot.html)"
134.96.211.2 - - [21/Apr/2008:21:50:47 +0200] "GET / HTTP/1.0" 200 22810 "-" "check_http/1.96 (nagios-plugins 1.4.5)"
134.96.211.2 - - [21/Apr/2008:21:55:47 +0200] "GET / HTTP/1.0" 200 22810 "-" "check_http/1.96 (nagios-plugins 1.4.5)"
134.96.211.2 - - [21/Apr/2008:22:00:47 +0200] "GET / HTTP/1.0" 200 22810 "-" "check_http/1.96 (nagios-plugins 1.4.5)"
66.249.70.209 - - [21/Apr/2008:22:04:20 +0200] "GET /node/3 HTTP/1.1" 304 - "-" "Mozilla/5.0 (compatible; Googlebot/2.1; +http://www.google.com/bot.html)"
134.96.211.2 - - [21/Apr/2008:22:05:47 +0200] "GET / HTTP/1.0" 200 22810 "-" "check_http/1.96 (nagios-plugins 1.4.5)"
81.170.222.136 - - [21/Apr/2008:22:06:40 +0200] "GET /files/rails.png HTTP/1.1" 200 16531 "http://blog.stylesyndication.de/" "Mozilla/5.0 (Macintosh; U; PPC Mac OS X 10_5_2; de-de) AppleWebKit/525.13 (KHTML, like Gecko) Version/3.1 Safari/525.13"
66.249.70.209 - - [21/Apr/2008:22:09:12 +0200] "GET /node/29 HTTP/1.1" 200 10537 "-" "Mozilla/5.0 (compatible; Googlebot/2.1; +http://www.google.com/bot.html)"
66.249.70.209 - - [21/Apr/2008:22:10:00 +0200] "GET /rubyonrails_literatur_buch HTTP/1.1" 200 2108 "-" "Mozilla/5.0 (compatible; Googlebot/2.1; +http://www.google.com/bot.html)"
66.249.70.209 - - [21/Apr/2008:22:10:02 +0200] "GET /node/4 HTTP/1.1" 200 11578 "-" "Mozilla/5.0 (compatible; Googlebot/2.1; +http://www.google.com/bot.html)"
134.96.211.2 - - [21/Apr/2008:22:10:47 +0200] "GET / HTTP/1.0" 200 22810 "-" "check_http/1.96 (nagios-plugins 1.4.5)"
134.96.211.2 - - [21/Apr/2008:22:15:47 +0200] "GET / HTTP/1.0" 200 22810 "-" "check_http/1.96 (nagios-plugins 1.4.5)"
85.183.144.139 - - [21/Apr/2008:22:20:01 +0200] "GET / HTTP/1.1" 200 3640 "http://www.broschart.net/ruby-on-rails-hoster-in-deutschland/" "Mozilla/5.0 (Macintosh; U; PPC Mac OS X 10_5_2; en-us) AppleWebKit/525.18 (KHTML, like Gecko) Version/3.1.1 Safari/525.18"
85.183.144.139 - - [21/Apr/2008:22:20:02 +0200] "GET /themes/newsportal/style.css HTTP/1.1" 200 5213 "http://railshoster.de/" "Mozilla/5.0 (Macintosh; U; PPC Mac OS X 10_5_2; en-us) AppleWebKit/525.18 (KHTML, like Gecko) Version/3.1.1 Safari/525.18"
85.183.144.139 - - [21/Apr/2008:22:20:02 +0200] "GET /modules/glossary/glossary.css HTTP/1.1" 200 571 "http://railshoster.de/" "Mozilla/5.0 (Macintosh; U; PPC Mac OS X 10_5_2; en-us) AppleWebKit/525.18 (KHTML, like Gecko) Version/3.1.1 Safari/525.18"
85.183.144.139 - - [21/Apr/2008:22:20:02 +0200] "GET /misc/webfoundation.css HTTP/1.1" 200 292 "http://railshoster.de/" "Mozilla/5.0 (Macintosh; U; PPC Mac OS X 10_5_2; en-us) AppleWebKit/525.18 (KHTML, like Gecko) Version/3.1.1 Safari/525.18"
85.183.144.139 - - [21/Apr/2008:22:20:02 +0200] "GET /modules/flash_gallery/flash_gallery.css HTTP/1.1" 200 49 "http://railshoster.de/" "Mozilla/5.0 (Macintosh; U; PPC Mac OS X 10_5_2; en-us) AppleWebKit/525.18 (KHTML, like Gecko) Version/3.1.1 Safari/525.18"
85.183.144.139 - - [21/Apr/2008:22:20:02 +0200] "GET /modules/image/contrib/image_gallery/image_gallery.css HTTP/1.1" 200 491 "http://railshoster.de/" "Mozilla/5.0 (Macintosh; U; PPC Mac OS X 10_5_2; en-us) AppleWebKit/525.18 (KHTML, like Gecko) Version/3.1.1 Safari/525.18"
85.183.144.139 - - [21/Apr/2008:22:20:02 +0200] "GET /images/hoch.gif HTTP/1.1" 200 97 "http://railshoster.de/" "Mozilla/5.0 (Macintosh; U; PPC Mac OS X 10_5_2; en-us) AppleWebKit/525.18 (KHTML, like Gecko) Version/3.1.1 Safari/525.18"
85.183.144.139 - - [21/Apr/2008:22:20:02 +0200] "GET /images/bestellen.jpg?1201297173 HTTP/1.1" 200 1343 "http://railshoster.de/" "Mozilla/5.0 (Macintosh; U; PPC Mac OS X 10_5_2; en-us) AppleWebKit/525.18 (KHTML, like Gecko) Version/3.1.1 Safari/525.18"
85.183.144.139 - - [21/Apr/2008:22:20:02 +0200] "GET /files/favicon.ico HTTP/1.1" 200 1406 "http://railshoster.de/" "Mozilla/5.0 (Macintosh; U; PPC Mac OS X 10_5_2; en-us) AppleWebKit/525.18 (KHTML, like Gecko) Version/3.1.1 Safari/525.18"
85.183.144.139 - - [21/Apr/2008:22:20:02 +0200] "GET /misc/drupal.css HTTP/1.1" 200 11426 "http://railshoster.de/" "Mozilla/5.0 (Macintosh; U; PPC Mac OS X 10_5_2; en-us) AppleWebKit/525.18 (KHTML, like Gecko) Version/3.1.1 Safari/525.18"
85.183.144.139 - - [21/Apr/2008:22:20:02 +0200] "GET /themes/newsportal/images/side_bg.gif HTTP/1.1" 200 224 "http://railshoster.de/" "Mozilla/5.0 (Macintosh; U; PPC Mac OS X 10_5_2; en-us) AppleWebKit/525.18 (KHTML, like Gecko) Version/3.1.1 Safari/525.18"
85.183.144.139 - - [21/Apr/2008:22:20:02 +0200] "GET /themes/newsportal/images/railshoster.png HTTP/1.1" 200 7264 "http://railshoster.de/" "Mozilla/5.0 (Macintosh; U; PPC Mac OS X 10_5_2; en-us) AppleWebKit/525.18 (KHTML, like Gecko) Version/3.1.1 Safari/525.18"
85.183.144.139 - - [21/Apr/2008:22:20:02 +0200] "GET /misc/menu-leaf.png HTTP/1.1" 200 194 "http://railshoster.de/" "Mozilla/5.0 (Macintosh; U; PPC Mac OS X 10_5_2; en-us) AppleWebKit/525.18 (KHTML, like Gecko) Version/3.1.1 Safari/525.18"
85.183.144.139 - - [21/Apr/2008:22:20:02 +0200] "GET /misc/menu-collapsed.png HTTP/1.1" 200 108 "http://railshoster.de/" "Mozilla/5.0 (Macintosh; U; PPC Mac OS X 10_5_2; en-us) AppleWebKit/525.18 (KHTML, like Gecko) Version/3.1.1 Safari/525.18"
85.183.144.139 - - [21/Apr/2008:22:20:02 +0200] "GET /themes/newsportal/images/tab_bg.gif HTTP/1.1" 200 111 "http://railshoster.de/" "Mozilla/5.0 (Macintosh; U; PPC Mac OS X 10_5_2; en-us) AppleWebKit/525.18 (KHTML, like Gecko) Version/3.1.1 Safari/525.18"
85.183.144.139 - - [21/Apr/2008:22:20:02 +0200] "GET /misc/menu-expanded.png HTTP/1.1" 200 106 "http://railshoster.de/" "Mozilla/5.0 (Macintosh; U; PPC Mac OS X 10_5_2; en-us) AppleWebKit/525.18 (KHTML, like Gecko) Version/3.1.1 Safari/525.18"
134.96.211.2 - - [21/Apr/2008:22:20:47 +0200] "GET / HTTP/1.0" 200 22810 "-" "check_http/1.96 (nagios-plugins 1.4.5)"
134.96.211.2 - - [21/Apr/2008:22:25:47 +0200] "GET / HTTP/1.0" 200 22810 "-" "check_http/1.96 (nagios-plugins 1.4.5)"
134.96.211.2 - - [21/Apr/2008:22:30:47 +0200] "GET / HTTP/1.0" 200 22810 "-" "check_http/1.96 (nagios-plugins 1.4.5)"
84.59.117.102 - - [21/Apr/2008:22:30:55 +0200] "GET / HTTP/1.1" 200 3640 "http://www.google.de/search?q=hosting+ruby&ie=utf-8&oe=utf-8&aq=t&rls=org.mozilla:en-US:official&client=firefox-a" "Mozilla/5.0 (Windows; U; Windows NT 5.1; en-US; rv:1.8.1.14) Gecko/20080404 Firefox/2.0.0.14"
84.59.117.102 - - [21/Apr/2008:22:30:55 +0200] "GET /misc/drupal.css HTTP/1.1" 200 11426 "http://www.railshoster.de/" "Mozilla/5.0 (Windows; U; Windows NT 5.1; en-US; rv:1.8.1.14) Gecko/20080404 Firefox/2.0.0.14"
84.59.117.102 - - [21/Apr/2008:22:30:55 +0200] "GET /modules/flash_gallery/flash_gallery.css HTTP/1.1" 200 49 "http://www.railshoster.de/" "Mozilla/5.0 (Windows; U; Windows NT 5.1; en-US; rv:1.8.1.14) Gecko/20080404 Firefox/2.0.0.14"
84.59.117.102 - - [21/Apr/2008:22:30:55 +0200] "GET /modules/image/contrib/image_gallery/image_gallery.css HTTP/1.1" 200 491 "http://www.railshoster.de/" "Mozilla/5.0 (Windows; U; Windows NT 5.1; en-US; rv:1.8.1.14) Gecko/20080404 Firefox/2.0.0.14"
84.59.117.102 - - [21/Apr/2008:22:30:55 +0200] "GET /modules/glossary/glossary.css HTTP/1.1" 200 571 "http://www.railshoster.de/" "Mozilla/5.0 (Windows; U; Windows NT 5.1; en-US; rv:1.8.1.14) Gecko/20080404 Firefox/2.0.0.14"
84.59.117.102 - - [21/Apr/2008:22:30:55 +0200] "GET /themes/newsportal/style.css HTTP/1.1" 200 5213 "http://www.railshoster.de/" "Mozilla/5.0 (Windows; U; Windows NT 5.1; en-US; rv:1.8.1.14) Gecko/20080404 Firefox/2.0.0.14"
84.59.117.102 - - [21/Apr/2008:22:30:56 +0200] "GET /misc/webfoundation.css HTTP/1.1" 200 292 "http://www.railshoster.de/" "Mozilla/5.0 (Windows; U; Windows NT 5.1; en-US; rv:1.8.1.14) Gecko/20080404 Firefox/2.0.0.14"
84.59.117.102 - - [21/Apr/2008:22:30:56 +0200] "GET /images/hoch.gif HTTP/1.1" 200 97 "http://www.railshoster.de/" "Mozilla/5.0 (Windows; U; Windows NT 5.1; en-US; rv:1.8.1.14) Gecko/20080404 Firefox/2.0.0.14"
84.59.117.102 - - [21/Apr/2008:22:30:56 +0200] "GET /images/bestellen.jpg?1201297173 HTTP/1.1" 200 1343 "http://www.railshoster.de/" "Mozilla/5.0 (Windows; U; Windows NT 5.1; en-US; rv:1.8.1.14) Gecko/20080404 Firefox/2.0.0.14"
84.59.117.102 - - [21/Apr/2008:22:30:56 +0200] "GET /themes/newsportal/images/railshoster.png HTTP/1.1" 200 7264 "http://www.railshoster.de/themes/newsportal/style.css" "Mozilla/5.0 (Windows; U; Windows NT 5.1; en-US; rv:1.8.1.14) Gecko/20080404 Firefox/2.0.0.14"
84.59.117.102 - - [21/Apr/2008:22:30:56 +0200] "GET /themes/newsportal/images/tab_bg.gif HTTP/1.1" 200 111 "http://www.railshoster.de/themes/newsportal/style.css" "Mozilla/5.0 (Windows; U; Windows NT 5.1; en-US; rv:1.8.1.14) Gecko/20080404 Firefox/2.0.0.14"
84.59.117.102 - - [21/Apr/2008:22:30:56 +0200] "GET /themes/newsportal/images/side_bg.gif HTTP/1.1" 200 224 "http://www.railshoster.de/themes/newsportal/style.css" "Mozilla/5.0 (Windows; U; Windows NT 5.1; en-US; rv:1.8.1.14) Gecko/20080404 Firefox/2.0.0.14"
84.59.117.102 - - [21/Apr/2008:22:30:56 +0200] "GET /files/favicon.ico HTTP/1.1" 200 1406 "-" "Mozilla/5.0 (Windows; U; Windows NT 5.1; en-US; rv:1.8.1.14) Gecko/20080404 Firefox/2.0.0.14"
134.96.211.2 - - [21/Apr/2008:22:35:47 +0200] "GET / HTTP/1.0" 200 22810 "-" "check_http/1.96 (nagios-plugins 1.4.5)"
134.96.211.2 - - [21/Apr/2008:22:40:47 +0200] "GET / HTTP/1.0" 200 22810 "-" "check_http/1.96 (nagios-plugins 1.4.5)"
134.96.211.2 - - [21/Apr/2008:22:45:47 +0200] "GET / HTTP/1.0" 200 22810 "-" "check_http/1.96 (nagios-plugins 1.4.5)"
66.249.70.209 - - [21/Apr/2008:22:47:32 +0200] "GET /railshoster_impressum HTTP/1.1" 200 2133 "-" "Mozilla/5.0 (compatible; Googlebot/2.1; +http://www.google.com/bot.html)"
80.237.209.89 - - [21/Apr/2008:22:49:15 +0200] "GET /robots.txt HTTP/1.0" 200 372 "-" "Acoon-Robot 4.0.1 (http://www.acoon.de)"
80.237.209.89 - - [21/Apr/2008:22:49:15 +0200] "GET /node/9 HTTP/1.0" 200 6951 "-" "Acoon-Robot 4.0.1 (http://www.acoon.de)"
65.55.212.123 - - [21/Apr/2008:22:50:38 +0200] "GET /robots.txt HTTP/1.0" 200 372 "-" "msnbot-media/1.0 (+http://search.msn.com/msnbot.htm)"
65.55.212.123 - - [21/Apr/2008:22:50:38 +0200] "GET /product_types/show/1 HTTP/1.0" 404 6033 "-" "msnbot-media/1.0 (+http://search.msn.com/msnbot.htm)"
134.96.211.2 - - [21/Apr/2008:22:50:47 +0200] "GET / HTTP/1.0" 200 22810 "-" "check_http/1.96 (nagios-plugins 1.4.5)"
134.96.211.2 - - [21/Apr/2008:22:55:47 +0200] "GET / HTTP/1.0" 200 22810 "-" "check_http/1.96 (nagios-plugins 1.4.5)"
134.96.211.2 - - [21/Apr/2008:23:00:47 +0200] "GET / HTTP/1.0" 200 22810 "-" "check_http/1.96 (nagios-plugins 1.4.5)"
134.96.211.2 - - [21/Apr/2008:23:05:47 +0200] "GET / HTTP/1.0" 200 22810 "-" "check_http/1.96 (nagios-plugins 1.4.5)"
134.96.211.2 - - [21/Apr/2008:23:10:47 +0200] "GET / HTTP/1.0" 200 22810 "-" "check_http/1.96 (nagios-plugins 1.4.5)"
77.177.0.46 - - [21/Apr/2008:23:12:08 +0200] "GET / HTTP/1.1" 200 3640 "http://www.google.de/search?q=ruby+rails+hosting&ie=utf-8&oe=utf-8&aq=t&rls=org.mozilla:de:official&client=firefox-a" "Mozilla/5.0 (Windows; U; Windows NT 6.0; de; rv:1.8.1.14) Gecko/20080404 Firefox/2.0.0.14"
77.177.0.46 - - [21/Apr/2008:23:12:09 +0200] "GET /misc/drupal.css HTTP/1.1" 200 11426 "http://www.railshoster.de/" "Mozilla/5.0 (Windows; U; Windows NT 6.0; de; rv:1.8.1.14) Gecko/20080404 Firefox/2.0.0.14"
77.177.0.46 - - [21/Apr/2008:23:12:09 +0200] "GET /files/favicon.ico HTTP/1.1" 200 1406 "-" "Mozilla/5.0 (Windows; U; Windows NT 6.0; de; rv:1.8.1.14) Gecko/20080404 Firefox/2.0.0.14"
77.177.0.46 - - [21/Apr/2008:23:12:10 +0200] "GET /modules/flash_gallery/flash_gallery.css HTTP/1.1" 200 49 "http://www.railshoster.de/" "Mozilla/5.0 (Windows; U; Windows NT 6.0; de; rv:1.8.1.14) Gecko/20080404 Firefox/2.0.0.14"
77.177.0.46 - - [21/Apr/2008:23:12:10 +0200] "GET /modules/image/contrib/image_gallery/image_gallery.css HTTP/1.1" 200 491 "http://www.railshoster.de/" "Mozilla/5.0 (Windows; U; Windows NT 6.0; de; rv:1.8.1.14) Gecko/20080404 Firefox/2.0.0.14"
77.177.0.46 - - [21/Apr/2008:23:12:11 +0200] "GET /modules/glossary/glossary.css HTTP/1.1" 200 571 "http://www.railshoster.de/" "Mozilla/5.0 (Windows; U; Windows NT 6.0; de; rv:1.8.1.14) Gecko/20080404 Firefox/2.0.0.14"
77.177.0.46 - - [21/Apr/2008:23:12:11 +0200] "GET /themes/newsportal/style.css HTTP/1.1" 200 5213 "http://www.railshoster.de/" "Mozilla/5.0 (Windows; U; Windows NT 6.0; de; rv:1.8.1.14) Gecko/20080404 Firefox/2.0.0.14"
77.177.0.46 - - [21/Apr/2008:23:12:12 +0200] "GET /misc/webfoundation.css HTTP/1.1" 200 292 "http://www.railshoster.de/" "Mozilla/5.0 (Windows; U; Windows NT 6.0; de; rv:1.8.1.14) Gecko/20080404 Firefox/2.0.0.14"
77.177.0.46 - - [21/Apr/2008:23:12:12 +0200] "GET /themes/newsportal/images/railshoster.png HTTP/1.1" 200 7264 "http://www.railshoster.de/themes/newsportal/style.css" "Mozilla/5.0 (Windows; U; Windows NT 6.0; de; rv:1.8.1.14) Gecko/20080404 Firefox/2.0.0.14"
77.177.0.46 - - [21/Apr/2008:23:12:12 +0200] "GET /themes/newsportal/images/tab_bg.gif HTTP/1.1" 200 111 "http://www.railshoster.de/themes/newsportal/style.css" "Mozilla/5.0 (Windows; U; Windows NT 6.0; de; rv:1.8.1.14) Gecko/20080404 Firefox/2.0.0.14"
77.177.0.46 - - [21/Apr/2008:23:12:12 +0200] "GET /themes/newsportal/images/side_bg.gif HTTP/1.1" 200 224 "http://www.railshoster.de/themes/newsportal/style.css" "Mozilla/5.0 (Windows; U; Windows NT 6.0; de; rv:1.8.1.14) Gecko/20080404 Firefox/2.0.0.14"
77.177.0.46 - - [21/Apr/2008:23:12:12 +0200] "GET /images/hoch.gif HTTP/1.1" 200 97 "http://www.railshoster.de/" "Mozilla/5.0 (Windows; U; Windows NT 6.0; de; rv:1.8.1.14) Gecko/20080404 Firefox/2.0.0.14"
77.177.0.46 - - [21/Apr/2008:23:12:12 +0200] "GET /images/bestellen.jpg?1201297173 HTTP/1.1" 200 1343 "http://www.railshoster.de/" "Mozilla/5.0 (Windows; U; Windows NT 6.0; de; rv:1.8.1.14) Gecko/20080404 Firefox/2.0.0.14"
77.177.0.46 - - [21/Apr/2008:23:13:13 +0200] "GET /rubyonrails_vserver HTTP/1.1" 200 4554 "http://www.railshoster.de/" "Mozilla/5.0 (Windows; U; Windows NT 6.0; de; rv:1.8.1.14) Gecko/20080404 Firefox/2.0.0.14"
77.177.0.46 - - [21/Apr/2008:23:13:14 +0200] "GET /misc/drupal.js HTTP/1.1" 200 8863 "http://www.railshoster.de/rubyonrails_vserver" "Mozilla/5.0 (Windows; U; Windows NT 6.0; de; rv:1.8.1.14) Gecko/20080404 Firefox/2.0.0.14"
77.177.0.46 - - [21/Apr/2008:23:13:14 +0200] "GET /modules/tinymce/tinymce/tinymce/jscripts/tiny_mce/tiny_mce.js HTTP/1.1" 200 136939 "http://www.railshoster.de/rubyonrails_vserver" "Mozilla/5.0 (Windows; U; Windows NT 6.0; de; rv:1.8.1.14) Gecko/20080404 Firefox/2.0.0.14"
77.177.0.46 - - [21/Apr/2008:23:13:15 +0200] "GET /modules/tinymce/tinymce/tinymce/jscripts/tiny_mce/themes/advanced/editor_template.js HTTP/1.1" 200 40216 "http://www.railshoster.de/rubyonrails_vserver" "Mozilla/5.0 (Windows; U; Windows NT 6.0; de; rv:1.8.1.14) Gecko/20080404 Firefox/2.0.0.14"
77.177.0.46 - - [21/Apr/2008:23:13:15 +0200] "GET /modules/tinymce/tinymce/tinymce/jscripts/tiny_mce/themes/advanced/langs/en.js HTTP/1.1" 200 2862 "http://www.railshoster.de/rubyonrails_vserver" "Mozilla/5.0 (Windows; U; Windows NT 6.0; de; rv:1.8.1.14) Gecko/20080404 Firefox/2.0.0.14"
77.177.0.46 - - [21/Apr/2008:23:13:16 +0200] "GET /modules/tinymce/tinymce/tinymce/jscripts/tiny_mce/langs/en.js HTTP/1.1" 200 1650 "http://www.railshoster.de/rubyonrails_vserver" "Mozilla/5.0 (Windows; U; Windows NT 6.0; de; rv:1.8.1.14) Gecko/20080404 Firefox/2.0.0.14"
77.177.0.46 - - [21/Apr/2008:23:13:16 +0200] "GET /modules/tinymce/tinymce/tinymce/jscripts/tiny_mce/themes/advanced/css/editor_ui.css HTTP/1.1" 200 7017 "http://www.railshoster.de/rubyonrails_vserver" "Mozilla/5.0 (Windows; U; Windows NT 6.0; de; rv:1.8.1.14) Gecko/20080404 Firefox/2.0.0.14"
77.177.0.46 - - [21/Apr/2008:23:13:16 +0200] "GET /misc/collapse.js HTTP/1.1" 200 2208 "http://www.railshoster.de/rubyonrails_vserver" "Mozilla/5.0 (Windows; U; Windows NT 6.0; de; rv:1.8.1.14) Gecko/20080404 Firefox/2.0.0.14"
77.177.0.46 - - [21/Apr/2008:23:13:17 +0200] "GET /files/rubyonrails_logo_spiegelung.png HTTP/1.1" 200 14880 "http://www.railshoster.de/rubyonrails_vserver" "Mozilla/5.0 (Windows; U; Windows NT 6.0; de; rv:1.8.1.14) Gecko/20080404 Firefox/2.0.0.14"
77.177.0.46 - - [21/Apr/2008:23:13:17 +0200] "GET /files/hoch.gif HTTP/1.1" 200 97 "http://www.railshoster.de/rubyonrails_vserver" "Mozilla/5.0 (Windows; U; Windows NT 6.0; de; rv:1.8.1.14) Gecko/20080404 Firefox/2.0.0.14"
77.177.0.46 - - [21/Apr/2008:23:13:17 +0200] "GET /files/bestellen.jpg HTTP/1.1" 200 2186 "http://www.railshoster.de/rubyonrails_vserver" "Mozilla/5.0 (Windows; U; Windows NT 6.0; de; rv:1.8.1.14) Gecko/20080404 Firefox/2.0.0.14"
77.177.0.46 - - [21/Apr/2008:23:13:20 +0200] "GET /misc/menu-collapsed.png HTTP/1.1" 200 108 "http://www.railshoster.de/misc/drupal.css" "Mozilla/5.0 (Windows; U; Windows NT 6.0; de; rv:1.8.1.14) Gecko/20080404 Firefox/2.0.0.14"
134.96.211.2 - - [21/Apr/2008:23:15:47 +0200] "GET / HTTP/1.0" 200 22810 "-" "check_http/1.96 (nagios-plugins 1.4.5)"
66.249.70.209 - - [21/Apr/2008:23:18:37 +0200] "GET /node/3 HTTP/1.1" 200 11551 "-" "Mozilla/5.0 (compatible; Googlebot/2.1; +http://www.google.com/bot.html)"
134.96.211.2 - - [21/Apr/2008:23:20:47 +0200] "GET / HTTP/1.0" 200 22810 "-" "check_http/1.96 (nagios-plugins 1.4.5)"
66.249.70.209 - - [21/Apr/2008:23:21:08 +0200] "GET /rubyonrails_hosting HTTP/1.1" 304 - "-" "Mozilla/5.0 (compatible; Googlebot/2.1; +http://www.google.com/bot.html)"
77.91.224.4 - - [21/Apr/2008:23:21:19 +0200] "GET /robots.txt HTTP/1.1" 200 372 "-" "WebAlta Crawler/2.0 (http://www.webalta.net/ru/about_webmaster.html) (Windows; U; Windows NT 5.1; ru-RU)"
77.91.224.4 - - [21/Apr/2008:23:21:19 +0200] "GET / HTTP/1.1" 200 3640 "-" "WebAlta Crawler/2.0 (http://www.webalta.net/ru/about_webmaster.html) (Windows; U; Windows NT 5.1; ru-RU)"
82.212.0.251 - - [21/Apr/2008:23:25:26 +0200] "GET / HTTP/1.1" 200 3640 "-" "Mozilla/4.0 (compatible; MSIE 7.0; Windows NT 6.0; SLCC1; .NET CLR 2.0.50727; .NET CLR 3.0.04506; .NET CLR 3.5.21022)"
82.212.0.251 - - [21/Apr/2008:23:25:26 +0200] "GET /misc/drupal.css HTTP/1.1" 200 11426 "http://www.railshoster.de/" "Mozilla/4.0 (compatible; MSIE 7.0; Windows NT 6.0; SLCC1; .NET CLR 2.0.50727; .NET CLR 3.0.04506; .NET CLR 3.5.21022)"
82.212.0.251 - - [21/Apr/2008:23:25:26 +0200] "GET /modules/image/contrib/image_gallery/image_gallery.css HTTP/1.1" 200 491 "http://www.railshoster.de/" "Mozilla/4.0 (compatible; MSIE 7.0; Windows NT 6.0; SLCC1; .NET CLR 2.0.50727; .NET CLR 3.0.04506; .NET CLR 3.5.21022)"
82.212.0.251 - - [21/Apr/2008:23:25:27 +0200] "GET /modules/glossary/glossary.css HTTP/1.1" 200 571 "http://www.railshoster.de/" "Mozilla/4.0 (compatible; MSIE 7.0; Windows NT 6.0; SLCC1; .NET CLR 2.0.50727; .NET CLR 3.0.04506; .NET CLR 3.5.21022)"
82.212.0.251 - - [21/Apr/2008:23:25:27 +0200] "GET /modules/flash_gallery/flash_gallery.css HTTP/1.1" 200 49 "http://www.railshoster.de/" "Mozilla/4.0 (compatible; MSIE 7.0; Windows NT 6.0; SLCC1; .NET CLR 2.0.50727; .NET CLR 3.0.04506; .NET CLR 3.5.21022)"
82.212.0.251 - - [21/Apr/2008:23:25:27 +0200] "GET /themes/newsportal/style.css HTTP/1.1" 200 5213 "http://www.railshoster.de/" "Mozilla/4.0 (compatible; MSIE 7.0; Windows NT 6.0; SLCC1; .NET CLR 2.0.50727; .NET CLR 3.0.04506; .NET CLR 3.5.21022)"
82.212.0.251 - - [21/Apr/2008:23:25:27 +0200] "GET /misc/webfoundation.css HTTP/1.1" 200 292 "http://www.railshoster.de/" "Mozilla/4.0 (compatible; MSIE 7.0; Windows NT 6.0; SLCC1; .NET CLR 2.0.50727; .NET CLR 3.0.04506; .NET CLR 3.5.21022)"
82.212.0.251 - - [21/Apr/2008:23:25:27 +0200] "GET /images/bestellen.jpg?1201297173 HTTP/1.1" 200 1343 "http://www.railshoster.de/" "Mozilla/4.0 (compatible; MSIE 7.0; Windows NT 6.0; SLCC1; .NET CLR 2.0.50727; .NET CLR 3.0.04506; .NET CLR 3.5.21022)"
82.212.0.251 - - [21/Apr/2008:23:25:27 +0200] "GET /images/hoch.gif HTTP/1.1" 200 97 "http://www.railshoster.de/" "Mozilla/4.0 (compatible; MSIE 7.0; Windows NT 6.0; SLCC1; .NET CLR 2.0.50727; .NET CLR 3.0.04506; .NET CLR 3.5.21022)"
82.212.0.251 - - [21/Apr/2008:23:25:27 +0200] "GET /themes/newsportal/images/railshoster.png HTTP/1.1" 200 7264 "http://www.railshoster.de/" "Mozilla/4.0 (compatible; MSIE 7.0; Windows NT 6.0; SLCC1; .NET CLR 2.0.50727; .NET CLR 3.0.04506; .NET CLR 3.5.21022)"
82.212.0.251 - - [21/Apr/2008:23:25:27 +0200] "GET /themes/newsportal/images/side_bg.gif HTTP/1.1" 200 224 "http://www.railshoster.de/" "Mozilla/4.0 (compatible; MSIE 7.0; Windows NT 6.0; SLCC1; .NET CLR 2.0.50727; .NET CLR 3.0.04506; .NET CLR 3.5.21022)"
82.212.0.251 - - [21/Apr/2008:23:25:27 +0200] "GET /themes/newsportal/images/tab_bg.gif HTTP/1.1" 200 111 "http://www.railshoster.de/" "Mozilla/4.0 (compatible; MSIE 7.0; Windows NT 6.0; SLCC1; .NET CLR 2.0.50727; .NET CLR 3.0.04506; .NET CLR 3.5.21022)"
82.212.0.251 - - [21/Apr/2008:23:25:27 +0200] "GET /files/favicon.ico HTTP/1.1" 200 1406 "-" "Mozilla/4.0 (compatible; MSIE 7.0; Windows NT 6.0; SLCC1; .NET CLR 2.0.50727; .NET CLR 3.0.04506; .NET CLR 3.5.21022)"
134.96.211.2 - - [21/Apr/2008:23:25:47 +0200] "GET / HTTP/1.0" 200 22810 "-" "check_http/1.96 (nagios-plugins 1.4.5)"
66.249.70.209 - - [21/Apr/2008:23:29:42 +0200] "GET /lighttpd_webserver_starten_stoppen HTTP/1.1" 200 14094 "-" "Mozilla/5.0 (compatible; Googlebot/2.1; +http://www.google.com/bot.html)"
134.96.211.2 - - [21/Apr/2008:23:30:47 +0200] "GET / HTTP/1.0" 200 22810 "-" "check_http/1.96 (nagios-plugins 1.4.5)"
134.96.211.2 - - [21/Apr/2008:23:35:47 +0200] "GET / HTTP/1.0" 200 22810 "-" "check_http/1.96 (nagios-plugins 1.4.5)"
85.179.160.151 - - [21/Apr/2008:23:37:13 +0200] "GET /putty_ssh_keygen_public_private_windows HTTP/1.1" 200 3370 "http://www.google.de/search?hl=de&client=opera&rls=de&hs=o7i&q=putty+keygen&btnG=Suche&meta=lr%3D" "Opera/9.27 (Windows NT 6.0; U; de)"
85.179.160.151 - - [21/Apr/2008:23:37:15 +0200] "GET /misc/drupal.css HTTP/1.1" 200 11426 "http://www.railshoster.de/putty_ssh_keygen_public_private_windows" "Opera/9.27 (Windows NT 6.0; U; de)"
85.179.160.151 - - [21/Apr/2008:23:37:16 +0200] "GET /misc/drupal.js HTTP/1.1" 200 8863 "http://www.railshoster.de/putty_ssh_keygen_public_private_windows" "Opera/9.27 (Windows NT 6.0; U; de)"
85.179.160.151 - - [21/Apr/2008:23:37:16 +0200] "GET /modules/tinymce/tinymce/tinymce/jscripts/tiny_mce/tiny_mce.js HTTP/1.1" 200 136939 "http://www.railshoster.de/putty_ssh_keygen_public_private_windows" "Opera/9.27 (Windows NT 6.0; U; de)"
85.179.160.151 - - [21/Apr/2008:23:37:17 +0200] "GET /modules/tinymce/tinymce/tinymce/jscripts/tiny_mce/themes/advanced/editor_template.js HTTP/1.1" 200 40216 "http://www.railshoster.de/putty_ssh_keygen_public_private_windows" "Opera/9.27 (Windows NT 6.0; U; de)"
85.179.160.151 - - [21/Apr/2008:23:37:17 +0200] "GET /modules/tinymce/tinymce/tinymce/jscripts/tiny_mce/themes/advanced/langs/en.js HTTP/1.1" 200 2862 "http://www.railshoster.de/putty_ssh_keygen_public_private_windows" "Opera/9.27 (Windows NT 6.0; U; de)"
85.179.160.151 - - [21/Apr/2008:23:37:17 +0200] "GET /modules/tinymce/tinymce/tinymce/jscripts/tiny_mce/langs/en.js HTTP/1.1" 200 1650 "http://www.railshoster.de/putty_ssh_keygen_public_private_windows" "Opera/9.27 (Windows NT 6.0; U; de)"
85.179.160.151 - - [21/Apr/2008:23:37:17 +0200] "GET /misc/collapse.js HTTP/1.1" 200 2208 "http://www.railshoster.de/putty_ssh_keygen_public_private_windows" "Opera/9.27 (Windows NT 6.0; U; de)"
85.179.160.151 - - [21/Apr/2008:23:37:17 +0200] "GET /modules/tinymce/tinymce/tinymce/jscripts/tiny_mce/themes/advanced/css/editor_ui.css HTTP/1.1" 200 7017 "http://www.railshoster.de/putty_ssh_keygen_public_private_windows" "Opera/9.27 (Windows NT 6.0; U; de)"
85.179.160.151 - - [21/Apr/2008:23:37:17 +0200] "GET /files/favicon.ico HTTP/1.1" 200 1406 "http://www.railshoster.de/putty_ssh_keygen_public_private_windows" "Opera/9.27 (Windows NT 6.0; U; de)"
85.179.160.151 - - [21/Apr/2008:23:37:18 +0200] "GET /misc/menu-collapsed.png HTTP/1.1" 200 108 "http://www.railshoster.de/putty_ssh_keygen_public_private_windows" "Opera/9.27 (Windows NT 6.0; U; de)"
85.179.160.151 - - [21/Apr/2008:23:37:18 +0200] "GET /misc/menu-leaf.png HTTP/1.1" 200 194 "http://www.railshoster.de/putty_ssh_keygen_public_private_windows" "Opera/9.27 (Windows NT 6.0; U; de)"
85.179.160.151 - - [21/Apr/2008:23:37:18 +0200] "GET /modules/flash_gallery/flash_gallery.css HTTP/1.1" 200 49 "http://www.railshoster.de/putty_ssh_keygen_public_private_windows" "Opera/9.27 (Windows NT 6.0; U; de)"
85.179.160.151 - - [21/Apr/2008:23:37:18 +0200] "GET /misc/webfoundation.css HTTP/1.1" 200 292 "http://www.railshoster.de/putty_ssh_keygen_public_private_windows" "Opera/9.27 (Windows NT 6.0; U; de)"
85.179.160.151 - - [21/Apr/2008:23:37:18 +0200] "GET /modules/image/contrib/image_gallery/image_gallery.css HTTP/1.1" 200 491 "http://www.railshoster.de/putty_ssh_keygen_public_private_windows" "Opera/9.27 (Windows NT 6.0; U; de)"
85.179.160.151 - - [21/Apr/2008:23:37:18 +0200] "GET /themes/newsportal/style.css HTTP/1.1" 200 5213 "http://www.railshoster.de/putty_ssh_keygen_public_private_windows" "Opera/9.27 (Windows NT 6.0; U; de)"
85.179.160.151 - - [21/Apr/2008:23:37:18 +0200] "GET /modules/glossary/glossary.css HTTP/1.1" 200 571 "http://www.railshoster.de/putty_ssh_keygen_public_private_windows" "Opera/9.27 (Windows NT 6.0; U; de)"
85.179.160.151 - - [21/Apr/2008:23:37:18 +0200] "GET /files/images/generate_public_key_putty_windows.thumbnail.png HTTP/1.1" 200 7012 "http://www.railshoster.de/putty_ssh_keygen_public_private_windows" "Opera/9.27 (Windows NT 6.0; U; de)"
85.179.160.151 - - [21/Apr/2008:23:37:18 +0200] "GET /themes/newsportal/images/side_bg.gif HTTP/1.1" 200 224 "http://www.railshoster.de/putty_ssh_keygen_public_private_windows" "Opera/9.27 (Windows NT 6.0; U; de)"
85.179.160.151 - - [21/Apr/2008:23:37:18 +0200] "GET /themes/newsportal/images/tab_bg.gif HTTP/1.1" 200 111 "http://www.railshoster.de/putty_ssh_keygen_public_private_windows" "Opera/9.27 (Windows NT 6.0; U; de)"
85.179.160.151 - - [21/Apr/2008:23:37:18 +0200] "GET /themes/newsportal/images/railshoster.png HTTP/1.1" 200 7264 "http://www.railshoster.de/putty_ssh_keygen_public_private_windows" "Opera/9.27 (Windows NT 6.0; U; de)"
85.179.160.151 - - [21/Apr/2008:23:37:25 +0200] "GET /files/generate_public_key_putty_windows_0.swf HTTP/1.1" 200 3336660 "http://www.railshoster.de/putty_ssh_keygen_public_private_windows" "Opera/9.27 (Windows NT 6.0; U; de)"
134.96.211.2 - - [21/Apr/2008:23:40:47 +0200] "GET / HTTP/1.0" 200 22810 "-" "check_http/1.96 (nagios-plugins 1.4.5)"
134.96.211.2 - - [21/Apr/2008:23:45:47 +0200] "GET / HTTP/1.0" 200 22810 "-" "check_http/1.96 (nagios-plugins 1.4.5)"
134.96.211.2 - - [21/Apr/2008:23:50:47 +0200] "GET / HTTP/1.0" 200 22810 "-" "check_http/1.96 (nagios-plugins 1.4.5)"
134.96.211.2 - - [21/Apr/2008:23:55:47 +0200] "GET / HTTP/1.0" 200 22810 "-" "check_http/1.96 (nagios-plugins 1.4.5)"
134.96.211.2 - - [22/Apr/2008:00:00:47 +0200] "GET / HTTP/1.0" 200 22810 "-" "check_http/1.96 (nagios-plugins 1.4.5)"
85.178.18.52 - - [22/Apr/2008:00:01:44 +0200] "GET / HTTP/1.1" 200 22810 "-" "Mozilla/5.0 (Windows; U; Windows NT 5.1; de; rv:1.8.1.14) Gecko/20080404 Firefox/2.0.0.14"
85.178.18.52 - - [22/Apr/2008:00:01:44 +0200] "GET /misc/drupal.css HTTP/1.1" 200 11426 "Field blocked by Outpost Firewall (http://www.agnitum.com)" "Mozilla/5.0 (Windows; U; Windows NT 5.1; de; rv:1.8.1.14) Gecko/20080404 Firefox/2.0.0.14"
85.178.18.52 - - [22/Apr/2008:00:01:45 +0200] "GET /files/favicon.ico HTTP/1.1" 200 1406 "-" "Mozilla/5.0 (Windows; U; Windows NT 5.1; de; rv:1.8.1.14) Gecko/20080404 Firefox/2.0.0.14"
85.178.18.52 - - [22/Apr/2008:00:01:45 +0200] "GET /modules/flash_gallery/flash_gallery.css HTTP/1.1" 200 49 "Field blocked by Outpost Firewall (http://www.agnitum.com)" "Mozilla/5.0 (Windows; U; Windows NT 5.1; de; rv:1.8.1.14) Gecko/20080404 Firefox/2.0.0.14"
85.178.18.52 - - [22/Apr/2008:00:01:45 +0200] "GET /modules/image/contrib/image_gallery/image_gallery.css HTTP/1.1" 200 491 "Field blocked by Outpost Firewall (http://www.agnitum.com)" "Mozilla/5.0 (Windows; U; Windows NT 5.1; de; rv:1.8.1.14) Gecko/20080404 Firefox/2.0.0.14"
85.178.18.52 - - [22/Apr/2008:00:01:45 +0200] "GET /modules/glossary/glossary.css HTTP/1.1" 200 571 "Field blocked by Outpost Firewall (http://www.agnitum.com)" "Mozilla/5.0 (Windows; U; Windows NT 5.1; de; rv:1.8.1.14) Gecko/20080404 Firefox/2.0.0.14"
85.178.18.52 - - [22/Apr/2008:00:01:45 +0200] "GET /themes/newsportal/style.css HTTP/1.1" 200 5213 "Field blocked by Outpost Firewall (http://www.agnitum.com)" "Mozilla/5.0 (Windows; U; Windows NT 5.1; de; rv:1.8.1.14) Gecko/20080404 Firefox/2.0.0.14"
85.178.18.52 - - [22/Apr/2008:00:01:46 +0200] "GET /misc/webfoundation.css HTTP/1.1" 200 292 "Field blocked by Outpost Firewall (http://www.agnitum.com)" "Mozilla/5.0 (Windows; U; Windows NT 5.1; de; rv:1.8.1.14) Gecko/20080404 Firefox/2.0.0.14"
85.178.18.52 - - [22/Apr/2008:00:01:46 +0200] "GET /themes/newsportal/images/railshoster.png HTTP/1.1" 200 7264 "Field blocked by Outpost Firewall (http://www.agnitum.com)" "Mozilla/5.0 (Windows; U; Windows NT 5.1; de; rv:1.8.1.14) Gecko/20080404 Firefox/2.0.0.14"
85.178.18.52 - - [22/Apr/2008:00:01:46 +0200] "GET /themes/newsportal/images/side_bg.gif HTTP/1.1" 200 224 "Field blocked by Outpost Firewall (http://www.agnitum.com)" "Mozilla/5.0 (Windows; U; Windows NT 5.1; de; rv:1.8.1.14) Gecko/20080404 Firefox/2.0.0.14"
85.178.18.52 - - [22/Apr/2008:00:01:46 +0200] "GET /themes/newsportal/images/tab_bg.gif HTTP/1.1" 200 111 "Field blocked by Outpost Firewall (http://www.agnitum.com)" "Mozilla/5.0 (Windows; U; Windows NT 5.1; de; rv:1.8.1.14) Gecko/20080404 Firefox/2.0.0.14"
85.178.18.52 - - [22/Apr/2008:00:01:46 +0200] "GET /images/bestellen.jpg?1201297173 HTTP/1.1" 200 1343 "Field blocked by Outpost Firewall (http://www.agnitum.com)" "Mozilla/5.0 (Windows; U; Windows NT 5.1; de; rv:1.8.1.14) Gecko/20080404 Firefox/2.0.0.14"
85.178.18.52 - - [22/Apr/2008:00:01:46 +0200] "GET /images/hoch.gif HTTP/1.1" 200 97 "Field blocked by Outpost Firewall (http://www.agnitum.com)" "Mozilla/5.0 (Windows; U; Windows NT 5.1; de; rv:1.8.1.14) Gecko/20080404 Firefox/2.0.0.14"
79.213.52.10 - - [22/Apr/2008:00:01:49 +0200] "GET / HTTP/1.1" 200 3640 "http://www.broschart.net/ruby-on-rails-hoster-in-deutschland/" "Mozilla/5.0 (X11; U; Linux i686; de; rv:1.8.1.13) Gecko/20080325 Ubuntu/7.10 (gutsy) Firefox/2.0.0.13"
79.213.52.10 - - [22/Apr/2008:00:01:49 +0200] "GET /misc/drupal.css HTTP/1.1" 200 11426 "http://railshoster.de/" "Mozilla/5.0 (X11; U; Linux i686; de; rv:1.8.1.13) Gecko/20080325 Ubuntu/7.10 (gutsy) Firefox/2.0.0.13"
79.213.52.10 - - [22/Apr/2008:00:01:50 +0200] "GET /modules/flash_gallery/flash_gallery.css HTTP/1.1" 200 49 "http://railshoster.de/" "Mozilla/5.0 (X11; U; Linux i686; de; rv:1.8.1.13) Gecko/20080325 Ubuntu/7.10 (gutsy) Firefox/2.0.0.13"
79.213.52.10 - - [22/Apr/2008:00:01:50 +0200] "GET /modules/image/contrib/image_gallery/image_gallery.css HTTP/1.1" 200 491 "http://railshoster.de/" "Mozilla/5.0 (X11; U; Linux i686; de; rv:1.8.1.13) Gecko/20080325 Ubuntu/7.10 (gutsy) Firefox/2.0.0.13"
79.213.52.10 - - [22/Apr/2008:00:01:50 +0200] "GET /modules/glossary/glossary.css HTTP/1.1" 200 571 "http://railshoster.de/" "Mozilla/5.0 (X11; U; Linux i686; de; rv:1.8.1.13) Gecko/20080325 Ubuntu/7.10 (gutsy) Firefox/2.0.0.13"
79.213.52.10 - - [22/Apr/2008:00:01:50 +0200] "GET /themes/newsportal/style.css HTTP/1.1" 200 5213 "http://railshoster.de/" "Mozilla/5.0 (X11; U; Linux i686; de; rv:1.8.1.13) Gecko/20080325 Ubuntu/7.10 (gutsy) Firefox/2.0.0.13"
79.213.52.10 - - [22/Apr/2008:00:01:50 +0200] "GET /misc/webfoundation.css HTTP/1.1" 200 292 "http://railshoster.de/" "Mozilla/5.0 (X11; U; Linux i686; de; rv:1.8.1.13) Gecko/20080325 Ubuntu/7.10 (gutsy) Firefox/2.0.0.13"
79.213.52.10 - - [22/Apr/2008:00:01:50 +0200] "GET /images/bestellen.jpg?1201297173 HTTP/1.1" 200 1343 "http://railshoster.de/" "Mozilla/5.0 (X11; U; Linux i686; de; rv:1.8.1.13) Gecko/20080325 Ubuntu/7.10 (gutsy) Firefox/2.0.0.13"
79.213.52.10 - - [22/Apr/2008:00:01:50 +0200] "GET /images/hoch.gif HTTP/1.1" 200 97 "http://railshoster.de/" "Mozilla/5.0 (X11; U; Linux i686; de; rv:1.8.1.13) Gecko/20080325 Ubuntu/7.10 (gutsy) Firefox/2.0.0.13"
