86.56.197.230 - - [20/Apr/2008:21:27:09 +0200] "GET /themes/newsportal/images/tab_bg.gif HTTP/1.1" 200 111 "http://www.railshoster.de/themes/newsportal/style.css" "Mozilla/5.0 (Windows; U; Windows NT 6.0; de; rv:1.8.1.14) Gecko/20080404 Firefox/2.0.0.14"
86.56.197.230 - - [20/Apr/2008:21:27:09 +0200] "GET /themes/newsportal/images/side_bg.gif HTTP/1.1" 200 224 "http://www.railshoster.de/themes/newsportal/style.css" "Mozilla/5.0 (Windows; U; Windows NT 6.0; de; rv:1.8.1.14) Gecko/20080404 Firefox/2.0.0.14"
86.56.197.230 - - [20/Apr/2008:21:27:09 +0200] "GET /misc/menu-collapsed.png HTTP/1.1" 200 108 "http://www.railshoster.de/misc/drupal.css" "Mozilla/5.0 (Windows; U; Windows NT 6.0; de; rv:1.8.1.14) Gecko/20080404 Firefox/2.0.0.14"
134.96.211.2 - - [20/Apr/2008:21:30:48 +0200] "GET / HTTP/1.0" 200 22810 "-" "check_http/1.96 (nagios-plugins 1.4.5)"
134.96.211.2 - - [20/Apr/2008:21:35:48 +0200] "GET / HTTP/1.0" 200 22810 "-" "check_http/1.96 (nagios-plugins 1.4.5)"
134.96.211.2 - - [20/Apr/2008:21:40:48 +0200] "GET / HTTP/1.0" 200 22810 "-" "check_http/1.96 (nagios-plugins 1.4.5)"
134.96.211.2 - - [20/Apr/2008:21:45:48 +0200] "GET / HTTP/1.0" 200 22810 "-" "check_http/1.96 (nagios-plugins 1.4.5)"
77.64.144.146 - - [20/Apr/2008:21:46:53 +0200] "GET /rubyonrails_vserver_faq HTTP/1.1" 304 - "http://www.railshoster.de/rubyonrails_vserver" "Mozilla/5.0 (Windows; U; Windows NT 5.1; de; rv:1.8.1.14) Gecko/20080404 Firefox/2.0.0.14"
77.64.144.146 - - [20/Apr/2008:21:47:27 +0200] "GET /rubyonrails_deployment_capistrano HTTP/1.1" 200 3909 "http://www.railshoster.de/railshoster_getting_started" "Mozilla/5.0 (Windows; U; Windows NT 5.1; de; rv:1.8.1.14) Gecko/20080404 Firefox/2.0.0.14"
77.64.144.146 - - [20/Apr/2008:21:47:28 +0200] "GET /files/images/subversion_alpha_instant_rails_deployment.thumbnail.jpg HTTP/1.1" 200 2648 "http://www.railshoster.de/rubyonrails_deployment_capistrano" "Mozilla/5.0 (Windows; U; Windows NT 5.1; de; rv:1.8.1.14) Gecko/20080404 Firefox/2.0.0.14"
134.96.211.2 - - [20/Apr/2008:21:50:48 +0200] "GET / HTTP/1.0" 200 22810 "-" "check_http/1.96 (nagios-plugins 1.4.5)"
134.96.211.2 - - [20/Apr/2008:21:55:48 +0200] "GET / HTTP/1.0" 200 22810 "-" "check_http/1.96 (nagios-plugins 1.4.5)"
77.189.218.33 - - [20/Apr/2008:21:58:33 +0200] "GET /files/rails.png HTTP/1.1" 200 16531 "http://blog.stylesyndication.de/" "Mozilla/4.0 (compatible; MSIE 6.0; Windows NT 5.1; SV1)"
85.180.79.124 - - [20/Apr/2008:21:58:48 +0200] "GET / HTTP/1.1" 200 3640 "-" "Mozilla/5.0 (Macintosh; U; Intel Mac OS X; de; rv:1.8.1.11) Gecko/20071127 Firefox/2.0.0.11"
85.180.79.124 - - [20/Apr/2008:21:58:48 +0200] "GET /misc/drupal.css HTTP/1.1" 200 11426 "http://www.railshoster.de/" "Mozilla/5.0 (Macintosh; U; Intel Mac OS X; de; rv:1.8.1.11) Gecko/20071127 Firefox/2.0.0.11"
85.180.79.124 - - [20/Apr/2008:21:58:48 +0200] "GET /files/favicon.ico HTTP/1.1" 200 1406 "-" "Mozilla/5.0 (Macintosh; U; Intel Mac OS X; de; rv:1.8.1.11) Gecko/20071127 Firefox/2.0.0.11"
85.180.79.124 - - [20/Apr/2008:21:58:48 +0200] "GET /modules/flash_gallery/flash_gallery.css HTTP/1.1" 200 49 "http://www.railshoster.de/" "Mozilla/5.0 (Macintosh; U; Intel Mac OS X; de; rv:1.8.1.11) Gecko/20071127 Firefox/2.0.0.11"
85.180.79.124 - - [20/Apr/2008:21:58:48 +0200] "GET /modules/image/contrib/image_gallery/image_gallery.css HTTP/1.1" 200 491 "http://www.railshoster.de/" "Mozilla/5.0 (Macintosh; U; Intel Mac OS X; de; rv:1.8.1.11) Gecko/20071127 Firefox/2.0.0.11"
85.180.79.124 - - [20/Apr/2008:21:58:48 +0200] "GET /modules/glossary/glossary.css HTTP/1.1" 200 571 "http://www.railshoster.de/" "Mozilla/5.0 (Macintosh; U; Intel Mac OS X; de; rv:1.8.1.11) Gecko/20071127 Firefox/2.0.0.11"
85.180.79.124 - - [20/Apr/2008:21:58:48 +0200] "GET /themes/newsportal/style.css HTTP/1.1" 200 5213 "http://www.railshoster.de/" "Mozilla/5.0 (Macintosh; U; Intel Mac OS X; de; rv:1.8.1.11) Gecko/20071127 Firefox/2.0.0.11"
85.180.79.124 - - [20/Apr/2008:21:58:48 +0200] "GET /misc/webfoundation.css HTTP/1.1" 200 292 "http://www.railshoster.de/" "Mozilla/5.0 (Macintosh; U; Intel Mac OS X; de; rv:1.8.1.11) Gecko/20071127 Firefox/2.0.0.11"
85.180.79.124 - - [20/Apr/2008:21:58:48 +0200] "GET /images/hoch.gif HTTP/1.1" 200 97 "http://www.railshoster.de/" "Mozilla/5.0 (Macintosh; U; Intel Mac OS X; de; rv:1.8.1.11) Gecko/20071127 Firefox/2.0.0.11"
85.180.79.124 - - [20/Apr/2008:21:58:48 +0200] "GET /images/bestellen.jpg?1201297173 HTTP/1.1" 200 1343 "http://www.railshoster.de/" "Mozilla/5.0 (Macintosh; U; Intel Mac OS X; de; rv:1.8.1.11) Gecko/20071127 Firefox/2.0.0.11"
85.180.79.124 - - [20/Apr/2008:21:58:49 +0200] "GET /themes/newsportal/images/railshoster.png HTTP/1.1" 200 7264 "http://www.railshoster.de/themes/newsportal/style.css" "Mozilla/5.0 (Macintosh; U; Intel Mac OS X; de; rv:1.8.1.11) Gecko/20071127 Firefox/2.0.0.11"
85.180.79.124 - - [20/Apr/2008:21:58:49 +0200] "GET /themes/newsportal/images/tab_bg.gif HTTP/1.1" 200 111 "http://www.railshoster.de/themes/newsportal/style.css" "Mozilla/5.0 (Macintosh; U; Intel Mac OS X; de; rv:1.8.1.11) Gecko/20071127 Firefox/2.0.0.11"
85.180.79.124 - - [20/Apr/2008:21:58:49 +0200] "GET /themes/newsportal/images/side_bg.gif HTTP/1.1" 200 224 "http://www.railshoster.de/themes/newsportal/style.css" "Mozilla/5.0 (Macintosh; U; Intel Mac OS X; de; rv:1.8.1.11) Gecko/20071127 Firefox/2.0.0.11"
85.180.79.124 - - [20/Apr/2008:21:59:20 +0200] "GET /rubyonrails_hosting HTTP/1.1" 200 3516 "http://www.railshoster.de/" "Mozilla/5.0 (Macintosh; U; Intel Mac OS X; de; rv:1.8.1.11) Gecko/20071127 Firefox/2.0.0.11"
134.96.211.2 - - [20/Apr/2008:22:00:48 +0200] "GET / HTTP/1.0" 200 22810 "-" "check_http/1.96 (nagios-plugins 1.4.5)"
85.180.79.124 - - [20/Apr/2008:22:01:58 +0200] "GET / HTTP/1.1" 200 3640 "-" "Mozilla/5.0 (Macintosh; U; Intel Mac OS X; de; rv:1.8.1.11) Gecko/20071127 Firefox/2.0.0.11"
85.180.79.124 - - [20/Apr/2008:22:01:58 +0200] "GET /misc/drupal.css HTTP/1.1" 200 11426 "http://railshoster.de/" "Mozilla/5.0 (Macintosh; U; Intel Mac OS X; de; rv:1.8.1.11) Gecko/20071127 Firefox/2.0.0.11"
85.180.79.124 - - [20/Apr/2008:22:01:58 +0200] "GET /files/favicon.ico HTTP/1.1" 200 1406 "-" "Mozilla/5.0 (Macintosh; U; Intel Mac OS X; de; rv:1.8.1.11) Gecko/20071127 Firefox/2.0.0.11"
85.180.79.124 - - [20/Apr/2008:22:01:58 +0200] "GET /modules/flash_gallery/flash_gallery.css HTTP/1.1" 200 49 "http://railshoster.de/" "Mozilla/5.0 (Macintosh; U; Intel Mac OS X; de; rv:1.8.1.11) Gecko/20071127 Firefox/2.0.0.11"
85.180.79.124 - - [20/Apr/2008:22:01:58 +0200] "GET /modules/image/contrib/image_gallery/image_gallery.css HTTP/1.1" 200 491 "http://railshoster.de/" "Mozilla/5.0 (Macintosh; U; Intel Mac OS X; de; rv:1.8.1.11) Gecko/20071127 Firefox/2.0.0.11"
85.180.79.124 - - [20/Apr/2008:22:01:58 +0200] "GET /modules/glossary/glossary.css HTTP/1.1" 200 571 "http://railshoster.de/" "Mozilla/5.0 (Macintosh; U; Intel Mac OS X; de; rv:1.8.1.11) Gecko/20071127 Firefox/2.0.0.11"
85.180.79.124 - - [20/Apr/2008:22:01:58 +0200] "GET /themes/newsportal/style.css HTTP/1.1" 200 5213 "http://railshoster.de/" "Mozilla/5.0 (Macintosh; U; Intel Mac OS X; de; rv:1.8.1.11) Gecko/20071127 Firefox/2.0.0.11"
85.180.79.124 - - [20/Apr/2008:22:01:58 +0200] "GET /misc/webfoundation.css HTTP/1.1" 200 292 "http://railshoster.de/" "Mozilla/5.0 (Macintosh; U; Intel Mac OS X; de; rv:1.8.1.11) Gecko/20071127 Firefox/2.0.0.11"
85.180.79.124 - - [20/Apr/2008:22:01:59 +0200] "GET /images/hoch.gif HTTP/1.1" 200 97 "http://railshoster.de/" "Mozilla/5.0 (Macintosh; U; Intel Mac OS X; de; rv:1.8.1.11) Gecko/20071127 Firefox/2.0.0.11"
85.180.79.124 - - [20/Apr/2008:22:01:59 +0200] "GET /images/bestellen.jpg?1201297173 HTTP/1.1" 200 1343 "http://railshoster.de/" "Mozilla/5.0 (Macintosh; U; Intel Mac OS X; de; rv:1.8.1.11) Gecko/20071127 Firefox/2.0.0.11"
85.180.79.124 - - [20/Apr/2008:22:01:59 +0200] "GET /themes/newsportal/images/railshoster.png HTTP/1.1" 200 7264 "http://railshoster.de/themes/newsportal/style.css" "Mozilla/5.0 (Macintosh; U; Intel Mac OS X; de; rv:1.8.1.11) Gecko/20071127 Firefox/2.0.0.11"
85.180.79.124 - - [20/Apr/2008:22:01:59 +0200] "GET /themes/newsportal/images/tab_bg.gif HTTP/1.1" 200 111 "http://railshoster.de/themes/newsportal/style.css" "Mozilla/5.0 (Macintosh; U; Intel Mac OS X; de; rv:1.8.1.11) Gecko/20071127 Firefox/2.0.0.11"
85.180.79.124 - - [20/Apr/2008:22:01:59 +0200] "GET /themes/newsportal/images/side_bg.gif HTTP/1.1" 200 224 "http://railshoster.de/themes/newsportal/style.css" "Mozilla/5.0 (Macintosh; U; Intel Mac OS X; de; rv:1.8.1.11) Gecko/20071127 Firefox/2.0.0.11"
85.180.79.124 - - [20/Apr/2008:22:02:15 +0200] "GET /railshoster_getting_started HTTP/1.1" 200 11357 "http://railshoster.de/" "Mozilla/5.0 (Macintosh; U; Intel Mac OS X; de; rv:1.8.1.11) Gecko/20071127 Firefox/2.0.0.11"
85.180.79.124 - - [20/Apr/2008:22:02:15 +0200] "GET /misc/drupal.js HTTP/1.1" 200 8863 "http://railshoster.de/railshoster_getting_started" "Mozilla/5.0 (Macintosh; U; Intel Mac OS X; de; rv:1.8.1.11) Gecko/20071127 Firefox/2.0.0.11"
85.180.79.124 - - [20/Apr/2008:22:02:15 +0200] "GET /modules/tinymce/tinymce/tinymce/jscripts/tiny_mce/tiny_mce.js HTTP/1.1" 200 136939 "http://railshoster.de/railshoster_getting_started" "Mozilla/5.0 (Macintosh; U; Intel Mac OS X; de; rv:1.8.1.11) Gecko/20071127 Firefox/2.0.0.11"
85.180.79.124 - - [20/Apr/2008:22:02:16 +0200] "GET /modules/tinymce/tinymce/tinymce/jscripts/tiny_mce/themes/advanced/editor_template.js HTTP/1.1" 200 40216 "http://railshoster.de/railshoster_getting_started" "Mozilla/5.0 (Macintosh; U; Intel Mac OS X; de; rv:1.8.1.11) Gecko/20071127 Firefox/2.0.0.11"
85.180.79.124 - - [20/Apr/2008:22:02:16 +0200] "GET /modules/tinymce/tinymce/tinymce/jscripts/tiny_mce/themes/advanced/langs/en.js HTTP/1.1" 200 2862 "http://railshoster.de/railshoster_getting_started" "Mozilla/5.0 (Macintosh; U; Intel Mac OS X; de; rv:1.8.1.11) Gecko/20071127 Firefox/2.0.0.11"
85.180.79.124 - - [20/Apr/2008:22:02:16 +0200] "GET /modules/tinymce/tinymce/tinymce/jscripts/tiny_mce/langs/en.js HTTP/1.1" 200 1650 "http://railshoster.de/railshoster_getting_started" "Mozilla/5.0 (Macintosh; U; Intel Mac OS X; de; rv:1.8.1.11) Gecko/20071127 Firefox/2.0.0.11"
85.180.79.124 - - [20/Apr/2008:22:02:16 +0200] "GET /modules/tinymce/tinymce/tinymce/jscripts/tiny_mce/themes/advanced/css/editor_ui.css HTTP/1.1" 200 7017 "http://railshoster.de/railshoster_getting_started" "Mozilla/5.0 (Macintosh; U; Intel Mac OS X; de; rv:1.8.1.11) Gecko/20071127 Firefox/2.0.0.11"
85.180.79.124 - - [20/Apr/2008:22:02:16 +0200] "GET /misc/collapse.js HTTP/1.1" 200 2208 "http://railshoster.de/railshoster_getting_started" "Mozilla/5.0 (Macintosh; U; Intel Mac OS X; de; rv:1.8.1.11) Gecko/20071127 Firefox/2.0.0.11"
85.180.79.124 - - [20/Apr/2008:22:02:16 +0200] "GET /misc/menu-collapsed.png HTTP/1.1" 200 108 "http://railshoster.de/misc/drupal.css" "Mozilla/5.0 (Macintosh; U; Intel Mac OS X; de; rv:1.8.1.11) Gecko/20071127 Firefox/2.0.0.11"
80.237.209.89 - - [20/Apr/2008:22:02:29 +0200] "GET /lighttpd_rubyonrails_ssl HTTP/1.0" 200 10546 "-" "Acoon-Robot 4.0.0RC2 (http://www.acoon.de)"
134.96.211.2 - - [20/Apr/2008:22:05:47 +0200] "GET / HTTP/1.0" 200 22810 "-" "check_http/1.96 (nagios-plugins 1.4.5)"
134.96.211.2 - - [20/Apr/2008:22:10:48 +0200] "GET / HTTP/1.0" 200 22810 "-" "check_http/1.96 (nagios-plugins 1.4.5)"
80.237.209.89 - - [20/Apr/2008:22:10:54 +0200] "GET /node/8 HTTP/1.0" 200 10882 "-" "Acoon-Robot 4.0.0RC2 (http://www.acoon.de)"
92.228.68.33 - - [20/Apr/2008:22:12:31 +0200] "GET / HTTP/1.1" 200 3640 "http://v2.railsforum.org/viewtopic.php?f=32&t=95" "Mozilla/5.0 (Windows; U; Windows NT 5.1; en-US; rv:1.8.1.14) Gecko/20080404 Firefox/2.0.0.14"
92.228.68.33 - - [20/Apr/2008:22:12:32 +0200] "GET /misc/drupal.css HTTP/1.1" 200 11426 "http://www.railshoster.de/" "Mozilla/5.0 (Windows; U; Windows NT 5.1; en-US; rv:1.8.1.14) Gecko/20080404 Firefox/2.0.0.14"
92.228.68.33 - - [20/Apr/2008:22:12:32 +0200] "GET /modules/flash_gallery/flash_gallery.css HTTP/1.1" 200 49 "http://www.railshoster.de/" "Mozilla/5.0 (Windows; U; Windows NT 5.1; en-US; rv:1.8.1.14) Gecko/20080404 Firefox/2.0.0.14"
92.228.68.33 - - [20/Apr/2008:22:12:32 +0200] "GET /modules/image/contrib/image_gallery/image_gallery.css HTTP/1.1" 200 491 "http://www.railshoster.de/" "Mozilla/5.0 (Windows; U; Windows NT 5.1; en-US; rv:1.8.1.14) Gecko/20080404 Firefox/2.0.0.14"
92.228.68.33 - - [20/Apr/2008:22:12:32 +0200] "GET /modules/glossary/glossary.css HTTP/1.1" 200 571 "http://www.railshoster.de/" "Mozilla/5.0 (Windows; U; Windows NT 5.1; en-US; rv:1.8.1.14) Gecko/20080404 Firefox/2.0.0.14"
92.228.68.33 - - [20/Apr/2008:22:12:32 +0200] "GET /themes/newsportal/style.css HTTP/1.1" 200 5213 "http://www.railshoster.de/" "Mozilla/5.0 (Windows; U; Windows NT 5.1; en-US; rv:1.8.1.14) Gecko/20080404 Firefox/2.0.0.14"
92.228.68.33 - - [20/Apr/2008:22:12:32 +0200] "GET /misc/webfoundation.css HTTP/1.1" 200 292 "http://www.railshoster.de/" "Mozilla/5.0 (Windows; U; Windows NT 5.1; en-US; rv:1.8.1.14) Gecko/20080404 Firefox/2.0.0.14"
92.228.68.33 - - [20/Apr/2008:22:12:32 +0200] "GET /images/hoch.gif HTTP/1.1" 200 97 "http://www.railshoster.de/" "Mozilla/5.0 (Windows; U; Windows NT 5.1; en-US; rv:1.8.1.14) Gecko/20080404 Firefox/2.0.0.14"
92.228.68.33 - - [20/Apr/2008:22:12:32 +0200] "GET /images/bestellen.jpg?1201297173 HTTP/1.1" 200 1343 "http://www.railshoster.de/" "Mozilla/5.0 (Windows; U; Windows NT 5.1; en-US; rv:1.8.1.14) Gecko/20080404 Firefox/2.0.0.14"
92.228.68.33 - - [20/Apr/2008:22:12:32 +0200] "GET /themes/newsportal/images/railshoster.png HTTP/1.1" 200 7264 "http://www.railshoster.de/themes/newsportal/style.css" "Mozilla/5.0 (Windows; U; Windows NT 5.1; en-US; rv:1.8.1.14) Gecko/20080404 Firefox/2.0.0.14"
92.228.68.33 - - [20/Apr/2008:22:12:32 +0200] "GET /themes/newsportal/images/tab_bg.gif HTTP/1.1" 200 111 "http://www.railshoster.de/themes/newsportal/style.css" "Mozilla/5.0 (Windows; U; Windows NT 5.1; en-US; rv:1.8.1.14) Gecko/20080404 Firefox/2.0.0.14"
92.228.68.33 - - [20/Apr/2008:22:12:32 +0200] "GET /themes/newsportal/images/side_bg.gif HTTP/1.1" 200 224 "http://www.railshoster.de/themes/newsportal/style.css" "Mozilla/5.0 (Windows; U; Windows NT 5.1; en-US; rv:1.8.1.14) Gecko/20080404 Firefox/2.0.0.14"
92.228.68.33 - - [20/Apr/2008:22:12:32 +0200] "GET /files/favicon.ico HTTP/1.1" 200 1406 "-" "Mozilla/5.0 (Windows; U; Windows NT 5.1; en-US; rv:1.8.1.14) Gecko/20080404 Firefox/2.0.0.14"
92.228.68.33 - - [20/Apr/2008:22:12:32 +0200] "GET /files/favicon.ico HTTP/1.1" 200 1406 "-" "Mozilla/5.0 (Windows; U; Windows NT 5.1; en-US; rv:1.8.1.14) Gecko/20080404 Firefox/2.0.0.14"
92.228.68.33 - - [20/Apr/2008:22:13:25 +0200] "GET /rubyonrails_vserver HTTP/1.1" 200 4554 "http://www.railshoster.de/" "Mozilla/5.0 (Windows; U; Windows NT 5.1; en-US; rv:1.8.1.14) Gecko/20080404 Firefox/2.0.0.14"
92.228.68.33 - - [20/Apr/2008:22:13:25 +0200] "GET /misc/drupal.js HTTP/1.1" 200 8863 "http://www.railshoster.de/rubyonrails_vserver" "Mozilla/5.0 (Windows; U; Windows NT 5.1; en-US; rv:1.8.1.14) Gecko/20080404 Firefox/2.0.0.14"
92.228.68.33 - - [20/Apr/2008:22:13:25 +0200] "GET /modules/tinymce/tinymce/tinymce/jscripts/tiny_mce/tiny_mce.js HTTP/1.1" 200 136939 "http://www.railshoster.de/rubyonrails_vserver" "Mozilla/5.0 (Windows; U; Windows NT 5.1; en-US; rv:1.8.1.14) Gecko/20080404 Firefox/2.0.0.14"
92.228.68.33 - - [20/Apr/2008:22:13:26 +0200] "GET /modules/tinymce/tinymce/tinymce/jscripts/tiny_mce/themes/advanced/editor_template.js HTTP/1.1" 200 40216 "http://www.railshoster.de/rubyonrails_vserver" "Mozilla/5.0 (Windows; U; Windows NT 5.1; en-US; rv:1.8.1.14) Gecko/20080404 Firefox/2.0.0.14"
92.228.68.33 - - [20/Apr/2008:22:13:26 +0200] "GET /modules/tinymce/tinymce/tinymce/jscripts/tiny_mce/themes/advanced/langs/en.js HTTP/1.1" 200 2862 "http://www.railshoster.de/rubyonrails_vserver" "Mozilla/5.0 (Windows; U; Windows NT 5.1; en-US; rv:1.8.1.14) Gecko/20080404 Firefox/2.0.0.14"
92.228.68.33 - - [20/Apr/2008:22:13:26 +0200] "GET /modules/tinymce/tinymce/tinymce/jscripts/tiny_mce/langs/en.js HTTP/1.1" 200 1650 "http://www.railshoster.de/rubyonrails_vserver" "Mozilla/5.0 (Windows; U; Windows NT 5.1; en-US; rv:1.8.1.14) Gecko/20080404 Firefox/2.0.0.14"
92.228.68.33 - - [20/Apr/2008:22:13:26 +0200] "GET /modules/tinymce/tinymce/tinymce/jscripts/tiny_mce/themes/advanced/css/editor_ui.css HTTP/1.1" 200 7017 "http://www.railshoster.de/rubyonrails_vserver" "Mozilla/5.0 (Windows; U; Windows NT 5.1; en-US; rv:1.8.1.14) Gecko/20080404 Firefox/2.0.0.14"
92.228.68.33 - - [20/Apr/2008:22:13:26 +0200] "GET /misc/collapse.js HTTP/1.1" 200 2208 "http://www.railshoster.de/rubyonrails_vserver" "Mozilla/5.0 (Windows; U; Windows NT 5.1; en-US; rv:1.8.1.14) Gecko/20080404 Firefox/2.0.0.14"
92.228.68.33 - - [20/Apr/2008:22:13:26 +0200] "GET /files/rubyonrails_logo_spiegelung.png HTTP/1.1" 200 14880 "http://www.railshoster.de/rubyonrails_vserver" "Mozilla/5.0 (Windows; U; Windows NT 5.1; en-US; rv:1.8.1.14) Gecko/20080404 Firefox/2.0.0.14"
92.228.68.33 - - [20/Apr/2008:22:13:26 +0200] "GET /files/hoch.gif HTTP/1.1" 200 97 "http://www.railshoster.de/rubyonrails_vserver" "Mozilla/5.0 (Windows; U; Windows NT 5.1; en-US; rv:1.8.1.14) Gecko/20080404 Firefox/2.0.0.14"
92.228.68.33 - - [20/Apr/2008:22:13:26 +0200] "GET /files/bestellen.jpg HTTP/1.1" 200 2186 "http://www.railshoster.de/rubyonrails_vserver" "Mozilla/5.0 (Windows; U; Windows NT 5.1; en-US; rv:1.8.1.14) Gecko/20080404 Firefox/2.0.0.14"
92.228.68.33 - - [20/Apr/2008:22:13:26 +0200] "GET /misc/menu-collapsed.png HTTP/1.1" 200 108 "http://www.railshoster.de/misc/drupal.css" "Mozilla/5.0 (Windows; U; Windows NT 5.1; en-US; rv:1.8.1.14) Gecko/20080404 Firefox/2.0.0.14"
92.228.68.33 - - [20/Apr/2008:22:13:36 +0200] "GET /railshoster_getting_started HTTP/1.1" 200 3754 "http://www.railshoster.de/rubyonrails_vserver" "Mozilla/5.0 (Windows; U; Windows NT 5.1; en-US; rv:1.8.1.14) Gecko/20080404 Firefox/2.0.0.14"
92.228.68.33 - - [20/Apr/2008:22:13:40 +0200] "GET /rubyonrails_deployment_capistrano HTTP/1.1" 200 3909 "http://www.railshoster.de/railshoster_getting_started" "Mozilla/5.0 (Windows; U; Windows NT 5.1; en-US; rv:1.8.1.14) Gecko/20080404 Firefox/2.0.0.14"
92.228.68.33 - - [20/Apr/2008:22:13:40 +0200] "GET /files/images/subversion_alpha_instant_rails_deployment.thumbnail.jpg HTTP/1.1" 200 2648 "http://www.railshoster.de/rubyonrails_deployment_capistrano" "Mozilla/5.0 (Windows; U; Windows NT 5.1; en-US; rv:1.8.1.14) Gecko/20080404 Firefox/2.0.0.14"
134.96.211.2 - - [20/Apr/2008:22:15:48 +0200] "GET / HTTP/1.0" 200 22810 "-" "check_http/1.96 (nagios-plugins 1.4.5)"
66.249.70.209 - - [20/Apr/2008:22:17:20 +0200] "GET /lighttpd_reverse_proxy_webrick HTTP/1.1" 304 - "-" "Mozilla/5.0 (compatible; Googlebot/2.1; +http://www.google.com/bot.html)"
134.96.211.2 - - [20/Apr/2008:22:20:48 +0200] "GET / HTTP/1.0" 200 22810 "-" "check_http/1.96 (nagios-plugins 1.4.5)"
134.96.211.2 - - [20/Apr/2008:22:25:48 +0200] "GET / HTTP/1.0" 200 22810 "-" "check_http/1.96 (nagios-plugins 1.4.5)"
84.63.45.109 - - [20/Apr/2008:22:26:05 +0200] "GET / HTTP/1.1" 200 3640 "-" "Mozilla/5.0 (X11; U; Linux i686; de-DE; rv:1.8.1.13) Gecko/20080325 Ubuntu/7.10 (gutsy) Firefox/2.0.0.13"
84.63.45.109 - - [20/Apr/2008:22:26:05 +0200] "GET /misc/drupal.css HTTP/1.1" 200 11426 "http://www.railshoster.de/" "Mozilla/5.0 (X11; U; Linux i686; de-DE; rv:1.8.1.13) Gecko/20080325 Ubuntu/7.10 (gutsy) Firefox/2.0.0.13"
84.63.45.109 - - [20/Apr/2008:22:26:05 +0200] "GET /files/favicon.ico HTTP/1.1" 200 1406 "-" "Mozilla/5.0 (X11; U; Linux i686; de-DE; rv:1.8.1.13) Gecko/20080325 Ubuntu/7.10 (gutsy) Firefox/2.0.0.13"
84.63.45.109 - - [20/Apr/2008:22:26:05 +0200] "GET /modules/flash_gallery/flash_gallery.css HTTP/1.1" 200 49 "http://www.railshoster.de/" "Mozilla/5.0 (X11; U; Linux i686; de-DE; rv:1.8.1.13) Gecko/20080325 Ubuntu/7.10 (gutsy) Firefox/2.0.0.13"
84.63.45.109 - - [20/Apr/2008:22:26:05 +0200] "GET /modules/image/contrib/image_gallery/image_gallery.css HTTP/1.1" 200 491 "http://www.railshoster.de/" "Mozilla/5.0 (X11; U; Linux i686; de-DE; rv:1.8.1.13) Gecko/20080325 Ubuntu/7.10 (gutsy) Firefox/2.0.0.13"
84.63.45.109 - - [20/Apr/2008:22:26:05 +0200] "GET /modules/glossary/glossary.css HTTP/1.1" 200 571 "http://www.railshoster.de/" "Mozilla/5.0 (X11; U; Linux i686; de-DE; rv:1.8.1.13) Gecko/20080325 Ubuntu/7.10 (gutsy) Firefox/2.0.0.13"
84.63.45.109 - - [20/Apr/2008:22:26:05 +0200] "GET /themes/newsportal/style.css HTTP/1.1" 200 5213 "http://www.railshoster.de/" "Mozilla/5.0 (X11; U; Linux i686; de-DE; rv:1.8.1.13) Gecko/20080325 Ubuntu/7.10 (gutsy) Firefox/2.0.0.13"
84.63.45.109 - - [20/Apr/2008:22:26:05 +0200] "GET /misc/webfoundation.css HTTP/1.1" 200 292 "http://www.railshoster.de/" "Mozilla/5.0 (X11; U; Linux i686; de-DE; rv:1.8.1.13) Gecko/20080325 Ubuntu/7.10 (gutsy) Firefox/2.0.0.13"
84.63.45.109 - - [20/Apr/2008:22:26:05 +0200] "GET /images/hoch.gif HTTP/1.1" 200 97 "http://www.railshoster.de/" "Mozilla/5.0 (X11; U; Linux i686; de-DE; rv:1.8.1.13) Gecko/20080325 Ubuntu/7.10 (gutsy) Firefox/2.0.0.13"
84.63.45.109 - - [20/Apr/2008:22:26:05 +0200] "GET /images/bestellen.jpg?1201297173 HTTP/1.1" 200 1343 "http://www.railshoster.de/" "Mozilla/5.0 (X11; U; Linux i686; de-DE; rv:1.8.1.13) Gecko/20080325 Ubuntu/7.10 (gutsy) Firefox/2.0.0.13"
84.63.45.109 - - [20/Apr/2008:22:26:05 +0200] "GET /themes/newsportal/images/railshoster.png HTTP/1.1" 200 7264 "http://www.railshoster.de/themes/newsportal/style.css" "Mozilla/5.0 (X11; U; Linux i686; de-DE; rv:1.8.1.13) Gecko/20080325 Ubuntu/7.10 (gutsy) Firefox/2.0.0.13"
84.63.45.109 - - [20/Apr/2008:22:26:05 +0200] "GET /themes/newsportal/images/tab_bg.gif HTTP/1.1" 200 111 "http://www.railshoster.de/themes/newsportal/style.css" "Mozilla/5.0 (X11; U; Linux i686; de-DE; rv:1.8.1.13) Gecko/20080325 Ubuntu/7.10 (gutsy) Firefox/2.0.0.13"
84.63.45.109 - - [20/Apr/2008:22:26:05 +0200] "GET /themes/newsportal/images/side_bg.gif HTTP/1.1" 200 224 "http://www.railshoster.de/themes/newsportal/style.css" "Mozilla/5.0 (X11; U; Linux i686; de-DE; rv:1.8.1.13) Gecko/20080325 Ubuntu/7.10 (gutsy) Firefox/2.0.0.13"
82.83.254.32 - - [20/Apr/2008:22:26:21 +0200] "GET / HTTP/1.1" 200 3640 "-" "Mozilla/5.0 (Windows; U; Windows NT 5.1; de; rv:1.8.1.14) Gecko/20080404 Firefox/2.0.0.14"
82.83.254.32 - - [20/Apr/2008:22:26:22 +0200] "GET /misc/drupal.css HTTP/1.1" 200 11426 "http://www.railshoster.de/" "Mozilla/5.0 (Windows; U; Windows NT 5.1; de; rv:1.8.1.14) Gecko/20080404 Firefox/2.0.0.14"
82.83.254.32 - - [20/Apr/2008:22:26:22 +0200] "GET /files/favicon.ico HTTP/1.1" 200 1406 "-" "Mozilla/5.0 (Windows; U; Windows NT 5.1; de; rv:1.8.1.14) Gecko/20080404 Firefox/2.0.0.14"
82.83.254.32 - - [20/Apr/2008:22:26:22 +0200] "GET /modules/flash_gallery/flash_gallery.css HTTP/1.1" 200 49 "http://www.railshoster.de/" "Mozilla/5.0 (Windows; U; Windows NT 5.1; de; rv:1.8.1.14) Gecko/20080404 Firefox/2.0.0.14"
82.83.254.32 - - [20/Apr/2008:22:26:22 +0200] "GET /modules/image/contrib/image_gallery/image_gallery.css HTTP/1.1" 200 491 "http://www.railshoster.de/" "Mozilla/5.0 (Windows; U; Windows NT 5.1; de; rv:1.8.1.14) Gecko/20080404 Firefox/2.0.0.14"
82.83.254.32 - - [20/Apr/2008:22:26:22 +0200] "GET /modules/glossary/glossary.css HTTP/1.1" 200 571 "http://www.railshoster.de/" "Mozilla/5.0 (Windows; U; Windows NT 5.1; de; rv:1.8.1.14) Gecko/20080404 Firefox/2.0.0.14"
82.83.254.32 - - [20/Apr/2008:22:26:22 +0200] "GET /themes/newsportal/style.css HTTP/1.1" 200 5213 "http://www.railshoster.de/" "Mozilla/5.0 (Windows; U; Windows NT 5.1; de; rv:1.8.1.14) Gecko/20080404 Firefox/2.0.0.14"
82.83.254.32 - - [20/Apr/2008:22:26:23 +0200] "GET /misc/webfoundation.css HTTP/1.1" 200 292 "http://www.railshoster.de/" "Mozilla/5.0 (Windows; U; Windows NT 5.1; de; rv:1.8.1.14) Gecko/20080404 Firefox/2.0.0.14"
82.83.254.32 - - [20/Apr/2008:22:26:23 +0200] "GET /images/hoch.gif HTTP/1.1" 200 97 "http://www.railshoster.de/" "Mozilla/5.0 (Windows; U; Windows NT 5.1; de; rv:1.8.1.14) Gecko/20080404 Firefox/2.0.0.14"
82.83.254.32 - - [20/Apr/2008:22:26:23 +0200] "GET /images/bestellen.jpg?1201297173 HTTP/1.1" 200 1343 "http://www.railshoster.de/" "Mozilla/5.0 (Windows; U; Windows NT 5.1; de; rv:1.8.1.14) Gecko/20080404 Firefox/2.0.0.14"
82.83.254.32 - - [20/Apr/2008:22:26:23 +0200] "GET /themes/newsportal/images/railshoster.png HTTP/1.1" 200 7264 "http://www.railshoster.de/themes/newsportal/style.css" "Mozilla/5.0 (Windows; U; Windows NT 5.1; de; rv:1.8.1.14) Gecko/20080404 Firefox/2.0.0.14"
82.83.254.32 - - [20/Apr/2008:22:26:23 +0200] "GET /themes/newsportal/images/tab_bg.gif HTTP/1.1" 200 111 "http://www.railshoster.de/themes/newsportal/style.css" "Mozilla/5.0 (Windows; U; Windows NT 5.1; de; rv:1.8.1.14) Gecko/20080404 Firefox/2.0.0.14"
82.83.254.32 - - [20/Apr/2008:22:26:23 +0200] "GET /themes/newsportal/images/side_bg.gif HTTP/1.1" 200 224 "http://www.railshoster.de/themes/newsportal/style.css" "Mozilla/5.0 (Windows; U; Windows NT 5.1; de; rv:1.8.1.14) Gecko/20080404 Firefox/2.0.0.14"
134.96.211.2 - - [20/Apr/2008:22:30:47 +0200] "GET / HTTP/1.0" 200 22810 "-" "check_http/1.96 (nagios-plugins 1.4.5)"
80.237.209.89 - - [20/Apr/2008:22:35:47 +0200] "GET /rubyonrails_index HTTP/1.0" 200 7875 "-" "Acoon-Robot 4.0.0RC2 (http://www.acoon.de)"
134.96.211.2 - - [20/Apr/2008:22:35:48 +0200] "GET / HTTP/1.0" 200 22810 "-" "check_http/1.96 (nagios-plugins 1.4.5)"
88.73.5.113 - - [20/Apr/2008:22:36:23 +0200] "GET /putty_ssh_keygen_public_private_windows HTTP/1.1" 200 3370 "http://www.google.de/search?q=Putty+KeyGen&ie=utf-8&oe=utf-8&aq=t&rls=org.mozilla:de:official&client=firefox-a" "Mozilla/5.0 (Windows; U; Windows NT 5.1; de; rv:1.8.1.14) Gecko/20080404 Firefox/2.0.0.14"
88.73.5.113 - - [20/Apr/2008:22:36:25 +0200] "GET /misc/drupal.css HTTP/1.1" 200 11426 "http://www.railshoster.de/putty_ssh_keygen_public_private_windows" "Mozilla/5.0 (Windows; U; Windows NT 5.1; de; rv:1.8.1.14) Gecko/20080404 Firefox/2.0.0.14"
88.73.5.113 - - [20/Apr/2008:22:36:25 +0200] "GET /misc/drupal.js HTTP/1.1" 200 8863 "http://www.railshoster.de/putty_ssh_keygen_public_private_windows" "Mozilla/5.0 (Windows; U; Windows NT 5.1; de; rv:1.8.1.14) Gecko/20080404 Firefox/2.0.0.14"
88.73.5.113 - - [20/Apr/2008:22:36:25 +0200] "GET /modules/tinymce/tinymce/tinymce/jscripts/tiny_mce/tiny_mce.js HTTP/1.1" 200 136939 "http://www.railshoster.de/putty_ssh_keygen_public_private_windows" "Mozilla/5.0 (Windows; U; Windows NT 5.1; de; rv:1.8.1.14) Gecko/20080404 Firefox/2.0.0.14"
88.73.5.113 - - [20/Apr/2008:22:36:26 +0200] "GET /modules/tinymce/tinymce/tinymce/jscripts/tiny_mce/themes/advanced/editor_template.js HTTP/1.1" 200 40216 "http://www.railshoster.de/putty_ssh_keygen_public_private_windows" "Mozilla/5.0 (Windows; U; Windows NT 5.1; de; rv:1.8.1.14) Gecko/20080404 Firefox/2.0.0.14"
88.73.5.113 - - [20/Apr/2008:22:36:26 +0200] "GET /modules/tinymce/tinymce/tinymce/jscripts/tiny_mce/themes/advanced/langs/en.js HTTP/1.1" 200 2862 "http://www.railshoster.de/putty_ssh_keygen_public_private_windows" "Mozilla/5.0 (Windows; U; Windows NT 5.1; de; rv:1.8.1.14) Gecko/20080404 Firefox/2.0.0.14"
88.73.5.113 - - [20/Apr/2008:22:36:26 +0200] "GET /modules/tinymce/tinymce/tinymce/jscripts/tiny_mce/langs/en.js HTTP/1.1" 200 1650 "http://www.railshoster.de/putty_ssh_keygen_public_private_windows" "Mozilla/5.0 (Windows; U; Windows NT 5.1; de; rv:1.8.1.14) Gecko/20080404 Firefox/2.0.0.14"
88.73.5.113 - - [20/Apr/2008:22:36:26 +0200] "GET /modules/tinymce/tinymce/tinymce/jscripts/tiny_mce/themes/advanced/css/editor_ui.css HTTP/1.1" 200 7017 "http://www.railshoster.de/putty_ssh_keygen_public_private_windows" "Mozilla/5.0 (Windows; U; Windows NT 5.1; de; rv:1.8.1.14) Gecko/20080404 Firefox/2.0.0.14"
88.73.5.113 - - [20/Apr/2008:22:36:26 +0200] "GET /misc/collapse.js HTTP/1.1" 200 2208 "http://www.railshoster.de/putty_ssh_keygen_public_private_windows" "Mozilla/5.0 (Windows; U; Windows NT 5.1; de; rv:1.8.1.14) Gecko/20080404 Firefox/2.0.0.14"
88.73.5.113 - - [20/Apr/2008:22:36:26 +0200] "GET /files/favicon.ico HTTP/1.1" 200 1406 "-" "Mozilla/5.0 (Windows; U; Windows NT 5.1; de; rv:1.8.1.14) Gecko/20080404 Firefox/2.0.0.14"
88.73.5.113 - - [20/Apr/2008:22:36:26 +0200] "GET /modules/flash_gallery/flash_gallery.css HTTP/1.1" 200 49 "http://www.railshoster.de/putty_ssh_keygen_public_private_windows" "Mozilla/5.0 (Windows; U; Windows NT 5.1; de; rv:1.8.1.14) Gecko/20080404 Firefox/2.0.0.14"
88.73.5.113 - - [20/Apr/2008:22:36:27 +0200] "GET /modules/image/contrib/image_gallery/image_gallery.css HTTP/1.1" 200 491 "http://www.railshoster.de/putty_ssh_keygen_public_private_windows" "Mozilla/5.0 (Windows; U; Windows NT 5.1; de; rv:1.8.1.14) Gecko/20080404 Firefox/2.0.0.14"
88.73.5.113 - - [20/Apr/2008:22:36:27 +0200] "GET /modules/glossary/glossary.css HTTP/1.1" 200 571 "http://www.railshoster.de/putty_ssh_keygen_public_private_windows" "Mozilla/5.0 (Windows; U; Windows NT 5.1; de; rv:1.8.1.14) Gecko/20080404 Firefox/2.0.0.14"
88.73.5.113 - - [20/Apr/2008:22:36:27 +0200] "GET /themes/newsportal/style.css HTTP/1.1" 200 5213 "http://www.railshoster.de/putty_ssh_keygen_public_private_windows" "Mozilla/5.0 (Windows; U; Windows NT 5.1; de; rv:1.8.1.14) Gecko/20080404 Firefox/2.0.0.14"
88.73.5.113 - - [20/Apr/2008:22:36:27 +0200] "GET /misc/webfoundation.css HTTP/1.1" 200 292 "http://www.railshoster.de/putty_ssh_keygen_public_private_windows" "Mozilla/5.0 (Windows; U; Windows NT 5.1; de; rv:1.8.1.14) Gecko/20080404 Firefox/2.0.0.14"
88.73.5.113 - - [20/Apr/2008:22:36:27 +0200] "GET /files/images/generate_public_key_putty_windows.thumbnail.png HTTP/1.1" 200 7012 "http://www.railshoster.de/putty_ssh_keygen_public_private_windows" "Mozilla/5.0 (Windows; U; Windows NT 5.1; de; rv:1.8.1.14) Gecko/20080404 Firefox/2.0.0.14"
88.73.5.113 - - [20/Apr/2008:22:36:27 +0200] "GET /themes/newsportal/images/railshoster.png HTTP/1.1" 200 7264 "http://www.railshoster.de/themes/newsportal/style.css" "Mozilla/5.0 (Windows; U; Windows NT 5.1; de; rv:1.8.1.14) Gecko/20080404 Firefox/2.0.0.14"
88.73.5.113 - - [20/Apr/2008:22:36:27 +0200] "GET /themes/newsportal/images/tab_bg.gif HTTP/1.1" 200 111 "http://www.railshoster.de/themes/newsportal/style.css" "Mozilla/5.0 (Windows; U; Windows NT 5.1; de; rv:1.8.1.14) Gecko/20080404 Firefox/2.0.0.14"
88.73.5.113 - - [20/Apr/2008:22:36:27 +0200] "GET /themes/newsportal/images/side_bg.gif HTTP/1.1" 200 224 "http://www.railshoster.de/themes/newsportal/style.css" "Mozilla/5.0 (Windows; U; Windows NT 5.1; de; rv:1.8.1.14) Gecko/20080404 Firefox/2.0.0.14"
88.73.5.113 - - [20/Apr/2008:22:36:27 +0200] "GET /misc/menu-collapsed.png HTTP/1.1" 200 108 "http://www.railshoster.de/misc/drupal.css" "Mozilla/5.0 (Windows; U; Windows NT 5.1; de; rv:1.8.1.14) Gecko/20080404 Firefox/2.0.0.14"
66.249.70.209 - - [20/Apr/2008:22:36:36 +0200] "GET /railshoster_rueckruf HTTP/1.1" 200 3063 "-" "Mozilla/5.0 (compatible; Googlebot/2.1; +http://www.google.com/bot.html)"
134.96.211.2 - - [20/Apr/2008:22:40:48 +0200] "GET / HTTP/1.0" 200 22810 "-" "check_http/1.96 (nagios-plugins 1.4.5)"
84.63.45.109 - - [20/Apr/2008:22:43:00 +0200] "GET /subversion_svn HTTP/1.1" 200 4204 "http://www.railshoster.de/" "Mozilla/5.0 (X11; U; Linux i686; de-DE; rv:1.8.1.13) Gecko/20080325 Ubuntu/7.10 (gutsy) Firefox/2.0.0.13"
84.63.45.109 - - [20/Apr/2008:22:43:00 +0200] "GET /misc/drupal.js HTTP/1.1" 200 8863 "http://www.railshoster.de/subversion_svn" "Mozilla/5.0 (X11; U; Linux i686; de-DE; rv:1.8.1.13) Gecko/20080325 Ubuntu/7.10 (gutsy) Firefox/2.0.0.13"
84.63.45.109 - - [20/Apr/2008:22:43:00 +0200] "GET /modules/tinymce/tinymce/tinymce/jscripts/tiny_mce/tiny_mce.js HTTP/1.1" 200 136939 "http://www.railshoster.de/subversion_svn" "Mozilla/5.0 (X11; U; Linux i686; de-DE; rv:1.8.1.13) Gecko/20080325 Ubuntu/7.10 (gutsy) Firefox/2.0.0.13"
84.63.45.109 - - [20/Apr/2008:22:43:01 +0200] "GET /modules/tinymce/tinymce/tinymce/jscripts/tiny_mce/themes/advanced/editor_template.js HTTP/1.1" 200 40216 "http://www.railshoster.de/subversion_svn" "Mozilla/5.0 (X11; U; Linux i686; de-DE; rv:1.8.1.13) Gecko/20080325 Ubuntu/7.10 (gutsy) Firefox/2.0.0.13"
84.63.45.109 - - [20/Apr/2008:22:43:01 +0200] "GET /modules/tinymce/tinymce/tinymce/jscripts/tiny_mce/themes/advanced/langs/en.js HTTP/1.1" 200 2862 "http://www.railshoster.de/subversion_svn" "Mozilla/5.0 (X11; U; Linux i686; de-DE; rv:1.8.1.13) Gecko/20080325 Ubuntu/7.10 (gutsy) Firefox/2.0.0.13"
84.63.45.109 - - [20/Apr/2008:22:43:01 +0200] "GET /modules/tinymce/tinymce/tinymce/jscripts/tiny_mce/langs/en.js HTTP/1.1" 200 1650 "http://www.railshoster.de/subversion_svn" "Mozilla/5.0 (X11; U; Linux i686; de-DE; rv:1.8.1.13) Gecko/20080325 Ubuntu/7.10 (gutsy) Firefox/2.0.0.13"
84.63.45.109 - - [20/Apr/2008:22:43:01 +0200] "GET /modules/tinymce/tinymce/tinymce/jscripts/tiny_mce/themes/advanced/css/editor_ui.css HTTP/1.1" 200 7017 "http://www.railshoster.de/subversion_svn" "Mozilla/5.0 (X11; U; Linux i686; de-DE; rv:1.8.1.13) Gecko/20080325 Ubuntu/7.10 (gutsy) Firefox/2.0.0.13"
84.63.45.109 - - [20/Apr/2008:22:43:01 +0200] "GET /misc/collapse.js HTTP/1.1" 200 2208 "http://www.railshoster.de/subversion_svn" "Mozilla/5.0 (X11; U; Linux i686; de-DE; rv:1.8.1.13) Gecko/20080325 Ubuntu/7.10 (gutsy) Firefox/2.0.0.13"
84.63.45.109 - - [20/Apr/2008:22:43:01 +0200] "GET /misc/menu-collapsed.png HTTP/1.1" 200 108 "http://www.railshoster.de/misc/drupal.css" "Mozilla/5.0 (X11; U; Linux i686; de-DE; rv:1.8.1.13) Gecko/20080325 Ubuntu/7.10 (gutsy) Firefox/2.0.0.13"
80.237.209.89 - - [20/Apr/2008:22:43:39 +0200] "GET /putty_ssh_keygen_public_private_windows HTTP/1.0" 200 10637 "-" "Acoon-Robot 4.0.0RC2 (http://www.acoon.de)"
212.186.7.84 - - [20/Apr/2008:22:44:57 +0200] "GET /rubyonrails_vserver HTTP/1.1" 200 4554 "http://www.google.at/search?q=debian+etch+ruby+on+rails&hl=de&start=10&sa=N" "Mozilla/5.0 (Windows; U; Windows NT 5.1; de; rv:1.8.1.14) Gecko/20080404 Firefox/2.0.0.14"
212.186.7.84 - - [20/Apr/2008:22:44:57 +0200] "GET /misc/drupal.css HTTP/1.1" 200 11426 "http://www.railshoster.de/rubyonrails_vserver" "Mozilla/5.0 (Windows; U; Windows NT 5.1; de; rv:1.8.1.14) Gecko/20080404 Firefox/2.0.0.14"
212.186.7.84 - - [20/Apr/2008:22:44:57 +0200] "GET /misc/drupal.js HTTP/1.1" 200 8863 "http://www.railshoster.de/rubyonrails_vserver" "Mozilla/5.0 (Windows; U; Windows NT 5.1; de; rv:1.8.1.14) Gecko/20080404 Firefox/2.0.0.14"
212.186.7.84 - - [20/Apr/2008:22:44:57 +0200] "GET /modules/tinymce/tinymce/tinymce/jscripts/tiny_mce/tiny_mce.js HTTP/1.1" 200 136939 "http://www.railshoster.de/rubyonrails_vserver" "Mozilla/5.0 (Windows; U; Windows NT 5.1; de; rv:1.8.1.14) Gecko/20080404 Firefox/2.0.0.14"
212.186.7.84 - - [20/Apr/2008:22:44:58 +0200] "GET /modules/tinymce/tinymce/tinymce/jscripts/tiny_mce/themes/advanced/editor_template.js HTTP/1.1" 200 40216 "http://www.railshoster.de/rubyonrails_vserver" "Mozilla/5.0 (Windows; U; Windows NT 5.1; de; rv:1.8.1.14) Gecko/20080404 Firefox/2.0.0.14"
212.186.7.84 - - [20/Apr/2008:22:44:58 +0200] "GET /modules/tinymce/tinymce/tinymce/jscripts/tiny_mce/themes/advanced/langs/en.js HTTP/1.1" 200 2862 "http://www.railshoster.de/rubyonrails_vserver" "Mozilla/5.0 (Windows; U; Windows NT 5.1; de; rv:1.8.1.14) Gecko/20080404 Firefox/2.0.0.14"
212.186.7.84 - - [20/Apr/2008:22:44:58 +0200] "GET /modules/tinymce/tinymce/tinymce/jscripts/tiny_mce/langs/en.js HTTP/1.1" 200 1650 "http://www.railshoster.de/rubyonrails_vserver" "Mozilla/5.0 (Windows; U; Windows NT 5.1; de; rv:1.8.1.14) Gecko/20080404 Firefox/2.0.0.14"
212.186.7.84 - - [20/Apr/2008:22:44:58 +0200] "GET /modules/tinymce/tinymce/tinymce/jscripts/tiny_mce/themes/advanced/css/editor_ui.css HTTP/1.1" 200 7017 "http://www.railshoster.de/rubyonrails_vserver" "Mozilla/5.0 (Windows; U; Windows NT 5.1; de; rv:1.8.1.14) Gecko/20080404 Firefox/2.0.0.14"
212.186.7.84 - - [20/Apr/2008:22:44:58 +0200] "GET /misc/collapse.js HTTP/1.1" 200 2208 "http://www.railshoster.de/rubyonrails_vserver" "Mozilla/5.0 (Windows; U; Windows NT 5.1; de; rv:1.8.1.14) Gecko/20080404 Firefox/2.0.0.14"
212.186.7.84 - - [20/Apr/2008:22:44:58 +0200] "GET /modules/flash_gallery/flash_gallery.css HTTP/1.1" 200 49 "http://www.railshoster.de/rubyonrails_vserver" "Mozilla/5.0 (Windows; U; Windows NT 5.1; de; rv:1.8.1.14) Gecko/20080404 Firefox/2.0.0.14"
212.186.7.84 - - [20/Apr/2008:22:44:58 +0200] "GET /modules/image/contrib/image_gallery/image_gallery.css HTTP/1.1" 200 491 "http://www.railshoster.de/rubyonrails_vserver" "Mozilla/5.0 (Windows; U; Windows NT 5.1; de; rv:1.8.1.14) Gecko/20080404 Firefox/2.0.0.14"
212.186.7.84 - - [20/Apr/2008:22:44:58 +0200] "GET /modules/glossary/glossary.css HTTP/1.1" 200 571 "http://www.railshoster.de/rubyonrails_vserver" "Mozilla/5.0 (Windows; U; Windows NT 5.1; de; rv:1.8.1.14) Gecko/20080404 Firefox/2.0.0.14"
212.186.7.84 - - [20/Apr/2008:22:44:58 +0200] "GET /themes/newsportal/style.css HTTP/1.1" 200 5213 "http://www.railshoster.de/rubyonrails_vserver" "Mozilla/5.0 (Windows; U; Windows NT 5.1; de; rv:1.8.1.14) Gecko/20080404 Firefox/2.0.0.14"
212.186.7.84 - - [20/Apr/2008:22:44:58 +0200] "GET /misc/webfoundation.css HTTP/1.1" 200 292 "http://www.railshoster.de/rubyonrails_vserver" "Mozilla/5.0 (Windows; U; Windows NT 5.1; de; rv:1.8.1.14) Gecko/20080404 Firefox/2.0.0.14"
212.186.7.84 - - [20/Apr/2008:22:44:58 +0200] "GET /files/hoch.gif HTTP/1.1" 200 97 "http://www.railshoster.de/rubyonrails_vserver" "Mozilla/5.0 (Windows; U; Windows NT 5.1; de; rv:1.8.1.14) Gecko/20080404 Firefox/2.0.0.14"
212.186.7.84 - - [20/Apr/2008:22:44:58 +0200] "GET /files/rubyonrails_logo_spiegelung.png HTTP/1.1" 200 14880 "http://www.railshoster.de/rubyonrails_vserver" "Mozilla/5.0 (Windows; U; Windows NT 5.1; de; rv:1.8.1.14) Gecko/20080404 Firefox/2.0.0.14"
212.186.7.84 - - [20/Apr/2008:22:44:58 +0200] "GET /files/bestellen.jpg HTTP/1.1" 200 2186 "http://www.railshoster.de/rubyonrails_vserver" "Mozilla/5.0 (Windows; U; Windows NT 5.1; de; rv:1.8.1.14) Gecko/20080404 Firefox/2.0.0.14"
212.186.7.84 - - [20/Apr/2008:22:44:58 +0200] "GET /themes/newsportal/images/railshoster.png HTTP/1.1" 200 7264 "http://www.railshoster.de/themes/newsportal/style.css" "Mozilla/5.0 (Windows; U; Windows NT 5.1; de; rv:1.8.1.14) Gecko/20080404 Firefox/2.0.0.14"
212.186.7.84 - - [20/Apr/2008:22:44:59 +0200] "GET /themes/newsportal/images/tab_bg.gif HTTP/1.1" 200 111 "http://www.railshoster.de/themes/newsportal/style.css" "Mozilla/5.0 (Windows; U; Windows NT 5.1; de; rv:1.8.1.14) Gecko/20080404 Firefox/2.0.0.14"
212.186.7.84 - - [20/Apr/2008:22:44:59 +0200] "GET /themes/newsportal/images/side_bg.gif HTTP/1.1" 200 224 "http://www.railshoster.de/themes/newsportal/style.css" "Mozilla/5.0 (Windows; U; Windows NT 5.1; de; rv:1.8.1.14) Gecko/20080404 Firefox/2.0.0.14"
212.186.7.84 - - [20/Apr/2008:22:44:59 +0200] "GET /misc/menu-collapsed.png HTTP/1.1" 200 108 "http://www.railshoster.de/misc/drupal.css" "Mozilla/5.0 (Windows; U; Windows NT 5.1; de; rv:1.8.1.14) Gecko/20080404 Firefox/2.0.0.14"
212.186.7.84 - - [20/Apr/2008:22:44:59 +0200] "GET /files/favicon.ico HTTP/1.1" 200 1406 "-" "Mozilla/5.0 (Windows; U; Windows NT 5.1; de; rv:1.8.1.14) Gecko/20080404 Firefox/2.0.0.14"
212.186.7.84 - - [20/Apr/2008:22:44:59 +0200] "GET /files/favicon.ico HTTP/1.1" 200 1406 "-" "Mozilla/5.0 (Windows; U; Windows NT 5.1; de; rv:1.8.1.14) Gecko/20080404 Firefox/2.0.0.14"
134.96.211.2 - - [20/Apr/2008:22:45:48 +0200] "GET / HTTP/1.0" 200 22810 "-" "check_http/1.96 (nagios-plugins 1.4.5)"
84.63.45.109 - - [20/Apr/2008:22:50:01 +0200] "GET /rubyonrails_vserver HTTP/1.1" 200 4554 "http://www.railshoster.de/" "Mozilla/5.0 (X11; U; Linux i686; de-DE; rv:1.8.1.13) Gecko/20080325 Ubuntu/7.10 (gutsy) Firefox/2.0.0.13"
84.63.45.109 - - [20/Apr/2008:22:50:02 +0200] "GET /files/rubyonrails_logo_spiegelung.png HTTP/1.1" 200 14880 "http://www.railshoster.de/rubyonrails_vserver" "Mozilla/5.0 (X11; U; Linux i686; de-DE; rv:1.8.1.13) Gecko/20080325 Ubuntu/7.10 (gutsy) Firefox/2.0.0.13"
84.63.45.109 - - [20/Apr/2008:22:50:02 +0200] "GET /files/hoch.gif HTTP/1.1" 200 97 "http://www.railshoster.de/rubyonrails_vserver" "Mozilla/5.0 (X11; U; Linux i686; de-DE; rv:1.8.1.13) Gecko/20080325 Ubuntu/7.10 (gutsy) Firefox/2.0.0.13"
84.63.45.109 - - [20/Apr/2008:22:50:02 +0200] "GET /files/bestellen.jpg HTTP/1.1" 200 2186 "http://www.railshoster.de/rubyonrails_vserver" "Mozilla/5.0 (X11; U; Linux i686; de-DE; rv:1.8.1.13) Gecko/20080325 Ubuntu/7.10 (gutsy) Firefox/2.0.0.13"
134.96.211.2 - - [20/Apr/2008:22:50:48 +0200] "GET / HTTP/1.0" 200 22810 "-" "check_http/1.96 (nagios-plugins 1.4.5)"
66.249.70.209 - - [20/Apr/2008:22:52:31 +0200] "GET /node/3 HTTP/1.1" 304 - "-" "Mozilla/5.0 (compatible; Googlebot/2.1; +http://www.google.com/bot.html)"
66.249.70.209 - - [20/Apr/2008:22:52:36 +0200] "GET /rubyonrails_vserver_faq HTTP/1.1" 200 15001 "-" "Mozilla/5.0 (compatible; Googlebot/2.1; +http://www.google.com/bot.html)"
134.96.211.2 - - [20/Apr/2008:22:55:47 +0200] "GET / HTTP/1.0" 200 22810 "-" "check_http/1.96 (nagios-plugins 1.4.5)"
91.21.124.135 - - [20/Apr/2008:22:56:39 +0200] "GET /files/rails.png HTTP/1.1" 200 16531 "http://blog.stylesyndication.de/" "Mozilla/5.0 (Windows; U; Windows NT 5.1; de; rv:1.8.1.14) Gecko/20080404 Firefox/2.0.0.14"
134.96.211.2 - - [20/Apr/2008:23:00:48 +0200] "GET / HTTP/1.0" 200 22810 "-" "check_http/1.96 (nagios-plugins 1.4.5)"
134.96.211.2 - - [20/Apr/2008:23:05:47 +0200] "GET / HTTP/1.0" 200 22810 "-" "check_http/1.96 (nagios-plugins 1.4.5)"
134.96.211.2 - - [20/Apr/2008:23:10:48 +0200] "GET / HTTP/1.0" 200 22810 "-" "check_http/1.96 (nagios-plugins 1.4.5)"
134.96.211.2 - - [20/Apr/2008:23:15:47 +0200] "GET / HTTP/1.0" 200 22810 "-" "check_http/1.96 (nagios-plugins 1.4.5)"
134.96.211.2 - - [20/Apr/2008:23:20:48 +0200] "GET / HTTP/1.0" 200 22810 "-" "check_http/1.96 (nagios-plugins 1.4.5)"
134.96.211.2 - - [20/Apr/2008:23:25:48 +0200] "GET / HTTP/1.0" 200 22810 "-" "check_http/1.96 (nagios-plugins 1.4.5)"
134.96.211.2 - - [20/Apr/2008:23:30:48 +0200] "GET / HTTP/1.0" 200 22810 "-" "check_http/1.96 (nagios-plugins 1.4.5)"
128.194.135.94 - - [20/Apr/2008:23:34:19 +0200] "GET /robots.txt HTTP/1.1" 200 372 "-" "IRLbot/3.0 (compatible; MSIE 6.0; http://irl.cs.tamu.edu/crawler/)"
134.96.211.2 - - [20/Apr/2008:23:35:48 +0200] "GET / HTTP/1.0" 200 22810 "-" "check_http/1.96 (nagios-plugins 1.4.5)"
134.96.211.2 - - [20/Apr/2008:23:40:47 +0200] "GET / HTTP/1.0" 200 22810 "-" "check_http/1.96 (nagios-plugins 1.4.5)"
134.96.211.2 - - [20/Apr/2008:23:45:48 +0200] "GET / HTTP/1.0" 200 22810 "-" "check_http/1.96 (nagios-plugins 1.4.5)"
134.96.211.2 - - [20/Apr/2008:23:50:47 +0200] "GET / HTTP/1.0" 200 22810 "-" "check_http/1.96 (nagios-plugins 1.4.5)"
134.96.211.2 - - [20/Apr/2008:23:55:48 +0200] "GET / HTTP/1.0" 200 22810 "-" "check_http/1.96 (nagios-plugins 1.4.5)"
134.96.211.2 - - [21/Apr/2008:00:00:47 +0200] "GET / HTTP/1.0" 200 22810 "-" "check_http/1.96 (nagios-plugins 1.4.5)"
134.96.211.2 - - [21/Apr/2008:00:05:48 +0200] "GET / HTTP/1.0" 200 22810 "-" "check_http/1.96 (nagios-plugins 1.4.5)"
134.96.211.2 - - [21/Apr/2008:00:10:47 +0200] "GET / HTTP/1.0" 200 22810 "-" "check_http/1.96 (nagios-plugins 1.4.5)"
134.96.211.2 - - [21/Apr/2008:00:15:48 +0200] "GET / HTTP/1.0" 200 22810 "-" "check_http/1.96 (nagios-plugins 1.4.5)"
134.96.211.2 - - [21/Apr/2008:00:20:47 +0200] "GET / HTTP/1.0" 200 22810 "-" "check_http/1.96 (nagios-plugins 1.4.5)"
134.96.211.2 - - [21/Apr/2008:00:25:48 +0200] "GET / HTTP/1.0" 200 22810 "-" "check_http/1.96 (nagios-plugins 1.4.5)"
134.96.211.2 - - [21/Apr/2008:00:30:48 +0200] "GET / HTTP/1.0" 200 22810 "-" "check_http/1.96 (nagios-plugins 1.4.5)"
134.96.211.2 - - [21/Apr/2008:00:35:48 +0200] "GET / HTTP/1.0" 200 22810 "-" "check_http/1.96 (nagios-plugins 1.4.5)"
134.96.211.2 - - [21/Apr/2008:00:40:48 +0200] "GET / HTTP/1.0" 200 22810 "-" "check_http/1.96 (nagios-plugins 1.4.5)"
134.96.211.2 - - [21/Apr/2008:00:45:47 +0200] "GET / HTTP/1.0" 200 22810 "-" "check_http/1.96 (nagios-plugins 1.4.5)"
134.96.211.2 - - [21/Apr/2008:00:50:48 +0200] "GET / HTTP/1.0" 200 22810 "-" "check_http/1.96 (nagios-plugins 1.4.5)"
82.99.30.42 - - [21/Apr/2008:00:51:54 +0200] "GET /files/railshoster_mirror.png HTTP/1.0" 200 12826 "http://www.munax.com/referer.htm" "Mozilla/4.0 (compatible; MSIE 6.0; Windows NT 5.1)"
82.99.30.42 - - [21/Apr/2008:00:51:54 +0200] "GET /files/rubyonrails_logo_spiegelung.png HTTP/1.0" 200 14880 "http://www.munax.com/referer.htm" "Mozilla/4.0 (compatible; MSIE 6.0; Windows NT 5.1)"
134.96.211.2 - - [21/Apr/2008:00:55:47 +0200] "GET / HTTP/1.0" 200 22810 "-" "check_http/1.96 (nagios-plugins 1.4.5)"
134.96.211.2 - - [21/Apr/2008:01:00:48 +0200] "GET / HTTP/1.0" 200 22810 "-" "check_http/1.96 (nagios-plugins 1.4.5)"
134.96.211.2 - - [21/Apr/2008:01:05:48 +0200] "GET / HTTP/1.0" 200 22810 "-" "check_http/1.96 (nagios-plugins 1.4.5)"
134.96.211.2 - - [21/Apr/2008:01:10:48 +0200] "GET / HTTP/1.0" 200 22810 "-" "check_http/1.96 (nagios-plugins 1.4.5)"
134.96.211.2 - - [21/Apr/2008:01:15:47 +0200] "GET / HTTP/1.0" 200 22810 "-" "check_http/1.96 (nagios-plugins 1.4.5)"
82.99.30.22 - - [21/Apr/2008:01:20:11 +0200] "GET /files/installation_frei.png HTTP/1.0" 200 25545 "http://www.munax.com/referer.htm" "Mozilla/4.0 (compatible; MSIE 6.0; Windows NT 5.1)"
134.96.211.2 - - [21/Apr/2008:01:20:48 +0200] "GET / HTTP/1.0" 200 22810 "-" "check_http/1.96 (nagios-plugins 1.4.5)"
134.96.211.2 - - [21/Apr/2008:01:25:47 +0200] "GET / HTTP/1.0" 200 22810 "-" "check_http/1.96 (nagios-plugins 1.4.5)"
74.6.8.107 - - [21/Apr/2008:01:28:14 +0200] "GET /robots.txt HTTP/1.0" 200 372 "-" "Mozilla/5.0 (compatible; Yahoo! Slurp; http://help.yahoo.com/help/us/ysearch/slurp)"
74.6.25.38 - - [21/Apr/2008:01:28:14 +0200] "GET /subversion_svn HTTP/1.0" 200 12901 "-" "Mozilla/5.0 (compatible; Yahoo! Slurp; http://help.yahoo.com/help/us/ysearch/slurp)"
134.96.211.2 - - [21/Apr/2008:01:30:48 +0200] "GET / HTTP/1.0" 200 22810 "-" "check_http/1.96 (nagios-plugins 1.4.5)"
80.237.209.89 - - [21/Apr/2008:01:35:10 +0200] "GET /rubyonrails_deployment_capistrano HTTP/1.0" 200 12212 "-" "Acoon-Robot 4.0.0RC2 (http://www.acoon.de)"
134.96.211.2 - - [21/Apr/2008:01:35:48 +0200] "GET / HTTP/1.0" 200 22810 "-" "check_http/1.96 (nagios-plugins 1.4.5)"
134.96.211.2 - - [21/Apr/2008:01:40:48 +0200] "GET / HTTP/1.0" 200 22810 "-" "check_http/1.96 (nagios-plugins 1.4.5)"
134.96.211.2 - - [21/Apr/2008:01:45:48 +0200] "GET / HTTP/1.0" 200 22810 "-" "check_http/1.96 (nagios-plugins 1.4.5)"
134.96.211.2 - - [21/Apr/2008:01:50:47 +0200] "GET / HTTP/1.0" 200 22810 "-" "check_http/1.96 (nagios-plugins 1.4.5)"
134.96.211.2 - - [21/Apr/2008:01:55:48 +0200] "GET / HTTP/1.0" 200 22810 "-" "check_http/1.96 (nagios-plugins 1.4.5)"
134.96.211.2 - - [21/Apr/2008:02:00:47 +0200] "GET / HTTP/1.0" 200 22810 "-" "check_http/1.96 (nagios-plugins 1.4.5)"
134.96.211.2 - - [21/Apr/2008:02:05:48 +0200] "GET / HTTP/1.0" 200 22810 "-" "check_http/1.96 (nagios-plugins 1.4.5)"
74.6.22.159 - - [21/Apr/2008:02:06:17 +0200] "GET /robots.txt HTTP/1.0" 200 372 "-" "Mozilla/5.0 (compatible; Yahoo! Slurp; http://help.yahoo.com/help/us/ysearch/slurp)"
74.6.29.50 - - [21/Apr/2008:02:06:18 +0200] "GET /node/21 HTTP/1.0" 200 10673 "-" "Mozilla/5.0 (compatible; Yahoo! Slurp; http://help.yahoo.com/help/us/ysearch/slurp)"
74.6.28.120 - - [21/Apr/2008:02:09:39 +0200] "GET /node HTTP/1.0" 200 68 "-" "Mozilla/5.0 (compatible; Yahoo! Slurp; http://help.yahoo.com/help/us/ysearch/slurp)"
134.96.211.2 - - [21/Apr/2008:02:10:47 +0200] "GET / HTTP/1.0" 200 22810 "-" "check_http/1.96 (nagios-plugins 1.4.5)"
134.96.211.2 - - [21/Apr/2008:02:15:48 +0200] "GET / HTTP/1.0" 200 22810 "-" "check_http/1.96 (nagios-plugins 1.4.5)"
134.96.211.2 - - [21/Apr/2008:02:20:47 +0200] "GET / HTTP/1.0" 200 22810 "-" "check_http/1.96 (nagios-plugins 1.4.5)"
134.96.211.2 - - [21/Apr/2008:02:25:48 +0200] "GET / HTTP/1.0" 200 22810 "-" "check_http/1.96 (nagios-plugins 1.4.5)"
67.202.45.165 - - [21/Apr/2008:02:30:30 +0200] "GET /robots.txt HTTP/1.0" 200 372 "-" "Python-urllib/1.17"
67.202.45.165 - - [21/Apr/2008:02:30:30 +0200] "GET /rubyonrails_vserver_faq HTTP/1.1" 200 15001 "-" "TinEye/1.1 (http://tineye.com/crawler.html)"
134.96.211.2 - - [21/Apr/2008:02:30:47 +0200] "GET / HTTP/1.0" 200 22810 "-" "check_http/1.96 (nagios-plugins 1.4.5)"
134.96.211.2 - - [21/Apr/2008:02:35:48 +0200] "GET / HTTP/1.0" 200 22810 "-" "check_http/1.96 (nagios-plugins 1.4.5)"
134.96.211.2 - - [21/Apr/2008:02:40:47 +0200] "GET / HTTP/1.0" 200 22810 "-" "check_http/1.96 (nagios-plugins 1.4.5)"
134.96.211.2 - - [21/Apr/2008:02:45:47 +0200] "GET / HTTP/1.0" 200 22810 "-" "check_http/1.96 (nagios-plugins 1.4.5)"
134.96.211.2 - - [21/Apr/2008:02:50:48 +0200] "GET / HTTP/1.0" 200 22810 "-" "check_http/1.96 (nagios-plugins 1.4.5)"
134.96.211.2 - - [21/Apr/2008:02:55:48 +0200] "GET / HTTP/1.0" 200 22810 "-" "check_http/1.96 (nagios-plugins 1.4.5)"
134.96.211.2 - - [21/Apr/2008:03:00:47 +0200] "GET / HTTP/1.0" 200 22810 "-" "check_http/1.96 (nagios-plugins 1.4.5)"
134.96.211.2 - - [21/Apr/2008:03:05:48 +0200] "GET / HTTP/1.0" 200 22810 "-" "check_http/1.96 (nagios-plugins 1.4.5)"
134.96.211.2 - - [21/Apr/2008:03:10:47 +0200] "GET / HTTP/1.0" 200 22810 "-" "check_http/1.96 (nagios-plugins 1.4.5)"
134.96.211.2 - - [21/Apr/2008:03:15:48 +0200] "GET / HTTP/1.0" 200 22810 "-" "check_http/1.96 (nagios-plugins 1.4.5)"
67.202.45.165 - - [21/Apr/2008:03:17:54 +0200] "GET /robots.txt HTTP/1.0" 200 372 "-" "Python-urllib/1.17"
67.202.45.165 - - [21/Apr/2008:03:17:55 +0200] "GET /rubyonrails_vserver HTTP/1.1" 200 26685 "-" "TinEye/1.1 (http://tineye.com/crawler.html)"
134.96.211.2 - - [21/Apr/2008:03:20:47 +0200] "GET / HTTP/1.0" 200 22810 "-" "check_http/1.96 (nagios-plugins 1.4.5)"
134.96.211.2 - - [21/Apr/2008:03:25:48 +0200] "GET / HTTP/1.0" 200 22810 "-" "check_http/1.96 (nagios-plugins 1.4.5)"
134.96.211.2 - - [21/Apr/2008:03:30:48 +0200] "GET / HTTP/1.0" 200 22810 "-" "check_http/1.96 (nagios-plugins 1.4.5)"
134.96.211.2 - - [21/Apr/2008:03:35:47 +0200] "GET / HTTP/1.0" 200 22810 "-" "check_http/1.96 (nagios-plugins 1.4.5)"
