88.217.65.120 - - [20/Apr/2008:14:26:30 +0200] "GET /misc/drupal.css HTTP/1.1" 200 11426 "http://www.railshoster.de/putty_ssh_keygen_public_private_windows" "Mozilla/5.0 (Windows; U; Windows NT 5.1; de; rv:1.8.1.14) Gecko/20080404 Firefox/2.0.0.14"
88.217.65.120 - - [20/Apr/2008:14:26:31 +0200] "GET /modules/flash_gallery/flash_gallery.css HTTP/1.1" 200 49 "http://www.railshoster.de/putty_ssh_keygen_public_private_windows" "Mozilla/5.0 (Windows; U; Windows NT 5.1; de; rv:1.8.1.14) Gecko/20080404 Firefox/2.0.0.14"
88.217.65.120 - - [20/Apr/2008:14:26:31 +0200] "GET /modules/image/contrib/image_gallery/image_gallery.css HTTP/1.1" 200 491 "http://www.railshoster.de/putty_ssh_keygen_public_private_windows" "Mozilla/5.0 (Windows; U; Windows NT 5.1; de; rv:1.8.1.14) Gecko/20080404 Firefox/2.0.0.14"
88.217.65.120 - - [20/Apr/2008:14:26:31 +0200] "GET /modules/glossary/glossary.css HTTP/1.1" 200 571 "http://www.railshoster.de/putty_ssh_keygen_public_private_windows" "Mozilla/5.0 (Windows; U; Windows NT 5.1; de; rv:1.8.1.14) Gecko/20080404 Firefox/2.0.0.14"
88.217.65.120 - - [20/Apr/2008:14:26:31 +0200] "GET /themes/newsportal/style.css HTTP/1.1" 200 5213 "http://www.railshoster.de/putty_ssh_keygen_public_private_windows" "Mozilla/5.0 (Windows; U; Windows NT 5.1; de; rv:1.8.1.14) Gecko/20080404 Firefox/2.0.0.14"
88.217.65.120 - - [20/Apr/2008:14:26:31 +0200] "GET /misc/webfoundation.css HTTP/1.1" 200 292 "http://www.railshoster.de/putty_ssh_keygen_public_private_windows" "Mozilla/5.0 (Windows; U; Windows NT 5.1; de; rv:1.8.1.14) Gecko/20080404 Firefox/2.0.0.14"
88.217.65.120 - - [20/Apr/2008:14:26:31 +0200] "GET /files/images/generate_public_key_putty_windows.thumbnail.png HTTP/1.1" 200 7012 "http://www.railshoster.de/putty_ssh_keygen_public_private_windows" "Mozilla/5.0 (Windows; U; Windows NT 5.1; de; rv:1.8.1.14) Gecko/20080404 Firefox/2.0.0.14"
88.217.65.120 - - [20/Apr/2008:14:26:31 +0200] "GET /themes/newsportal/images/railshoster.png HTTP/1.1" 200 7264 "http://www.railshoster.de/themes/newsportal/style.css" "Mozilla/5.0 (Windows; U; Windows NT 5.1; de; rv:1.8.1.14) Gecko/20080404 Firefox/2.0.0.14"
88.217.65.120 - - [20/Apr/2008:14:26:31 +0200] "GET /themes/newsportal/images/tab_bg.gif HTTP/1.1" 200 111 "http://www.railshoster.de/themes/newsportal/style.css" "Mozilla/5.0 (Windows; U; Windows NT 5.1; de; rv:1.8.1.14) Gecko/20080404 Firefox/2.0.0.14"
88.217.65.120 - - [20/Apr/2008:14:26:31 +0200] "GET /files/favicon.ico HTTP/1.1" 200 1406 "-" "Mozilla/5.0 (Windows; U; Windows NT 5.1; de; rv:1.8.1.14) Gecko/20080404 Firefox/2.0.0.14"
88.217.65.120 - - [20/Apr/2008:14:26:31 +0200] "GET /themes/newsportal/images/side_bg.gif HTTP/1.1" 200 224 "http://www.railshoster.de/themes/newsportal/style.css" "Mozilla/5.0 (Windows; U; Windows NT 5.1; de; rv:1.8.1.14) Gecko/20080404 Firefox/2.0.0.14"
88.217.65.120 - - [20/Apr/2008:14:26:39 +0200] "GET /files/generate_public_key_putty_windows_0.swf HTTP/1.1" 200 3336660 "http://www.railshoster.de/putty_ssh_keygen_public_private_windows" "Mozilla/5.0 (Windows; U; Windows NT 5.1; de; rv:1.8.1.14) Gecko/20080404 Firefox/2.0.0.14"
88.217.65.120 - - [20/Apr/2008:14:26:39 +0200] "GET /favicon.ico HTTP/1.1" 404 1873 "-" "Mozilla/5.0 (Windows; U; Windows NT 5.1; de; rv:1.8.1.14) Gecko/20080404 Firefox/2.0.0.14"
88.217.65.120 - - [20/Apr/2008:14:26:40 +0200] "GET /files/generate_public_key_putty_windows_0.swf HTTP/1.1" 206 3336660 "http://www.railshoster.de/putty_ssh_keygen_public_private_windows" "Mozilla/5.0 (Windows; U; Windows NT 5.1; de; rv:1.8.1.14) Gecko/20080404 Firefox/2.0.0.14"
134.96.211.2 - - [20/Apr/2008:14:30:48 +0200] "GET / HTTP/1.0" 200 22810 "-" "check_http/1.96 (nagios-plugins 1.4.5)"
134.96.211.2 - - [20/Apr/2008:14:35:48 +0200] "GET / HTTP/1.0" 200 22810 "-" "check_http/1.96 (nagios-plugins 1.4.5)"
65.55.210.9 - - [20/Apr/2008:14:38:42 +0200] "GET /robots.txt HTTP/1.1" 200 372 "-" "msnbot/1.1 (+http://search.msn.com/msnbot.htm)"
65.55.210.9 - - [20/Apr/2008:14:38:42 +0200] "GET /screencasts/subversion_alpha_instant_rails_deployment/subversion_alpha_instant_rails_deployment.html HTTP/1.1" 304 - "-" "msnbot/1.1 (+http://search.msn.com/msnbot.htm)"
134.96.211.2 - - [20/Apr/2008:14:40:48 +0200] "GET / HTTP/1.0" 200 22810 "-" "check_http/1.96 (nagios-plugins 1.4.5)"
134.96.211.2 - - [20/Apr/2008:14:45:48 +0200] "GET / HTTP/1.0" 200 22810 "-" "check_http/1.96 (nagios-plugins 1.4.5)"
58.65.238.26 - - [20/Apr/2008:14:46:34 +0200] "GET /node/12 HTTP/1.1" 200 10104 "-" "-"
58.65.238.26 - - [20/Apr/2008:14:46:35 +0200] "POST /node/12 HTTP/1.1" 200 10685 "http://hosting.webfoundation.info/node/12" "Opera/9.0 (Windows NT 5.1; U; en)"
58.65.238.26 - - [20/Apr/2008:14:46:35 +0200] "POST /node/12 HTTP/1.1" 200 10748 "http://hosting.webfoundation.info/node/12" "Opera/9.0 (Windows NT 5.1; U; en)"
58.65.238.26 - - [20/Apr/2008:14:46:36 +0200] "POST /node/12 HTTP/1.1" 200 10706 "http://hosting.webfoundation.info/node/12" "Opera/9.0 (Windows NT 5.1; U; en)"
58.65.238.26 - - [20/Apr/2008:14:46:37 +0200] "POST /node/12 HTTP/1.1" 200 10743 "http://hosting.webfoundation.info/node/12" "Opera/9.0 (Windows NT 5.1; U; en)"
58.65.238.26 - - [20/Apr/2008:14:46:38 +0200] "POST /node/12 HTTP/1.1" 200 10727 "http://hosting.webfoundation.info/node/12" "Opera/9.0 (Windows NT 5.1; U; en)"
58.65.238.26 - - [20/Apr/2008:14:46:38 +0200] "POST /node/12 HTTP/1.1" 200 10760 "http://hosting.webfoundation.info/node/12" "Opera/9.0 (Windows NT 5.1; U; en)"
58.65.238.26 - - [20/Apr/2008:14:46:39 +0200] "POST /node/12 HTTP/1.1" 200 10801 "http://hosting.webfoundation.info/node/12" "Opera/9.0 (Windows NT 5.1; U; en)"
58.65.238.26 - - [20/Apr/2008:14:46:40 +0200] "POST /node/12 HTTP/1.1" 200 10763 "http://hosting.webfoundation.info/node/12" "Opera/9.0 (Windows NT 5.1; U; en)"
58.65.238.26 - - [20/Apr/2008:14:46:41 +0200] "POST /node/12 HTTP/1.1" 200 10763 "http://hosting.webfoundation.info/node/12" "Opera/9.0 (Windows NT 5.1; U; en)"
58.65.238.26 - - [20/Apr/2008:14:46:42 +0200] "POST /node/12 HTTP/1.1" 200 10743 "http://hosting.webfoundation.info/node/12" "Opera/9.0 (Windows NT 5.1; U; en)"
58.65.238.26 - - [20/Apr/2008:14:46:42 +0200] "POST /node/12 HTTP/1.1" 200 10737 "http://hosting.webfoundation.info/node/12" "Opera/9.0 (Windows NT 5.1; U; en)"
58.65.238.26 - - [20/Apr/2008:14:46:43 +0200] "POST /node/12 HTTP/1.1" 200 10781 "http://hosting.webfoundation.info/node/12" "Opera/9.0 (Windows NT 5.1; U; en)"
58.65.238.26 - - [20/Apr/2008:14:46:44 +0200] "POST /node/12 HTTP/1.1" 200 10742 "http://hosting.webfoundation.info/node/12" "Opera/9.0 (Windows NT 5.1; U; en)"
58.65.238.26 - - [20/Apr/2008:14:46:45 +0200] "POST /node/12 HTTP/1.1" 200 10716 "http://hosting.webfoundation.info/node/12" "Opera/9.0 (Windows NT 5.1; U; en)"
58.65.238.26 - - [20/Apr/2008:14:46:46 +0200] "POST /node/12 HTTP/1.1" 200 10782 "http://hosting.webfoundation.info/node/12" "Opera/9.0 (Windows NT 5.1; U; en)"
58.65.238.26 - - [20/Apr/2008:14:46:46 +0200] "POST /node/12 HTTP/1.1" 200 10816 "http://hosting.webfoundation.info/node/12" "Opera/9.0 (Windows NT 5.1; U; en)"
58.65.238.26 - - [20/Apr/2008:14:46:47 +0200] "POST /node/12 HTTP/1.1" 200 10749 "http://hosting.webfoundation.info/node/12" "Opera/9.0 (Windows NT 5.1; U; en)"
58.65.238.26 - - [20/Apr/2008:14:46:48 +0200] "POST /node/12 HTTP/1.1" 200 10794 "http://hosting.webfoundation.info/node/12" "Opera/9.0 (Windows NT 5.1; U; en)"
58.65.238.26 - - [20/Apr/2008:14:46:49 +0200] "POST /node/12 HTTP/1.1" 200 10756 "http://hosting.webfoundation.info/node/12" "Opera/9.0 (Windows NT 5.1; U; en)"
58.65.238.26 - - [20/Apr/2008:14:46:50 +0200] "POST /node/12 HTTP/1.1" 200 10746 "http://hosting.webfoundation.info/node/12" "Opera/9.0 (Windows NT 5.1; U; en)"
58.65.238.26 - - [20/Apr/2008:14:46:50 +0200] "POST /node/12 HTTP/1.1" 200 10837 "http://hosting.webfoundation.info/node/12" "Opera/9.0 (Windows NT 5.1; U; en)"
58.65.238.26 - - [20/Apr/2008:14:46:51 +0200] "POST /node/12 HTTP/1.1" 200 10829 "http://hosting.webfoundation.info/node/12" "Opera/9.0 (Windows NT 5.1; U; en)"
58.65.238.26 - - [20/Apr/2008:14:46:52 +0200] "POST /node/12 HTTP/1.1" 200 10728 "http://hosting.webfoundation.info/node/12" "Opera/9.0 (Windows NT 5.1; U; en)"
58.65.238.26 - - [20/Apr/2008:14:46:53 +0200] "POST /node/12 HTTP/1.1" 200 10803 "http://hosting.webfoundation.info/node/12" "Opera/9.0 (Windows NT 5.1; U; en)"
58.65.238.26 - - [20/Apr/2008:14:46:54 +0200] "POST /node/12 HTTP/1.1" 200 10804 "http://hosting.webfoundation.info/node/12" "Opera/9.0 (Windows NT 5.1; U; en)"
58.65.238.26 - - [20/Apr/2008:14:46:55 +0200] "POST /node/12 HTTP/1.1" 200 10713 "http://hosting.webfoundation.info/node/12" "Opera/9.0 (Windows NT 5.1; U; en)"
58.65.238.26 - - [20/Apr/2008:14:46:55 +0200] "POST /node/12 HTTP/1.1" 200 10780 "http://hosting.webfoundation.info/node/12" "Opera/9.0 (Windows NT 5.1; U; en)"
58.65.238.26 - - [20/Apr/2008:14:46:56 +0200] "POST /node/12 HTTP/1.1" 200 10729 "http://hosting.webfoundation.info/node/12" "Opera/9.0 (Windows NT 5.1; U; en)"
58.65.238.26 - - [20/Apr/2008:14:46:57 +0200] "POST /node/12 HTTP/1.1" 200 10733 "http://hosting.webfoundation.info/node/12" "Opera/9.0 (Windows NT 5.1; U; en)"
58.65.238.26 - - [20/Apr/2008:14:46:58 +0200] "POST /node/12 HTTP/1.1" 200 10662 "http://hosting.webfoundation.info/node/12" "Opera/9.0 (Windows NT 5.1; U; en)"
134.96.211.2 - - [20/Apr/2008:14:50:48 +0200] "GET / HTTP/1.0" 200 22810 "-" "check_http/1.96 (nagios-plugins 1.4.5)"
80.109.216.254 - - [20/Apr/2008:14:54:41 +0200] "GET /instant_rails_linux HTTP/1.1" 200 10673 "http://www.google.de/search?client=opera&rls=de&q=instant+rails+linux&sourceid=opera&ie=utf-8&oe=utf-8&lr=lang_de" "Opera/9.27 (Windows NT 5.1; U; de)"
80.109.216.254 - - [20/Apr/2008:14:54:42 +0200] "GET /misc/drupal.js HTTP/1.1" 200 8863 "http://www.railshoster.de/instant_rails_linux" "Opera/9.27 (Windows NT 5.1; U; de)"
80.109.216.254 - - [20/Apr/2008:14:54:42 +0200] "GET /misc/drupal.css HTTP/1.1" 200 11426 "http://www.railshoster.de/instant_rails_linux" "Opera/9.27 (Windows NT 5.1; U; de)"
80.109.216.254 - - [20/Apr/2008:14:54:42 +0200] "GET /modules/tinymce/tinymce/tinymce/jscripts/tiny_mce/tiny_mce.js HTTP/1.1" 200 136939 "http://www.railshoster.de/instant_rails_linux" "Opera/9.27 (Windows NT 5.1; U; de)"
80.109.216.254 - - [20/Apr/2008:14:54:43 +0200] "GET /modules/tinymce/tinymce/tinymce/jscripts/tiny_mce/themes/advanced/editor_template.js HTTP/1.1" 200 40216 "http://www.railshoster.de/instant_rails_linux" "Opera/9.27 (Windows NT 5.1; U; de)"
80.109.216.254 - - [20/Apr/2008:14:54:43 +0200] "GET /modules/tinymce/tinymce/tinymce/jscripts/tiny_mce/themes/advanced/langs/en.js HTTP/1.1" 200 2862 "http://www.railshoster.de/instant_rails_linux" "Opera/9.27 (Windows NT 5.1; U; de)"
80.109.216.254 - - [20/Apr/2008:14:54:43 +0200] "GET /modules/tinymce/tinymce/tinymce/jscripts/tiny_mce/langs/en.js HTTP/1.1" 200 1650 "http://www.railshoster.de/instant_rails_linux" "Opera/9.27 (Windows NT 5.1; U; de)"
80.109.216.254 - - [20/Apr/2008:14:54:43 +0200] "GET /modules/tinymce/tinymce/tinymce/jscripts/tiny_mce/themes/advanced/css/editor_ui.css HTTP/1.1" 200 7017 "http://www.railshoster.de/instant_rails_linux" "Opera/9.27 (Windows NT 5.1; U; de)"
80.109.216.254 - - [20/Apr/2008:14:54:43 +0200] "GET /misc/collapse.js HTTP/1.1" 200 2208 "http://www.railshoster.de/instant_rails_linux" "Opera/9.27 (Windows NT 5.1; U; de)"
80.109.216.254 - - [20/Apr/2008:14:54:43 +0200] "GET /files/favicon.ico HTTP/1.1" 200 1406 "http://www.railshoster.de/instant_rails_linux" "Opera/9.27 (Windows NT 5.1; U; de)"
80.109.216.254 - - [20/Apr/2008:14:54:43 +0200] "GET /modules/flash_gallery/flash_gallery.css HTTP/1.1" 200 49 "http://www.railshoster.de/instant_rails_linux" "Opera/9.27 (Windows NT 5.1; U; de)"
80.109.216.254 - - [20/Apr/2008:14:54:43 +0200] "GET /modules/image/contrib/image_gallery/image_gallery.css HTTP/1.1" 200 491 "http://www.railshoster.de/instant_rails_linux" "Opera/9.27 (Windows NT 5.1; U; de)"
80.109.216.254 - - [20/Apr/2008:14:54:43 +0200] "GET /modules/glossary/glossary.css HTTP/1.1" 200 571 "http://www.railshoster.de/instant_rails_linux" "Opera/9.27 (Windows NT 5.1; U; de)"
80.109.216.254 - - [20/Apr/2008:14:54:43 +0200] "GET /themes/newsportal/style.css HTTP/1.1" 200 5213 "http://www.railshoster.de/instant_rails_linux" "Opera/9.27 (Windows NT 5.1; U; de)"
80.109.216.254 - - [20/Apr/2008:14:54:43 +0200] "GET /misc/webfoundation.css HTTP/1.1" 200 292 "http://www.railshoster.de/instant_rails_linux" "Opera/9.27 (Windows NT 5.1; U; de)"
80.109.216.254 - - [20/Apr/2008:14:54:43 +0200] "GET /themes/newsportal/images/railshoster.png HTTP/1.1" 200 7264 "http://www.railshoster.de/instant_rails_linux" "Opera/9.27 (Windows NT 5.1; U; de)"
80.109.216.254 - - [20/Apr/2008:14:54:43 +0200] "GET /themes/newsportal/images/tab_bg.gif HTTP/1.1" 200 111 "http://www.railshoster.de/instant_rails_linux" "Opera/9.27 (Windows NT 5.1; U; de)"
80.109.216.254 - - [20/Apr/2008:14:54:43 +0200] "GET /themes/newsportal/images/side_bg.gif HTTP/1.1" 200 224 "http://www.railshoster.de/instant_rails_linux" "Opera/9.27 (Windows NT 5.1; U; de)"
80.109.216.254 - - [20/Apr/2008:14:54:43 +0200] "GET /files/images/subversion_alpha_instant_rails_deployment.preview.jpg HTTP/1.1" 200 46617 "http://www.railshoster.de/instant_rails_linux" "Opera/9.27 (Windows NT 5.1; U; de)"
80.109.216.254 - - [20/Apr/2008:14:54:44 +0200] "GET /misc/menu-collapsed.png HTTP/1.1" 200 108 "http://www.railshoster.de/instant_rails_linux" "Opera/9.27 (Windows NT 5.1; U; de)"
134.96.211.2 - - [20/Apr/2008:14:55:48 +0200] "GET / HTTP/1.0" 200 22810 "-" "check_http/1.96 (nagios-plugins 1.4.5)"
134.96.211.2 - - [20/Apr/2008:15:00:48 +0200] "GET / HTTP/1.0" 200 22810 "-" "check_http/1.96 (nagios-plugins 1.4.5)"
134.96.211.2 - - [20/Apr/2008:15:05:48 +0200] "GET / HTTP/1.0" 200 22810 "-" "check_http/1.96 (nagios-plugins 1.4.5)"
134.96.211.2 - - [20/Apr/2008:15:10:48 +0200] "GET / HTTP/1.0" 200 22810 "-" "check_http/1.96 (nagios-plugins 1.4.5)"
134.96.211.2 - - [20/Apr/2008:15:15:48 +0200] "GET / HTTP/1.0" 200 22810 "-" "check_http/1.96 (nagios-plugins 1.4.5)"
134.96.211.2 - - [20/Apr/2008:15:20:48 +0200] "GET / HTTP/1.0" 200 22810 "-" "check_http/1.96 (nagios-plugins 1.4.5)"
134.96.211.2 - - [20/Apr/2008:15:25:48 +0200] "GET / HTTP/1.0" 200 22810 "-" "check_http/1.96 (nagios-plugins 1.4.5)"
74.6.8.107 - - [20/Apr/2008:15:30:20 +0200] "GET /robots.txt HTTP/1.0" 200 372 "-" "Mozilla/5.0 (compatible; Yahoo! Slurp; http://help.yahoo.com/help/us/ysearch/slurp)"
74.6.23.102 - - [20/Apr/2008:15:30:21 +0200] "GET /rubyonrails_literatur_buch HTTP/1.0" 200 6595 "-" "Mozilla/5.0 (compatible; Yahoo! Slurp; http://help.yahoo.com/help/us/ysearch/slurp)"
134.96.211.2 - - [20/Apr/2008:15:30:48 +0200] "GET / HTTP/1.0" 200 22810 "-" "check_http/1.96 (nagios-plugins 1.4.5)"
134.96.211.2 - - [20/Apr/2008:15:35:48 +0200] "GET / HTTP/1.0" 200 22810 "-" "check_http/1.96 (nagios-plugins 1.4.5)"
134.96.211.2 - - [20/Apr/2008:15:40:48 +0200] "GET / HTTP/1.0" 200 22810 "-" "check_http/1.96 (nagios-plugins 1.4.5)"
134.96.211.2 - - [20/Apr/2008:15:45:48 +0200] "GET / HTTP/1.0" 200 22810 "-" "check_http/1.96 (nagios-plugins 1.4.5)"
134.96.211.2 - - [20/Apr/2008:15:50:48 +0200] "GET / HTTP/1.0" 200 22810 "-" "check_http/1.96 (nagios-plugins 1.4.5)"
83.133.125.202 - - [20/Apr/2008:15:54:30 +0200] "GET / HTTP/1.1" 200 22810 "http://www.BigFinder.de/index.php" "Mozilla/5.0 (Windows; U; Windows NT 5.1; de; rv:1.8.0.2) Gecko/20060308 Firefox/1.5.0.2"
134.96.211.2 - - [20/Apr/2008:15:55:48 +0200] "GET / HTTP/1.0" 200 22810 "-" "check_http/1.96 (nagios-plugins 1.4.5)"
134.96.211.2 - - [20/Apr/2008:16:00:48 +0200] "GET / HTTP/1.0" 200 22810 "-" "check_http/1.96 (nagios-plugins 1.4.5)"
65.214.45.153 - - [20/Apr/2008:16:05:09 +0200] "GET / HTTP/1.0" 200 3640 "-" "Mozilla/5.0 (compatible; Ask Jeeves/Teoma; +http://about.ask.com/en/docs/about/webmasters.shtml)"
134.96.211.2 - - [20/Apr/2008:16:05:48 +0200] "GET / HTTP/1.0" 200 22810 "-" "check_http/1.96 (nagios-plugins 1.4.5)"
134.96.211.2 - - [20/Apr/2008:16:10:48 +0200] "GET / HTTP/1.0" 200 22810 "-" "check_http/1.96 (nagios-plugins 1.4.5)"
134.96.211.2 - - [20/Apr/2008:16:15:48 +0200] "GET / HTTP/1.0" 200 22810 "-" "check_http/1.96 (nagios-plugins 1.4.5)"
134.96.211.2 - - [20/Apr/2008:16:20:48 +0200] "GET / HTTP/1.0" 200 22810 "-" "check_http/1.96 (nagios-plugins 1.4.5)"
134.96.211.2 - - [20/Apr/2008:16:25:48 +0200] "GET / HTTP/1.0" 200 22810 "-" "check_http/1.96 (nagios-plugins 1.4.5)"
134.96.211.2 - - [20/Apr/2008:16:30:48 +0200] "GET / HTTP/1.0" 200 22810 "-" "check_http/1.96 (nagios-plugins 1.4.5)"
80.237.209.89 - - [20/Apr/2008:16:35:00 +0200] "GET /rubyonrails_deployment_capistrano HTTP/1.0" 200 12212 "-" "Acoon-Robot 4.0.0RC2 (http://www.acoon.de)"
134.96.211.2 - - [20/Apr/2008:16:35:48 +0200] "GET / HTTP/1.0" 200 22810 "-" "check_http/1.96 (nagios-plugins 1.4.5)"
134.96.211.2 - - [20/Apr/2008:16:40:48 +0200] "GET / HTTP/1.0" 200 22810 "-" "check_http/1.96 (nagios-plugins 1.4.5)"
134.96.211.2 - - [20/Apr/2008:16:45:48 +0200] "GET / HTTP/1.0" 200 22810 "-" "check_http/1.96 (nagios-plugins 1.4.5)"
66.249.70.209 - - [20/Apr/2008:16:48:37 +0200] "GET /railshoster_impressum HTTP/1.1" 200 2133 "-" "Mozilla/5.0 (compatible; Googlebot/2.1; +http://www.google.com/bot.html)"
134.96.211.2 - - [20/Apr/2008:16:50:48 +0200] "GET / HTTP/1.0" 200 22810 "-" "check_http/1.96 (nagios-plugins 1.4.5)"
134.96.211.2 - - [20/Apr/2008:16:55:48 +0200] "GET / HTTP/1.0" 200 22810 "-" "check_http/1.96 (nagios-plugins 1.4.5)"
134.96.211.2 - - [20/Apr/2008:17:00:48 +0200] "GET / HTTP/1.0" 200 22810 "-" "check_http/1.96 (nagios-plugins 1.4.5)"
134.96.211.2 - - [20/Apr/2008:17:05:48 +0200] "GET / HTTP/1.0" 200 22810 "-" "check_http/1.96 (nagios-plugins 1.4.5)"
134.96.211.2 - - [20/Apr/2008:17:10:48 +0200] "GET / HTTP/1.0" 200 22810 "-" "check_http/1.96 (nagios-plugins 1.4.5)"
134.96.211.2 - - [20/Apr/2008:17:15:48 +0200] "GET / HTTP/1.0" 200 22810 "-" "check_http/1.96 (nagios-plugins 1.4.5)"
128.194.135.94 - - [20/Apr/2008:17:15:53 +0200] "GET / HTTP/1.1" 200 3640 "-" "IRLbot/3.0 (compatible; MSIE 6.0; http://irl.cs.tamu.edu/crawler/)"
128.194.135.94 - - [20/Apr/2008:17:16:35 +0200] "GET /node/6 HTTP/1.1" 200 3516 "-" "IRLbot/3.0 (compatible; MSIE 6.0; http://irl.cs.tamu.edu/crawler/)"
134.96.211.2 - - [20/Apr/2008:17:20:48 +0200] "GET / HTTP/1.0" 200 22810 "-" "check_http/1.96 (nagios-plugins 1.4.5)"
134.96.211.2 - - [20/Apr/2008:17:25:48 +0200] "GET / HTTP/1.0" 200 22810 "-" "check_http/1.96 (nagios-plugins 1.4.5)"
134.96.211.2 - - [20/Apr/2008:17:30:48 +0200] "GET / HTTP/1.0" 200 22810 "-" "check_http/1.96 (nagios-plugins 1.4.5)"
134.96.211.2 - - [20/Apr/2008:17:35:48 +0200] "GET / HTTP/1.0" 200 22810 "-" "check_http/1.96 (nagios-plugins 1.4.5)"
66.249.70.209 - - [20/Apr/2008:17:36:30 +0200] "GET /node/16 HTTP/1.1" 200 26685 "-" "Mozilla/5.0 (compatible; Googlebot/2.1; +http://www.google.com/bot.html)"
134.96.211.2 - - [20/Apr/2008:17:40:48 +0200] "GET / HTTP/1.0" 200 22810 "-" "check_http/1.96 (nagios-plugins 1.4.5)"
134.96.211.2 - - [20/Apr/2008:17:45:48 +0200] "GET / HTTP/1.0" 200 22810 "-" "check_http/1.96 (nagios-plugins 1.4.5)"
134.96.211.2 - - [20/Apr/2008:17:50:48 +0200] "GET / HTTP/1.0" 200 22810 "-" "check_http/1.96 (nagios-plugins 1.4.5)"
66.249.70.209 - - [20/Apr/2008:17:55:37 +0200] "GET /railshoster_kontakt HTTP/1.1" 200 3129 "-" "Mozilla/5.0 (compatible; Googlebot/2.1; +http://www.google.com/bot.html)"
134.96.211.2 - - [20/Apr/2008:17:55:48 +0200] "GET / HTTP/1.0" 200 22810 "-" "check_http/1.96 (nagios-plugins 1.4.5)"
134.96.211.2 - - [20/Apr/2008:18:00:48 +0200] "GET / HTTP/1.0" 200 22810 "-" "check_http/1.96 (nagios-plugins 1.4.5)"
128.194.135.94 - - [20/Apr/2008:18:01:12 +0200] "GET /node/6 HTTP/1.1" 200 22585 "-" "IRLbot/3.0 (compatible; MSIE 6.0; http://irl.cs.tamu.edu/crawler/)"
134.96.211.2 - - [20/Apr/2008:18:05:48 +0200] "GET / HTTP/1.0" 200 22810 "-" "check_http/1.96 (nagios-plugins 1.4.5)"
134.96.211.2 - - [20/Apr/2008:18:10:48 +0200] "GET / HTTP/1.0" 200 22810 "-" "check_http/1.96 (nagios-plugins 1.4.5)"
134.96.211.2 - - [20/Apr/2008:18:15:48 +0200] "GET / HTTP/1.0" 200 22810 "-" "check_http/1.96 (nagios-plugins 1.4.5)"
65.55.208.194 - - [20/Apr/2008:18:17:04 +0200] "GET /robots.txt HTTP/1.1" 200 372 "-" "msnbot/1.1 (+http://search.msn.com/msnbot.htm)"
65.55.208.194 - - [20/Apr/2008:18:17:04 +0200] "GET /node/17 HTTP/1.1" 200 12212 "-" "msnbot/1.1 (+http://search.msn.com/msnbot.htm)"
134.96.211.2 - - [20/Apr/2008:18:20:48 +0200] "GET / HTTP/1.0" 200 22810 "-" "check_http/1.96 (nagios-plugins 1.4.5)"
91.18.108.114 - - [20/Apr/2008:18:24:39 +0200] "GET /node/6?gclid=CJPIoquH6pICFQgKuwodBB4C4w HTTP/1.1" 200 22585 "http://www.google.de/search?q=rails+provider&ie=utf-8&oe=utf-8&aq=t&rls=org.mozilla:de:official&client=firefox-a" "Mozilla/5.0 (Windows; U; Windows NT 5.1; de; rv:1.8.1.14) Gecko/20080404 Firefox/2.0.0.14"
91.18.108.114 - - [20/Apr/2008:18:24:40 +0200] "GET /misc/drupal.css HTTP/1.1" 200 11426 "http://railshoster.de/node/6?gclid=CJPIoquH6pICFQgKuwodBB4C4w" "Mozilla/5.0 (Windows; U; Windows NT 5.1; de; rv:1.8.1.14) Gecko/20080404 Firefox/2.0.0.14"
91.18.108.114 - - [20/Apr/2008:18:24:40 +0200] "GET /modules/flash_gallery/flash_gallery.css HTTP/1.1" 200 49 "http://railshoster.de/node/6?gclid=CJPIoquH6pICFQgKuwodBB4C4w" "Mozilla/5.0 (Windows; U; Windows NT 5.1; de; rv:1.8.1.14) Gecko/20080404 Firefox/2.0.0.14"
91.18.108.114 - - [20/Apr/2008:18:24:40 +0200] "GET /files/favicon.ico HTTP/1.1" 200 1406 "-" "Mozilla/5.0 (Windows; U; Windows NT 5.1; de; rv:1.8.1.14) Gecko/20080404 Firefox/2.0.0.14"
91.18.108.114 - - [20/Apr/2008:18:24:40 +0200] "GET /modules/image/contrib/image_gallery/image_gallery.css HTTP/1.1" 200 491 "http://railshoster.de/node/6?gclid=CJPIoquH6pICFQgKuwodBB4C4w" "Mozilla/5.0 (Windows; U; Windows NT 5.1; de; rv:1.8.1.14) Gecko/20080404 Firefox/2.0.0.14"
91.18.108.114 - - [20/Apr/2008:18:24:40 +0200] "GET /modules/glossary/glossary.css HTTP/1.1" 200 571 "http://railshoster.de/node/6?gclid=CJPIoquH6pICFQgKuwodBB4C4w" "Mozilla/5.0 (Windows; U; Windows NT 5.1; de; rv:1.8.1.14) Gecko/20080404 Firefox/2.0.0.14"
91.18.108.114 - - [20/Apr/2008:18:24:40 +0200] "GET /themes/newsportal/style.css HTTP/1.1" 200 5213 "http://railshoster.de/node/6?gclid=CJPIoquH6pICFQgKuwodBB4C4w" "Mozilla/5.0 (Windows; U; Windows NT 5.1; de; rv:1.8.1.14) Gecko/20080404 Firefox/2.0.0.14"
91.18.108.114 - - [20/Apr/2008:18:24:40 +0200] "GET /misc/webfoundation.css HTTP/1.1" 200 292 "http://railshoster.de/node/6?gclid=CJPIoquH6pICFQgKuwodBB4C4w" "Mozilla/5.0 (Windows; U; Windows NT 5.1; de; rv:1.8.1.14) Gecko/20080404 Firefox/2.0.0.14"
91.18.108.114 - - [20/Apr/2008:18:24:40 +0200] "GET /images/hoch.gif HTTP/1.1" 200 97 "http://railshoster.de/node/6?gclid=CJPIoquH6pICFQgKuwodBB4C4w" "Mozilla/5.0 (Windows; U; Windows NT 5.1; de; rv:1.8.1.14) Gecko/20080404 Firefox/2.0.0.14"
91.18.108.114 - - [20/Apr/2008:18:24:40 +0200] "GET /images/bestellen.jpg?1201297173 HTTP/1.1" 200 1343 "http://railshoster.de/node/6?gclid=CJPIoquH6pICFQgKuwodBB4C4w" "Mozilla/5.0 (Windows; U; Windows NT 5.1; de; rv:1.8.1.14) Gecko/20080404 Firefox/2.0.0.14"
91.18.108.114 - - [20/Apr/2008:18:24:40 +0200] "GET /themes/newsportal/images/railshoster.png HTTP/1.1" 200 7264 "http://railshoster.de/themes/newsportal/style.css" "Mozilla/5.0 (Windows; U; Windows NT 5.1; de; rv:1.8.1.14) Gecko/20080404 Firefox/2.0.0.14"
91.18.108.114 - - [20/Apr/2008:18:24:40 +0200] "GET /themes/newsportal/images/tab_bg.gif HTTP/1.1" 200 111 "http://railshoster.de/themes/newsportal/style.css" "Mozilla/5.0 (Windows; U; Windows NT 5.1; de; rv:1.8.1.14) Gecko/20080404 Firefox/2.0.0.14"
91.18.108.114 - - [20/Apr/2008:18:24:40 +0200] "GET /themes/newsportal/images/side_bg.gif HTTP/1.1" 200 224 "http://railshoster.de/themes/newsportal/style.css" "Mozilla/5.0 (Windows; U; Windows NT 5.1; de; rv:1.8.1.14) Gecko/20080404 Firefox/2.0.0.14"
134.96.211.2 - - [20/Apr/2008:18:25:48 +0200] "GET / HTTP/1.0" 200 22810 "-" "check_http/1.96 (nagios-plugins 1.4.5)"
134.96.211.2 - - [20/Apr/2008:18:30:48 +0200] "GET / HTTP/1.0" 200 22810 "-" "check_http/1.96 (nagios-plugins 1.4.5)"
134.96.211.2 - - [20/Apr/2008:18:35:48 +0200] "GET / HTTP/1.0" 200 22810 "-" "check_http/1.96 (nagios-plugins 1.4.5)"
66.249.70.209 - - [20/Apr/2008:18:36:01 +0200] "GET /robots.txt HTTP/1.1" 200 372 "-" "Mozilla/5.0 (compatible; Googlebot/2.1; +http://www.google.com/bot.html)"
66.249.70.209 - - [20/Apr/2008:18:36:01 +0200] "GET /rubyonrails_deployment_capistrano HTTP/1.1" 200 3909 "-" "Mozilla/5.0 (compatible; Googlebot/2.1; +http://www.google.com/bot.html)"
134.96.211.2 - - [20/Apr/2008:18:40:48 +0200] "GET / HTTP/1.0" 200 22810 "-" "check_http/1.96 (nagios-plugins 1.4.5)"
77.64.144.146 - - [20/Apr/2008:18:41:15 +0200] "GET / HTTP/1.1" 200 3640 "-" "Mozilla/5.0 (Windows; U; Windows NT 5.1; de; rv:1.8.1.14) Gecko/20080404 Firefox/2.0.0.14"
77.64.144.146 - - [20/Apr/2008:18:41:15 +0200] "GET /misc/drupal.css HTTP/1.1" 200 11426 "http://www.railshoster.de/" "Mozilla/5.0 (Windows; U; Windows NT 5.1; de; rv:1.8.1.14) Gecko/20080404 Firefox/2.0.0.14"
77.64.144.146 - - [20/Apr/2008:18:41:15 +0200] "GET /files/favicon.ico HTTP/1.1" 200 1406 "-" "Mozilla/5.0 (Windows; U; Windows NT 5.1; de; rv:1.8.1.14) Gecko/20080404 Firefox/2.0.0.14"
77.64.144.146 - - [20/Apr/2008:18:41:16 +0200] "GET /modules/flash_gallery/flash_gallery.css HTTP/1.1" 200 49 "http://www.railshoster.de/" "Mozilla/5.0 (Windows; U; Windows NT 5.1; de; rv:1.8.1.14) Gecko/20080404 Firefox/2.0.0.14"
77.64.144.146 - - [20/Apr/2008:18:41:16 +0200] "GET /modules/image/contrib/image_gallery/image_gallery.css HTTP/1.1" 200 491 "http://www.railshoster.de/" "Mozilla/5.0 (Windows; U; Windows NT 5.1; de; rv:1.8.1.14) Gecko/20080404 Firefox/2.0.0.14"
77.64.144.146 - - [20/Apr/2008:18:41:16 +0200] "GET /modules/glossary/glossary.css HTTP/1.1" 200 571 "http://www.railshoster.de/" "Mozilla/5.0 (Windows; U; Windows NT 5.1; de; rv:1.8.1.14) Gecko/20080404 Firefox/2.0.0.14"
77.64.144.146 - - [20/Apr/2008:18:41:16 +0200] "GET /themes/newsportal/style.css HTTP/1.1" 200 5213 "http://www.railshoster.de/" "Mozilla/5.0 (Windows; U; Windows NT 5.1; de; rv:1.8.1.14) Gecko/20080404 Firefox/2.0.0.14"
77.64.144.146 - - [20/Apr/2008:18:41:16 +0200] "GET /misc/webfoundation.css HTTP/1.1" 200 292 "http://www.railshoster.de/" "Mozilla/5.0 (Windows; U; Windows NT 5.1; de; rv:1.8.1.14) Gecko/20080404 Firefox/2.0.0.14"
77.64.144.146 - - [20/Apr/2008:18:41:16 +0200] "GET /images/bestellen.jpg?1201297173 HTTP/1.1" 200 1343 "http://www.railshoster.de/" "Mozilla/5.0 (Windows; U; Windows NT 5.1; de; rv:1.8.1.14) Gecko/20080404 Firefox/2.0.0.14"
77.64.144.146 - - [20/Apr/2008:18:41:16 +0200] "GET /images/hoch.gif HTTP/1.1" 200 97 "http://www.railshoster.de/" "Mozilla/5.0 (Windows; U; Windows NT 5.1; de; rv:1.8.1.14) Gecko/20080404 Firefox/2.0.0.14"
77.64.144.146 - - [20/Apr/2008:18:41:16 +0200] "GET /themes/newsportal/images/railshoster.png HTTP/1.1" 200 7264 "http://www.railshoster.de/themes/newsportal/style.css" "Mozilla/5.0 (Windows; U; Windows NT 5.1; de; rv:1.8.1.14) Gecko/20080404 Firefox/2.0.0.14"
77.64.144.146 - - [20/Apr/2008:18:41:16 +0200] "GET /themes/newsportal/images/tab_bg.gif HTTP/1.1" 200 111 "http://www.railshoster.de/themes/newsportal/style.css" "Mozilla/5.0 (Windows; U; Windows NT 5.1; de; rv:1.8.1.14) Gecko/20080404 Firefox/2.0.0.14"
77.64.144.146 - - [20/Apr/2008:18:41:16 +0200] "GET /themes/newsportal/images/side_bg.gif HTTP/1.1" 200 224 "http://www.railshoster.de/themes/newsportal/style.css" "Mozilla/5.0 (Windows; U; Windows NT 5.1; de; rv:1.8.1.14) Gecko/20080404 Firefox/2.0.0.14"
77.64.144.146 - - [20/Apr/2008:18:42:28 +0200] "GET /railshoster_getting_started HTTP/1.1" 200 3754 "http://www.railshoster.de/" "Mozilla/5.0 (Windows; U; Windows NT 5.1; de; rv:1.8.1.14) Gecko/20080404 Firefox/2.0.0.14"
77.64.144.146 - - [20/Apr/2008:18:42:29 +0200] "GET /misc/drupal.js HTTP/1.1" 200 8863 "http://www.railshoster.de/railshoster_getting_started" "Mozilla/5.0 (Windows; U; Windows NT 5.1; de; rv:1.8.1.14) Gecko/20080404 Firefox/2.0.0.14"
77.64.144.146 - - [20/Apr/2008:18:42:29 +0200] "GET /modules/tinymce/tinymce/tinymce/jscripts/tiny_mce/tiny_mce.js HTTP/1.1" 200 136939 "http://www.railshoster.de/railshoster_getting_started" "Mozilla/5.0 (Windows; U; Windows NT 5.1; de; rv:1.8.1.14) Gecko/20080404 Firefox/2.0.0.14"
77.64.144.146 - - [20/Apr/2008:18:42:30 +0200] "GET /modules/tinymce/tinymce/tinymce/jscripts/tiny_mce/themes/advanced/editor_template.js HTTP/1.1" 200 40216 "http://www.railshoster.de/railshoster_getting_started" "Mozilla/5.0 (Windows; U; Windows NT 5.1; de; rv:1.8.1.14) Gecko/20080404 Firefox/2.0.0.14"
77.64.144.146 - - [20/Apr/2008:18:42:30 +0200] "GET /modules/tinymce/tinymce/tinymce/jscripts/tiny_mce/themes/advanced/langs/en.js HTTP/1.1" 200 2862 "http://www.railshoster.de/railshoster_getting_started" "Mozilla/5.0 (Windows; U; Windows NT 5.1; de; rv:1.8.1.14) Gecko/20080404 Firefox/2.0.0.14"
77.64.144.146 - - [20/Apr/2008:18:42:30 +0200] "GET /modules/tinymce/tinymce/tinymce/jscripts/tiny_mce/langs/en.js HTTP/1.1" 200 1650 "http://www.railshoster.de/railshoster_getting_started" "Mozilla/5.0 (Windows; U; Windows NT 5.1; de; rv:1.8.1.14) Gecko/20080404 Firefox/2.0.0.14"
77.64.144.146 - - [20/Apr/2008:18:42:30 +0200] "GET /modules/tinymce/tinymce/tinymce/jscripts/tiny_mce/themes/advanced/css/editor_ui.css HTTP/1.1" 200 7017 "http://www.railshoster.de/railshoster_getting_started" "Mozilla/5.0 (Windows; U; Windows NT 5.1; de; rv:1.8.1.14) Gecko/20080404 Firefox/2.0.0.14"
77.64.144.146 - - [20/Apr/2008:18:42:30 +0200] "GET /misc/collapse.js HTTP/1.1" 200 2208 "http://www.railshoster.de/railshoster_getting_started" "Mozilla/5.0 (Windows; U; Windows NT 5.1; de; rv:1.8.1.14) Gecko/20080404 Firefox/2.0.0.14"
77.64.144.146 - - [20/Apr/2008:18:42:31 +0200] "GET /misc/menu-collapsed.png HTTP/1.1" 200 108 "http://www.railshoster.de/misc/drupal.css" "Mozilla/5.0 (Windows; U; Windows NT 5.1; de; rv:1.8.1.14) Gecko/20080404 Firefox/2.0.0.14"
77.64.144.146 - - [20/Apr/2008:18:42:31 +0200] "GET /rubyonrails_vserver HTTP/1.1" 200 4554 "http://www.railshoster.de/" "Mozilla/5.0 (Windows; U; Windows NT 5.1; de; rv:1.8.1.14) Gecko/20080404 Firefox/2.0.0.14"
77.64.144.146 - - [20/Apr/2008:18:42:32 +0200] "GET /files/rubyonrails_logo_spiegelung.png HTTP/1.1" 200 14880 "http://www.railshoster.de/rubyonrails_vserver" "Mozilla/5.0 (Windows; U; Windows NT 5.1; de; rv:1.8.1.14) Gecko/20080404 Firefox/2.0.0.14"
77.64.144.146 - - [20/Apr/2008:18:42:32 +0200] "GET /files/hoch.gif HTTP/1.1" 200 97 "http://www.railshoster.de/rubyonrails_vserver" "Mozilla/5.0 (Windows; U; Windows NT 5.1; de; rv:1.8.1.14) Gecko/20080404 Firefox/2.0.0.14"
77.64.144.146 - - [20/Apr/2008:18:42:32 +0200] "GET /files/bestellen.jpg HTTP/1.1" 200 2186 "http://www.railshoster.de/rubyonrails_vserver" "Mozilla/5.0 (Windows; U; Windows NT 5.1; de; rv:1.8.1.14) Gecko/20080404 Firefox/2.0.0.14"
66.249.70.209 - - [20/Apr/2008:18:44:27 +0200] "GET /gsitemap HTTP/1.1" 304 - "-" "Mozilla/5.0 (compatible; Googlebot/2.1; +http://www.google.com/bot.html)"
134.96.211.2 - - [20/Apr/2008:18:45:48 +0200] "GET / HTTP/1.0" 200 22810 "-" "check_http/1.96 (nagios-plugins 1.4.5)"
80.237.209.89 - - [20/Apr/2008:18:49:58 +0200] "GET /lighttpd_rubyonrails_ssl HTTP/1.0" 200 10546 "-" "Acoon-Robot 4.0.0RC2 (http://www.acoon.de)"
134.96.211.2 - - [20/Apr/2008:18:50:48 +0200] "GET / HTTP/1.0" 200 22810 "-" "check_http/1.96 (nagios-plugins 1.4.5)"
66.249.70.209 - - [20/Apr/2008:18:51:35 +0200] "GET /robots.txt HTTP/1.1" 302 223 "-" "Mozilla/5.0 (compatible; Googlebot/2.1; +http://www.google.com/bot.html)"
66.249.70.209 - - [20/Apr/2008:18:51:35 +0200] "GET /node/16robots.txt HTTP/1.1" 200 68 "-" "Mozilla/5.0 (compatible; Googlebot/2.1; +http://www.google.com/bot.html)"
66.249.70.209 - - [20/Apr/2008:18:51:36 +0200] "GET / HTTP/1.1" 302 213 "-" "Mozilla/5.0 (compatible; Googlebot/2.1; +http://www.google.com/bot.html)"
66.249.70.209 - - [20/Apr/2008:18:51:37 +0200] "GET /robots.txt HTTP/1.1" 200 372 "-" "Mozilla/5.0 (compatible; Googlebot/2.1; +http://www.google.com/bot.html)"
66.249.70.209 - - [20/Apr/2008:18:51:37 +0200] "GET /node/16 HTTP/1.1" 200 4554 "-" "Mozilla/5.0 (compatible; Googlebot/2.1; +http://www.google.com/bot.html)"
134.96.211.2 - - [20/Apr/2008:18:55:48 +0200] "GET / HTTP/1.0" 200 22810 "-" "check_http/1.96 (nagios-plugins 1.4.5)"
134.96.211.2 - - [20/Apr/2008:19:00:48 +0200] "GET / HTTP/1.0" 200 22810 "-" "check_http/1.96 (nagios-plugins 1.4.5)"
134.96.211.2 - - [20/Apr/2008:19:05:48 +0200] "GET / HTTP/1.0" 200 22810 "-" "check_http/1.96 (nagios-plugins 1.4.5)"
134.96.211.2 - - [20/Apr/2008:19:10:48 +0200] "GET / HTTP/1.0" 200 22810 "-" "check_http/1.96 (nagios-plugins 1.4.5)"
88.77.108.226 - - [20/Apr/2008:19:13:34 +0200] "GET / HTTP/1.1" 200 3640 "-" "Mozilla/5.0 (X11; U; Linux i686; en-US; rv:1.8.1.13) Gecko/20080325 Ubuntu/7.10 (gutsy) Firefox/2.0.0.13"
88.77.108.226 - - [20/Apr/2008:19:13:34 +0200] "GET /misc/drupal.css HTTP/1.1" 200 11426 "http://railshoster.de/" "Mozilla/5.0 (X11; U; Linux i686; en-US; rv:1.8.1.13) Gecko/20080325 Ubuntu/7.10 (gutsy) Firefox/2.0.0.13"
88.77.108.226 - - [20/Apr/2008:19:13:35 +0200] "GET /modules/flash_gallery/flash_gallery.css HTTP/1.1" 200 49 "http://railshoster.de/" "Mozilla/5.0 (X11; U; Linux i686; en-US; rv:1.8.1.13) Gecko/20080325 Ubuntu/7.10 (gutsy) Firefox/2.0.0.13"
88.77.108.226 - - [20/Apr/2008:19:13:35 +0200] "GET /modules/image/contrib/image_gallery/image_gallery.css HTTP/1.1" 200 491 "http://railshoster.de/" "Mozilla/5.0 (X11; U; Linux i686; en-US; rv:1.8.1.13) Gecko/20080325 Ubuntu/7.10 (gutsy) Firefox/2.0.0.13"
88.77.108.226 - - [20/Apr/2008:19:13:35 +0200] "GET /modules/glossary/glossary.css HTTP/1.1" 200 571 "http://railshoster.de/" "Mozilla/5.0 (X11; U; Linux i686; en-US; rv:1.8.1.13) Gecko/20080325 Ubuntu/7.10 (gutsy) Firefox/2.0.0.13"
88.77.108.226 - - [20/Apr/2008:19:13:36 +0200] "GET /themes/newsportal/style.css HTTP/1.1" 200 5213 "http://railshoster.de/" "Mozilla/5.0 (X11; U; Linux i686; en-US; rv:1.8.1.13) Gecko/20080325 Ubuntu/7.10 (gutsy) Firefox/2.0.0.13"
88.77.108.226 - - [20/Apr/2008:19:13:36 +0200] "GET /misc/webfoundation.css HTTP/1.1" 200 292 "http://railshoster.de/" "Mozilla/5.0 (X11; U; Linux i686; en-US; rv:1.8.1.13) Gecko/20080325 Ubuntu/7.10 (gutsy) Firefox/2.0.0.13"
88.77.108.226 - - [20/Apr/2008:19:13:36 +0200] "GET /images/hoch.gif HTTP/1.1" 200 97 "http://railshoster.de/" "Mozilla/5.0 (X11; U; Linux i686; en-US; rv:1.8.1.13) Gecko/20080325 Ubuntu/7.10 (gutsy) Firefox/2.0.0.13"
88.77.108.226 - - [20/Apr/2008:19:13:36 +0200] "GET /themes/newsportal/images/railshoster.png HTTP/1.1" 200 7264 "http://railshoster.de/themes/newsportal/style.css" "Mozilla/5.0 (X11; U; Linux i686; en-US; rv:1.8.1.13) Gecko/20080325 Ubuntu/7.10 (gutsy) Firefox/2.0.0.13"
88.77.108.226 - - [20/Apr/2008:19:13:36 +0200] "GET /images/bestellen.jpg?1201297173 HTTP/1.1" 200 1343 "http://railshoster.de/" "Mozilla/5.0 (X11; U; Linux i686; en-US; rv:1.8.1.13) Gecko/20080325 Ubuntu/7.10 (gutsy) Firefox/2.0.0.13"
88.77.108.226 - - [20/Apr/2008:19:13:36 +0200] "GET /themes/newsportal/images/tab_bg.gif HTTP/1.1" 200 111 "http://railshoster.de/themes/newsportal/style.css" "Mozilla/5.0 (X11; U; Linux i686; en-US; rv:1.8.1.13) Gecko/20080325 Ubuntu/7.10 (gutsy) Firefox/2.0.0.13"
88.77.108.226 - - [20/Apr/2008:19:13:36 +0200] "GET /themes/newsportal/images/side_bg.gif HTTP/1.1" 200 224 "http://railshoster.de/themes/newsportal/style.css" "Mozilla/5.0 (X11; U; Linux i686; en-US; rv:1.8.1.13) Gecko/20080325 Ubuntu/7.10 (gutsy) Firefox/2.0.0.13"
88.77.108.226 - - [20/Apr/2008:19:13:37 +0200] "GET /files/favicon.ico HTTP/1.1" 200 1406 "-" "Mozilla/5.0 (X11; U; Linux i686; en-US; rv:1.8.1.13) Gecko/20080325 Ubuntu/7.10 (gutsy) Firefox/2.0.0.13"
88.77.108.226 - - [20/Apr/2008:19:13:37 +0200] "GET /files/favicon.ico HTTP/1.1" 200 1406 "-" "Mozilla/5.0 (X11; U; Linux i686; en-US; rv:1.8.1.13) Gecko/20080325 Ubuntu/7.10 (gutsy) Firefox/2.0.0.13"
134.96.211.2 - - [20/Apr/2008:19:15:48 +0200] "GET / HTTP/1.0" 200 22810 "-" "check_http/1.96 (nagios-plugins 1.4.5)"
77.64.144.146 - - [20/Apr/2008:19:16:29 +0200] "GET /rubyonrails_vserver_faq HTTP/1.1" 200 15001 "http://www.railshoster.de/rubyonrails_vserver" "Mozilla/5.0 (Windows; U; Windows NT 5.1; de; rv:1.8.1.14) Gecko/20080404 Firefox/2.0.0.14"
134.96.211.2 - - [20/Apr/2008:19:20:48 +0200] "GET / HTTP/1.0" 200 22810 "-" "check_http/1.96 (nagios-plugins 1.4.5)"
134.96.211.2 - - [20/Apr/2008:19:25:48 +0200] "GET / HTTP/1.0" 200 22810 "-" "check_http/1.96 (nagios-plugins 1.4.5)"
134.96.211.2 - - [20/Apr/2008:19:30:47 +0200] "GET / HTTP/1.0" 200 22810 "-" "check_http/1.96 (nagios-plugins 1.4.5)"
88.76.58.80 - - [20/Apr/2008:19:31:42 +0200] "GET / HTTP/1.1" 200 3640 "http://www.google.de/search?hl=de&lr=lang_de&sa=X&oi=spell&resnum=0&ct=result&cd=1&q=ruby+on+rails+webhoster&spell=1" "Mozilla/5.0 (Windows; U; Windows NT 5.1; de; rv:1.8.1.14) Gecko/20080404 Firefox/2.0.0.14"
88.76.58.80 - - [20/Apr/2008:19:31:43 +0200] "GET /misc/drupal.css HTTP/1.1" 200 11426 "http://www.railshoster.de/" "Mozilla/5.0 (Windows; U; Windows NT 5.1; de; rv:1.8.1.14) Gecko/20080404 Firefox/2.0.0.14"
88.76.58.80 - - [20/Apr/2008:19:31:43 +0200] "GET /files/favicon.ico HTTP/1.1" 200 1406 "-" "Mozilla/5.0 (Windows; U; Windows NT 5.1; de; rv:1.8.1.14) Gecko/20080404 Firefox/2.0.0.14"
88.76.58.80 - - [20/Apr/2008:19:31:43 +0200] "GET /modules/flash_gallery/flash_gallery.css HTTP/1.1" 200 49 "http://www.railshoster.de/" "Mozilla/5.0 (Windows; U; Windows NT 5.1; de; rv:1.8.1.14) Gecko/20080404 Firefox/2.0.0.14"
88.76.58.80 - - [20/Apr/2008:19:31:43 +0200] "GET /modules/image/contrib/image_gallery/image_gallery.css HTTP/1.1" 200 491 "http://www.railshoster.de/" "Mozilla/5.0 (Windows; U; Windows NT 5.1; de; rv:1.8.1.14) Gecko/20080404 Firefox/2.0.0.14"
88.76.58.80 - - [20/Apr/2008:19:31:43 +0200] "GET /modules/glossary/glossary.css HTTP/1.1" 200 571 "http://www.railshoster.de/" "Mozilla/5.0 (Windows; U; Windows NT 5.1; de; rv:1.8.1.14) Gecko/20080404 Firefox/2.0.0.14"
88.76.58.80 - - [20/Apr/2008:19:31:43 +0200] "GET /themes/newsportal/style.css HTTP/1.1" 200 5213 "http://www.railshoster.de/" "Mozilla/5.0 (Windows; U; Windows NT 5.1; de; rv:1.8.1.14) Gecko/20080404 Firefox/2.0.0.14"
88.76.58.80 - - [20/Apr/2008:19:31:43 +0200] "GET /misc/webfoundation.css HTTP/1.1" 200 292 "http://www.railshoster.de/" "Mozilla/5.0 (Windows; U; Windows NT 5.1; de; rv:1.8.1.14) Gecko/20080404 Firefox/2.0.0.14"
88.76.58.80 - - [20/Apr/2008:19:31:43 +0200] "GET /images/hoch.gif HTTP/1.1" 200 97 "http://www.railshoster.de/" "Mozilla/5.0 (Windows; U; Windows NT 5.1; de; rv:1.8.1.14) Gecko/20080404 Firefox/2.0.0.14"
88.76.58.80 - - [20/Apr/2008:19:31:43 +0200] "GET /images/bestellen.jpg?1201297173 HTTP/1.1" 200 1343 "http://www.railshoster.de/" "Mozilla/5.0 (Windows; U; Windows NT 5.1; de; rv:1.8.1.14) Gecko/20080404 Firefox/2.0.0.14"
88.76.58.80 - - [20/Apr/2008:19:31:43 +0200] "GET /themes/newsportal/images/railshoster.png HTTP/1.1" 200 7264 "http://www.railshoster.de/themes/newsportal/style.css" "Mozilla/5.0 (Windows; U; Windows NT 5.1; de; rv:1.8.1.14) Gecko/20080404 Firefox/2.0.0.14"
88.76.58.80 - - [20/Apr/2008:19:31:43 +0200] "GET /themes/newsportal/images/tab_bg.gif HTTP/1.1" 200 111 "http://www.railshoster.de/themes/newsportal/style.css" "Mozilla/5.0 (Windows; U; Windows NT 5.1; de; rv:1.8.1.14) Gecko/20080404 Firefox/2.0.0.14"
88.76.58.80 - - [20/Apr/2008:19:31:43 +0200] "GET /themes/newsportal/images/side_bg.gif HTTP/1.1" 200 224 "http://www.railshoster.de/themes/newsportal/style.css" "Mozilla/5.0 (Windows; U; Windows NT 5.1; de; rv:1.8.1.14) Gecko/20080404 Firefox/2.0.0.14"
84.58.212.45 - - [20/Apr/2008:19:34:16 +0200] "GET /themes/newsportal/images/railshoster.png HTTP/1.1" 200 7264 "http://bjuler.stylesyndication.com/" "Mozilla/5.0 (Windows; U; Windows NT 6.0; de; rv:1.8.1.14) Gecko/20080404 Firefox/2.0.0.14"
134.96.211.2 - - [20/Apr/2008:19:35:48 +0200] "GET / HTTP/1.0" 200 22810 "-" "check_http/1.96 (nagios-plugins 1.4.5)"
134.96.211.2 - - [20/Apr/2008:19:40:48 +0200] "GET / HTTP/1.0" 200 22810 "-" "check_http/1.96 (nagios-plugins 1.4.5)"
77.64.144.146 - - [20/Apr/2008:19:45:20 +0200] "GET /subversion_svn HTTP/1.1" 200 4204 "http://www.railshoster.de/rubyonrails_vserver" "Mozilla/5.0 (Windows; U; Windows NT 5.1; de; rv:1.8.1.14) Gecko/20080404 Firefox/2.0.0.14"
134.96.211.2 - - [20/Apr/2008:19:45:48 +0200] "GET / HTTP/1.0" 200 22810 "-" "check_http/1.96 (nagios-plugins 1.4.5)"
134.96.211.2 - - [20/Apr/2008:19:50:48 +0200] "GET / HTTP/1.0" 200 22810 "-" "check_http/1.96 (nagios-plugins 1.4.5)"
134.96.211.2 - - [20/Apr/2008:19:55:48 +0200] "GET / HTTP/1.0" 200 22810 "-" "check_http/1.96 (nagios-plugins 1.4.5)"
77.64.144.146 - - [20/Apr/2008:19:57:25 +0200] "GET /rubyonrails_hosting HTTP/1.1" 200 3516 "http://www.railshoster.de/rubyonrails_vserver" "Mozilla/5.0 (Windows; U; Windows NT 5.1; de; rv:1.8.1.14) Gecko/20080404 Firefox/2.0.0.14"
134.96.211.2 - - [20/Apr/2008:20:00:48 +0200] "GET / HTTP/1.0" 200 22810 "-" "check_http/1.96 (nagios-plugins 1.4.5)"
77.64.144.146 - - [20/Apr/2008:20:00:48 +0200] "GET /rubyonrails_vserver_faq HTTP/1.1" 200 4617 "http://www.railshoster.de/rubyonrails_vserver" "Mozilla/5.0 (Windows; U; Windows NT 5.1; de; rv:1.8.1.14) Gecko/20080404 Firefox/2.0.0.14"
77.64.144.146 - - [20/Apr/2008:20:01:17 +0200] "GET /rubyonrails_installation HTTP/1.1" 200 3467 "http://www.railshoster.de/rubyonrails_vserver_faq" "Mozilla/5.0 (Windows; U; Windows NT 5.1; de; rv:1.8.1.14) Gecko/20080404 Firefox/2.0.0.14"
77.64.144.146 - - [20/Apr/2008:20:01:18 +0200] "GET /files/installation_frei.png HTTP/1.1" 200 25545 "http://www.railshoster.de/rubyonrails_installation" "Mozilla/5.0 (Windows; U; Windows NT 5.1; de; rv:1.8.1.14) Gecko/20080404 Firefox/2.0.0.14"
134.96.211.2 - - [20/Apr/2008:20:05:48 +0200] "GET / HTTP/1.0" 200 22810 "-" "check_http/1.96 (nagios-plugins 1.4.5)"
134.96.211.2 - - [20/Apr/2008:20:10:48 +0200] "GET / HTTP/1.0" 200 22810 "-" "check_http/1.96 (nagios-plugins 1.4.5)"
134.96.211.2 - - [20/Apr/2008:20:15:48 +0200] "GET / HTTP/1.0" 200 22810 "-" "check_http/1.96 (nagios-plugins 1.4.5)"
134.96.211.2 - - [20/Apr/2008:20:20:47 +0200] "GET / HTTP/1.0" 200 22810 "-" "check_http/1.96 (nagios-plugins 1.4.5)"
134.96.211.2 - - [20/Apr/2008:20:25:48 +0200] "GET / HTTP/1.0" 200 22810 "-" "check_http/1.96 (nagios-plugins 1.4.5)"
134.96.211.2 - - [20/Apr/2008:20:30:48 +0200] "GET / HTTP/1.0" 200 22810 "-" "check_http/1.96 (nagios-plugins 1.4.5)"
134.96.211.2 - - [20/Apr/2008:20:35:48 +0200] "GET / HTTP/1.0" 200 22810 "-" "check_http/1.96 (nagios-plugins 1.4.5)"
134.96.211.2 - - [20/Apr/2008:20:40:48 +0200] "GET / HTTP/1.0" 200 22810 "-" "check_http/1.96 (nagios-plugins 1.4.5)"
66.249.70.209 - - [20/Apr/2008:20:41:29 +0200] "GET /node/5 HTTP/1.1" 200 10014 "-" "Mozilla/5.0 (compatible; Googlebot/2.1; +http://www.google.com/bot.html)"
134.96.211.2 - - [20/Apr/2008:20:45:48 +0200] "GET / HTTP/1.0" 200 22810 "-" "check_http/1.96 (nagios-plugins 1.4.5)"
66.249.70.209 - - [20/Apr/2008:20:50:24 +0200] "GET / HTTP/1.1" 200 3640 "-" "Mozilla/5.0 (compatible; Googlebot/2.1; +http://www.google.com/bot.html)"
134.96.211.2 - - [20/Apr/2008:20:50:48 +0200] "GET / HTTP/1.0" 200 22810 "-" "check_http/1.96 (nagios-plugins 1.4.5)"
66.249.70.209 - - [20/Apr/2008:20:53:52 +0200] "GET /node/24 HTTP/1.1" 200 6749 "-" "Mozilla/5.0 (compatible; Googlebot/2.1; +http://www.google.com/bot.html)"
66.249.70.209 - - [20/Apr/2008:20:53:53 +0200] "GET /node/22 HTTP/1.1" 200 176 "-" "Mozilla/5.0 (compatible; Googlebot/2.1; +http://www.google.com/bot.html)"
80.237.209.89 - - [20/Apr/2008:20:54:27 +0200] "GET /rubyonrails_literatur_buch HTTP/1.0" 200 6595 "-" "Acoon-Robot 4.0.0RC2 (http://www.acoon.de)"
134.96.211.2 - - [20/Apr/2008:20:55:48 +0200] "GET / HTTP/1.0" 200 22810 "-" "check_http/1.96 (nagios-plugins 1.4.5)"
80.237.209.89 - - [20/Apr/2008:20:58:02 +0200] "GET /node/11 HTTP/1.0" 200 14211 "-" "Acoon-Robot 4.0.0RC2 (http://www.acoon.de)"
134.96.211.2 - - [20/Apr/2008:21:00:48 +0200] "GET / HTTP/1.0" 200 22810 "-" "check_http/1.96 (nagios-plugins 1.4.5)"
134.96.211.2 - - [20/Apr/2008:21:05:47 +0200] "GET / HTTP/1.0" 200 22810 "-" "check_http/1.96 (nagios-plugins 1.4.5)"
134.96.211.2 - - [20/Apr/2008:21:10:48 +0200] "GET / HTTP/1.0" 200 22810 "-" "check_http/1.96 (nagios-plugins 1.4.5)"
134.96.211.2 - - [20/Apr/2008:21:15:47 +0200] "GET / HTTP/1.0" 200 22810 "-" "check_http/1.96 (nagios-plugins 1.4.5)"
66.249.70.209 - - [20/Apr/2008:21:17:20 +0200] "GET /rubyonrails_hosting HTTP/1.1" 200 3516 "-" "Mozilla/5.0 (compatible; Googlebot/2.1; +http://www.google.com/bot.html)"
66.249.70.209 - - [20/Apr/2008:21:19:12 +0200] "GET /node/4 HTTP/1.1" 304 - "-" "Mozilla/5.0 (compatible; Googlebot/2.1; +http://www.google.com/bot.html)"
134.96.211.2 - - [20/Apr/2008:21:20:48 +0200] "GET / HTTP/1.0" 200 22810 "-" "check_http/1.96 (nagios-plugins 1.4.5)"
66.249.70.209 - - [20/Apr/2008:21:24:22 +0200] "GET /node/29 HTTP/1.1" 304 - "-" "Mozilla/5.0 (compatible; Googlebot/2.1; +http://www.google.com/bot.html)"
134.96.211.2 - - [20/Apr/2008:21:25:47 +0200] "GET / HTTP/1.0" 200 22810 "-" "check_http/1.96 (nagios-plugins 1.4.5)"
86.56.197.230 - - [20/Apr/2008:21:27:07 +0200] "GET /putty_ssh_keygen_public_private_windows HTTP/1.1" 200 3370 "http://www.google.at/search?hl=de&q=public+private+key+generator+windows&btnG=Google-Suche&meta=" "Mozilla/5.0 (Windows; U; Windows NT 6.0; de; rv:1.8.1.14) Gecko/20080404 Firefox/2.0.0.14"
86.56.197.230 - - [20/Apr/2008:21:27:07 +0200] "GET /misc/drupal.css HTTP/1.1" 200 11426 "http://www.railshoster.de/putty_ssh_keygen_public_private_windows" "Mozilla/5.0 (Windows; U; Windows NT 6.0; de; rv:1.8.1.14) Gecko/20080404 Firefox/2.0.0.14"
86.56.197.230 - - [20/Apr/2008:21:27:07 +0200] "GET /misc/drupal.js HTTP/1.1" 200 8863 "http://www.railshoster.de/putty_ssh_keygen_public_private_windows" "Mozilla/5.0 (Windows; U; Windows NT 6.0; de; rv:1.8.1.14) Gecko/20080404 Firefox/2.0.0.14"
86.56.197.230 - - [20/Apr/2008:21:27:07 +0200] "GET /modules/tinymce/tinymce/tinymce/jscripts/tiny_mce/tiny_mce.js HTTP/1.1" 200 136939 "http://www.railshoster.de/putty_ssh_keygen_public_private_windows" "Mozilla/5.0 (Windows; U; Windows NT 6.0; de; rv:1.8.1.14) Gecko/20080404 Firefox/2.0.0.14"
86.56.197.230 - - [20/Apr/2008:21:27:08 +0200] "GET /modules/tinymce/tinymce/tinymce/jscripts/tiny_mce/themes/advanced/editor_template.js HTTP/1.1" 200 40216 "http://www.railshoster.de/putty_ssh_keygen_public_private_windows" "Mozilla/5.0 (Windows; U; Windows NT 6.0; de; rv:1.8.1.14) Gecko/20080404 Firefox/2.0.0.14"
86.56.197.230 - - [20/Apr/2008:21:27:08 +0200] "GET /modules/tinymce/tinymce/tinymce/jscripts/tiny_mce/themes/advanced/langs/en.js HTTP/1.1" 200 2862 "http://www.railshoster.de/putty_ssh_keygen_public_private_windows" "Mozilla/5.0 (Windows; U; Windows NT 6.0; de; rv:1.8.1.14) Gecko/20080404 Firefox/2.0.0.14"
86.56.197.230 - - [20/Apr/2008:21:27:08 +0200] "GET /modules/tinymce/tinymce/tinymce/jscripts/tiny_mce/langs/en.js HTTP/1.1" 200 1650 "http://www.railshoster.de/putty_ssh_keygen_public_private_windows" "Mozilla/5.0 (Windows; U; Windows NT 6.0; de; rv:1.8.1.14) Gecko/20080404 Firefox/2.0.0.14"
86.56.197.230 - - [20/Apr/2008:21:27:08 +0200] "GET /modules/tinymce/tinymce/tinymce/jscripts/tiny_mce/themes/advanced/css/editor_ui.css HTTP/1.1" 200 7017 "http://www.railshoster.de/putty_ssh_keygen_public_private_windows" "Mozilla/5.0 (Windows; U; Windows NT 6.0; de; rv:1.8.1.14) Gecko/20080404 Firefox/2.0.0.14"
86.56.197.230 - - [20/Apr/2008:21:27:08 +0200] "GET /misc/collapse.js HTTP/1.1" 200 2208 "http://www.railshoster.de/putty_ssh_keygen_public_private_windows" "Mozilla/5.0 (Windows; U; Windows NT 6.0; de; rv:1.8.1.14) Gecko/20080404 Firefox/2.0.0.14"
86.56.197.230 - - [20/Apr/2008:21:27:08 +0200] "GET /files/favicon.ico HTTP/1.1" 200 1406 "-" "Mozilla/5.0 (Windows; U; Windows NT 6.0; de; rv:1.8.1.14) Gecko/20080404 Firefox/2.0.0.14"
86.56.197.230 - - [20/Apr/2008:21:27:08 +0200] "GET /modules/flash_gallery/flash_gallery.css HTTP/1.1" 200 49 "http://www.railshoster.de/putty_ssh_keygen_public_private_windows" "Mozilla/5.0 (Windows; U; Windows NT 6.0; de; rv:1.8.1.14) Gecko/20080404 Firefox/2.0.0.14"
86.56.197.230 - - [20/Apr/2008:21:27:08 +0200] "GET /modules/image/contrib/image_gallery/image_gallery.css HTTP/1.1" 200 491 "http://www.railshoster.de/putty_ssh_keygen_public_private_windows" "Mozilla/5.0 (Windows; U; Windows NT 6.0; de; rv:1.8.1.14) Gecko/20080404 Firefox/2.0.0.14"
86.56.197.230 - - [20/Apr/2008:21:27:09 +0200] "GET /modules/glossary/glossary.css HTTP/1.1" 200 571 "http://www.railshoster.de/putty_ssh_keygen_public_private_windows" "Mozilla/5.0 (Windows; U; Windows NT 6.0; de; rv:1.8.1.14) Gecko/20080404 Firefox/2.0.0.14"
86.56.197.230 - - [20/Apr/2008:21:27:09 +0200] "GET /themes/newsportal/style.css HTTP/1.1" 200 5213 "http://www.railshoster.de/putty_ssh_keygen_public_private_windows" "Mozilla/5.0 (Windows; U; Windows NT 6.0; de; rv:1.8.1.14) Gecko/20080404 Firefox/2.0.0.14"
86.56.197.230 - - [20/Apr/2008:21:27:09 +0200] "GET /misc/webfoundation.css HTTP/1.1" 200 292 "http://www.railshoster.de/putty_ssh_keygen_public_private_windows" "Mozilla/5.0 (Windows; U; Windows NT 6.0; de; rv:1.8.1.14) Gecko/20080404 Firefox/2.0.0.14"
86.56.197.230 - - [20/Apr/2008:21:27:09 +0200] "GET /files/images/generate_public_key_putty_windows.thumbnail.png HTTP/1.1" 200 7012 "http://www.railshoster.de/putty_ssh_keygen_public_private_windows" "Mozilla/5.0 (Windows; U; Windows NT 6.0; de; rv:1.8.1.14) Gecko/20080404 Firefox/2.0.0.14"
86.56.197.230 - - [20/Apr/2008:21:27:09 +0200] "GET /themes/newsportal/images/railshoster.png HTTP/1.1" 200 7264 "http://www.railshoster.de/themes/newsportal/style.css" "Mozilla/5.0 (Windows; U; Windows NT 6.0; de; rv:1.8.1.14) Gecko/20080404 Firefox/2.0.0.14"
